<html>
<body>
<pre>
<h1>µVision Build Log</h1>
<h2>Tool Versions:</h2>
IDE-Version: ¦ÌVision V5.34.0.0
Copyright (C) 2021 ARM Ltd and ARM Germany GmbH. All rights reserved.
License Information: 1 CC, 2, LIC=8VRJ7-EBYX5-QDEKD-8FU92-QS647-CPYRX
 
Tool Versions:
Toolchain:       MDK-ARM Plus  Version: 5.34.0.0
Toolchain Path:  C:\Keil_v5\ARM\ARMCC\Bin
C Compiler:      Armcc.exe V5.06 update 7 (build 960)
Assembler:       Armasm.exe V5.06 update 7 (build 960)
Linker/Locator:  ArmLink.exe V5.06 update 7 (build 960)
Library Manager: ArmAr.exe V5.06 update 7 (build 960)
Hex Converter:   FromElf.exe V5.06 update 7 (build 960)
CPU DLL:         SARMCM3.DLL V5.34.0.0
Dialog DLL:      DCM.DLL V1.17.3.0
Target DLL:      STLink\ST-LINKIII-KEIL_SWO.dll V3.0.8.0
Dialog DLL:      TCM.DLL V1.48.0.0
 
<h2>Project:</h2>
D:\GD32_OTA\GD32F303RCT6_OTA\MDK-ARM\GD32F303RCT6_647.uvprojx
Project File Date:  09/16/2025

<h2>Output:</h2>
*** Using Compiler 'V5.06 update 7 (build 960)', folder: 'C:\Keil_v5\ARM\ARMCC\Bin'
Rebuild target 'GD32F303RCT6_647'
assembling startup_stm32f103xe.s...
compiling i2c.c...
compiling adc.c...
compiling stm32f1xx_hal_msp.c...
compiling tim.c...
compiling gpio.c...
compiling stm32f1xx_it.c...
compiling image_storage.c...
compiling main.c...
../Src/main.c(387): warning:  #940-D: missing return statement at end of non-void function "check_current" 
  }
../Src/main.c: 1 warning, 0 errors
compiling sq10.c...
..\Src\sq10.c(350): warning:  #177-D: variable "rx_buf"  was declared but never referenced
      uint8_t rx_buf[10] = {0};
..\Src\sq10.c(351): warning:  #177-D: variable "timeout"  was declared but never referenced
      uint32_t timeout = 100;
..\Src\sq10.c(352): warning:  #177-D: variable "start_tick"  was declared but never referenced
      uint32_t start_tick;
..\Src\sq10.c: 3 warnings, 0 errors
compiling bmi270.c...
compiling usart.c...
compiling spi.c...
compiling dma.c...
compiling bmi2.c...
compiling can.c...
..\Src\can.c(461): warning:  #177-D: variable "remain"  was declared but never referenced
  						uint8_t remain = frame[0];
..\Src\can.c: 1 warning, 0 errors
compiling tft_data.c...
compiling hg25q256.c...
compiling tft.c...
compiling stm32f1xx_hal_gpio_ex.c...
compiling log.c...
compiling flash.c...
compiling stm32f1xx_hal_tim.c...
compiling stm32f1xx_hal_uart.c...
compiling stm32f1xx_hal_tim_ex.c...
compiling stm32f1xx_hal.c...
compiling stm32f1xx_hal_rcc_ex.c...
compiling stm32f1xx_hal_rcc.c...
compiling stm32f1xx_hal_cortex.c...
compiling stm32f1xx_hal_gpio.c...
compiling stm32f1xx_hal_pwr.c...
compiling stm32f1xx_hal_flash.c...
compiling stm32f1xx_hal_dma.c...
compiling stm32f1xx_hal_exti.c...
compiling stm32f1xx_hal_flash_ex.c...
compiling croutine.c...
compiling stm32f1xx_hal_adc.c...
compiling list.c...
compiling stm32f1xx_hal_adc_ex.c...
compiling event_groups.c...
compiling queue.c...
compiling stm32f1xx_hal_i2s.c...
compiling timers.c...
compiling heap_4.c...
compiling tasks.c...
compiling port.c...
compiling system_stm32f1xx.c...
compiling stm32f1xx_hal_can.c...
compiling stm32f1xx_hal_i2c.c...
compiling stm32f1xx_hal_spi.c...
linking...
Program Size: Code=39968 RO-data=60508 RW-data=292 ZI-data=4924  
After Build - User command #2: fromelf --bin -o "GD32F303RCT6_647\GD32F303RCT6_647.bin" "GD32F303RCT6_647\GD32F303RCT6_647.axf
"GD32F303RCT6_647\GD32F303RCT6_647.axf" - 0 Error(s), 5 Warning(s).

<h2>Software Packages used:</h2>

Package Vendor: ARM
                http://www.keil.com/pack/ARM.CMSIS.5.7.0.pack
                ARM.CMSIS.5.7.0
                CMSIS (Cortex Microcontroller Software Interface Standard)
   * Component: CORE Version: 5.4.0

Package Vendor: GigaDevice
                http://gd32mcu.com/data/documents/pack/GigaDevice.GD32F30x_DFP.2.0.0.pack
                GigaDevice.GD32F30x_DFP.2.0.0
                GigaDevice GD32F30x Series Device Support and Examples

<h2>Collection of Component include folders:</h2>
  .\RTE\_GD32F303RCT6_647
  C:\Users\CC\AppData\Local\Arm\Packs\ARM\CMSIS\5.7.0\CMSIS\Core\Include
  C:\Users\CC\AppData\Local\Arm\Packs\GigaDevice\GD32F30x_DFP\2.0.0\Device\Include

<h2>Collection of Component Files used:</h2>

   * Component: ARM::CMSIS:CORE:5.4.0
Build Time Elapsed:  00:00:10
</pre>
</body>
</html>
