Component: ARM Compiler 5.06 update 7 (build 960) Tool: armlink [4d3601]

==============================================================================

Section Cross References

    startup_stm32f103xe.o(STACK) refers (Special) to heapauxi.o(.text) for __use_two_region_memory
    startup_stm32f103xe.o(HEAP) refers (Special) to heapauxi.o(.text) for __use_two_region_memory
    startup_stm32f103xe.o(RESET) refers (Special) to heapauxi.o(.text) for __use_two_region_memory
    startup_stm32f103xe.o(RESET) refers to startup_stm32f103xe.o(STACK) for __initial_sp
    startup_stm32f103xe.o(RESET) refers to startup_stm32f103xe.o(.text) for Reset_Handler
    startup_stm32f103xe.o(RESET) refers to stm32f1xx_it.o(i.NMI_Handler) for NMI_Handler
    startup_stm32f103xe.o(RESET) refers to stm32f1xx_it.o(i.HardFault_Handler) for HardFault_Handler
    startup_stm32f103xe.o(RESET) refers to stm32f1xx_it.o(i.MemManage_Handler) for MemManage_Handler
    startup_stm32f103xe.o(RESET) refers to stm32f1xx_it.o(i.BusFault_Handler) for BusFault_Handler
    startup_stm32f103xe.o(RESET) refers to stm32f1xx_it.o(i.UsageFault_Handler) for UsageFault_Handler
    startup_stm32f103xe.o(RESET) refers to stm32f1xx_it.o(i.SVC_Handler) for SVC_Handler
    startup_stm32f103xe.o(RESET) refers to stm32f1xx_it.o(i.DebugMon_Handler) for DebugMon_Handler
    startup_stm32f103xe.o(RESET) refers to stm32f1xx_it.o(i.PendSV_Handler) for PendSV_Handler
    startup_stm32f103xe.o(RESET) refers to stm32f1xx_it.o(i.SysTick_Handler) for SysTick_Handler
    startup_stm32f103xe.o(RESET) refers to stm32f1xx_it.o(i.EXTI2_IRQHandler) for EXTI2_IRQHandler
    startup_stm32f103xe.o(RESET) refers to stm32f1xx_it.o(i.DMA1_Channel3_IRQHandler) for DMA1_Channel3_IRQHandler
    startup_stm32f103xe.o(RESET) refers to stm32f1xx_it.o(i.DMA1_Channel4_IRQHandler) for DMA1_Channel4_IRQHandler
    startup_stm32f103xe.o(RESET) refers to stm32f1xx_it.o(i.DMA1_Channel5_IRQHandler) for DMA1_Channel5_IRQHandler
    startup_stm32f103xe.o(RESET) refers to stm32f1xx_it.o(i.USB_LP_CAN1_RX0_IRQHandler) for USB_LP_CAN1_RX0_IRQHandler
    startup_stm32f103xe.o(RESET) refers to stm32f1xx_it.o(i.USART1_IRQHandler) for USART1_IRQHandler
    startup_stm32f103xe.o(RESET) refers to stm32f1xx_it.o(i.USART2_IRQHandler) for USART2_IRQHandler
    startup_stm32f103xe.o(RESET) refers to stm32f1xx_it.o(i.USART3_IRQHandler) for USART3_IRQHandler
    startup_stm32f103xe.o(RESET) refers to stm32f1xx_it.o(i.UART5_IRQHandler) for UART5_IRQHandler
    startup_stm32f103xe.o(RESET) refers to stm32f1xx_it.o(i.TIM6_IRQHandler) for TIM6_IRQHandler
    startup_stm32f103xe.o(RESET) refers to stm32f1xx_it.o(i.TIM7_IRQHandler) for TIM7_IRQHandler
    startup_stm32f103xe.o(.text) refers (Special) to heapauxi.o(.text) for __use_two_region_memory
    startup_stm32f103xe.o(.text) refers to system_stm32f1xx.o(i.SystemInit) for SystemInit
    startup_stm32f103xe.o(.text) refers to __main.o(!!!main) for __main
    startup_stm32f103xe.o(.text) refers to startup_stm32f103xe.o(HEAP) for Heap_Mem
    startup_stm32f103xe.o(.text) refers to startup_stm32f103xe.o(STACK) for Stack_Mem
    main.o(i.HAL_GPIO_EXTI_Callback) refers to stm32f1xx_hal_gpio.o(i.HAL_GPIO_ReadPin) for HAL_GPIO_ReadPin
    main.o(i.HAL_GPIO_EXTI_Callback) refers to stm32f1xx_hal_tim.o(i.HAL_TIM_Base_Stop_IT) for HAL_TIM_Base_Stop_IT
    main.o(i.HAL_GPIO_EXTI_Callback) refers to stm32f1xx_hal_tim.o(i.HAL_TIM_Base_Start_IT) for HAL_TIM_Base_Start_IT
    main.o(i.HAL_GPIO_EXTI_Callback) refers to stm32f1xx_hal.o(.data) for uwTick
    main.o(i.HAL_GPIO_EXTI_Callback) refers to main.o(.data) for .data
    main.o(i.HAL_GPIO_EXTI_Callback) refers to tim.o(.bss) for htim6
    main.o(i.HAL_SPI_RxCpltCallback) refers to hg25q256.o(i.HG25Q256_Disable) for HG25Q256_Disable
    main.o(i.HAL_SPI_RxCpltCallback) refers to hg25q256.o(.data) for dma_transfer_complete
    main.o(i.HAL_SPI_TxCpltCallback) refers to stm32f1xx_hal_gpio.o(i.HAL_GPIO_WritePin) for HAL_GPIO_WritePin
    main.o(i.HAL_SPI_TxCpltCallback) refers to hg25q256.o(.data) for dma_transfer_complete_spi1
    main.o(i.HAL_TIM_PeriodElapsedCallback) refers to stm32f1xx_hal_cortex.o(i.HAL_NVIC_SystemReset) for HAL_NVIC_SystemReset
    main.o(i.HAL_TIM_PeriodElapsedCallback) refers to stm32f1xx_hal_gpio.o(i.HAL_GPIO_TogglePin) for HAL_GPIO_TogglePin
    main.o(i.HAL_TIM_PeriodElapsedCallback) refers to stm32f1xx_hal_tim.o(i.HAL_TIM_Base_Stop_IT) for HAL_TIM_Base_Stop_IT
    main.o(i.HAL_TIM_PeriodElapsedCallback) refers to main.o(.data) for .data
    main.o(i.HAL_TIM_PeriodElapsedCallback) refers to tim.o(.bss) for htim6
    main.o(i.HAL_TIM_PeriodElapsedCallback) refers to sq10.o(.data) for servo_status_check_flag
    main.o(i.HAL_UART_RxCpltCallback) refers to stm32f1xx_hal_uart.o(i.HAL_UART_Receive_IT) for HAL_UART_Receive_IT
    main.o(i.HAL_UART_RxCpltCallback) refers to sq10.o(i.calculate_checksum) for calculate_checksum
[...]
    HAL_CAN_WakeUpFromRxMsgCallback          0x08006fd5   Thumb Code     2  stm32f1xx_hal_can.o(i.HAL_CAN_WakeUpFromRxMsgCallback)
    HAL_DMA_Abort                            0x08006fd7   Thumb Code    70  stm32f1xx_hal_dma.o(i.HAL_DMA_Abort)
    HAL_DMA_Abort_IT                         0x0800701d   Thumb Code   296  stm32f1xx_hal_dma.o(i.HAL_DMA_Abort_IT)
    HAL_DMA_IRQHandler                       0x0800714d   Thumb Code   552  stm32f1xx_hal_dma.o(i.HAL_DMA_IRQHandler)
    HAL_DMA_Init                             0x08007395   Thumb Code   112  stm32f1xx_hal_dma.o(i.HAL_DMA_Init)
    HAL_DMA_Start_IT                         0x08007411   Thumb Code   112  stm32f1xx_hal_dma.o(i.HAL_DMA_Start_IT)
    HAL_Delay                                0x08007481   Thumb Code    32  stm32f1xx_hal.o(i.HAL_Delay)
    HAL_GPIO_EXTI_Callback                   0x080074a5   Thumb Code    74  main.o(i.HAL_GPIO_EXTI_Callback)
    HAL_GPIO_EXTI_IRQHandler                 0x08007501   Thumb Code    18  stm32f1xx_hal_gpio.o(i.HAL_GPIO_EXTI_IRQHandler)
    HAL_GPIO_Init                            0x08007519   Thumb Code   462  stm32f1xx_hal_gpio.o(i.HAL_GPIO_Init)
    HAL_GPIO_ReadPin                         0x08007711   Thumb Code    10  stm32f1xx_hal_gpio.o(i.HAL_GPIO_ReadPin)
    HAL_GPIO_TogglePin                       0x0800771b   Thumb Code    16  stm32f1xx_hal_gpio.o(i.HAL_GPIO_TogglePin)
    HAL_GPIO_WritePin                        0x0800772b   Thumb Code    10  stm32f1xx_hal_gpio.o(i.HAL_GPIO_WritePin)
    HAL_GetTick                              0x08007735   Thumb Code     6  stm32f1xx_hal.o(i.HAL_GetTick)
    HAL_I2C_Init                             0x08007741   Thumb Code   376  stm32f1xx_hal_i2c.o(i.HAL_I2C_Init)
    HAL_I2C_Mem_Read                         0x080078c9   Thumb Code   586  stm32f1xx_hal_i2c.o(i.HAL_I2C_Mem_Read)
    HAL_I2C_Mem_Write                        0x08007b25   Thumb Code   294  stm32f1xx_hal_i2c.o(i.HAL_I2C_Mem_Write)
    HAL_I2C_MspInit                          0x08007c55   Thumb Code    82  i2c.o(i.HAL_I2C_MspInit)
    HAL_IncTick                              0x08007cb5   Thumb Code    12  stm32f1xx_hal.o(i.HAL_IncTick)
    HAL_Init                                 0x08007cc5   Thumb Code    32  stm32f1xx_hal.o(i.HAL_Init)
    HAL_InitTick                             0x08007ce9   Thumb Code    54  stm32f1xx_hal.o(i.HAL_InitTick)
    HAL_MspInit                              0x08007d29   Thumb Code    52  stm32f1xx_hal_msp.o(i.HAL_MspInit)
    HAL_NVIC_EnableIRQ                       0x08007d65   Thumb Code    26  stm32f1xx_hal_cortex.o(i.HAL_NVIC_EnableIRQ)
    HAL_NVIC_SetPriority                     0x08007d81   Thumb Code    60  stm32f1xx_hal_cortex.o(i.HAL_NVIC_SetPriority)
    HAL_NVIC_SetPriorityGrouping             0x08007dc1   Thumb Code    26  stm32f1xx_hal_cortex.o(i.HAL_NVIC_SetPriorityGrouping)
    HAL_NVIC_SystemReset                     0x08007de5   Thumb Code    26  stm32f1xx_hal_cortex.o(i.HAL_NVIC_SystemReset)
    HAL_RCCEx_PeriphCLKConfig                0x08007e09   Thumb Code   224  stm32f1xx_hal_rcc_ex.o(i.HAL_RCCEx_PeriphCLKConfig)
    HAL_RCC_ClockConfig                      0x08007ef5   Thumb Code   280  stm32f1xx_hal_rcc.o(i.HAL_RCC_ClockConfig)
    HAL_RCC_GetPCLK1Freq                     0x08008021   Thumb Code    20  stm32f1xx_hal_rcc.o(i.HAL_RCC_GetPCLK1Freq)
    HAL_RCC_GetPCLK2Freq                     0x08008041   Thumb Code    20  stm32f1xx_hal_rcc.o(i.HAL_RCC_GetPCLK2Freq)
    HAL_RCC_GetSysClockFreq                  0x08008061   Thumb Code    58  stm32f1xx_hal_rcc.o(i.HAL_RCC_GetSysClockFreq)
    HAL_RCC_OscConfig                        0x080080ad   Thumb Code   778  stm32f1xx_hal_rcc.o(i.HAL_RCC_OscConfig)
    HAL_SPI_ErrorCallback                    0x080083cd   Thumb Code     2  stm32f1xx_hal_spi.o(i.HAL_SPI_ErrorCallback)
    HAL_SPI_Init                             0x080083cf   Thumb Code   178  stm32f1xx_hal_spi.o(i.HAL_SPI_Init)
    HAL_SPI_MspInit                          0x08008481   Thumb Code   276  spi.o(i.HAL_SPI_MspInit)
    HAL_SPI_Receive                          0x080085b1   Thumb Code   340  stm32f1xx_hal_spi.o(i.HAL_SPI_Receive)
    HAL_SPI_Receive_DMA                      0x08008705   Thumb Code   216  stm32f1xx_hal_spi.o(i.HAL_SPI_Receive_DMA)
    HAL_SPI_RxCpltCallback                   0x080087e9   Thumb Code    20  main.o(i.HAL_SPI_RxCpltCallback)
    HAL_SPI_RxHalfCpltCallback               0x08008805   Thumb Code     2  stm32f1xx_hal_spi.o(i.HAL_SPI_RxHalfCpltCallback)
    HAL_SPI_Transmit                         0x08008807   Thumb Code   358  stm32f1xx_hal_spi.o(i.HAL_SPI_Transmit)
    HAL_SPI_TransmitReceive                  0x0800896d   Thumb Code   496  stm32f1xx_hal_spi.o(i.HAL_SPI_TransmitReceive)
    HAL_SPI_TransmitReceive_DMA              0x08008b5d   Thumb Code   252  stm32f1xx_hal_spi.o(i.HAL_SPI_TransmitReceive_DMA)
    HAL_SPI_Transmit_DMA                     0x08008c6d   Thumb Code   190  stm32f1xx_hal_spi.o(i.HAL_SPI_Transmit_DMA)
    HAL_SPI_TxCpltCallback                   0x08008d39   Thumb Code    42  main.o(i.HAL_SPI_TxCpltCallback)
    HAL_SPI_TxHalfCpltCallback               0x08008d79   Thumb Code     2  stm32f1xx_hal_spi.o(i.HAL_SPI_TxHalfCpltCallback)
    HAL_SPI_TxRxCpltCallback                 0x08008d7b   Thumb Code     2  stm32f1xx_hal_spi.o(i.HAL_SPI_TxRxCpltCallback)
    HAL_SPI_TxRxHalfCpltCallback             0x08008d7d   Thumb Code     2  stm32f1xx_hal_spi.o(i.HAL_SPI_TxRxHalfCpltCallback)
    HAL_SYSTICK_Config                       0x08008d7f   Thumb Code    40  stm32f1xx_hal_cortex.o(i.HAL_SYSTICK_Config)
    HAL_TIMEx_BreakCallback                  0x08008da7   Thumb Code     2  stm32f1xx_hal_tim_ex.o(i.HAL_TIMEx_BreakCallback)
    HAL_TIMEx_CommutCallback                 0x08008da9   Thumb Code     2  stm32f1xx_hal_tim_ex.o(i.HAL_TIMEx_CommutCallback)
    HAL_TIMEx_MasterConfigSynchronization    0x08008dad   Thumb Code   104  stm32f1xx_hal_tim_ex.o(i.HAL_TIMEx_MasterConfigSynchronization)
    HAL_TIM_Base_Init                        0x08008e29   Thumb Code    90  stm32f1xx_hal_tim.o(i.HAL_TIM_Base_Init)
    HAL_TIM_Base_MspInit                     0x08008e85   Thumb Code    92  tim.o(i.HAL_TIM_Base_MspInit)
    HAL_TIM_Base_Start_IT                    0x08008eed   Thumb Code    88  stm32f1xx_hal_tim.o(i.HAL_TIM_Base_Start_IT)
    HAL_TIM_Base_Stop_IT                     0x08008f59   Thumb Code    48  stm32f1xx_hal_tim.o(i.HAL_TIM_Base_Stop_IT)
    HAL_TIM_IC_CaptureCallback               0x08008f89   Thumb Code     2  stm32f1xx_hal_tim.o(i.HAL_TIM_IC_CaptureCallback)
    HAL_TIM_IRQHandler                       0x08008f8b   Thumb Code   304  stm32f1xx_hal_tim.o(i.HAL_TIM_IRQHandler)
    HAL_TIM_OC_DelayElapsedCallback          0x080090bb   Thumb Code     2  stm32f1xx_hal_tim.o(i.HAL_TIM_OC_DelayElapsedCallback)
    HAL_TIM_PWM_PulseFinishedCallback        0x080090bd   Thumb Code     2  stm32f1xx_hal_tim.o(i.HAL_TIM_PWM_PulseFinishedCallback)
    HAL_TIM_PeriodElapsedCallback            0x080090c1   Thumb Code   106  main.o(i.HAL_TIM_PeriodElapsedCallback)
    HAL_TIM_TriggerCallback                  0x08009145   Thumb Code     2  stm32f1xx_hal_tim.o(i.HAL_TIM_TriggerCallback)
    HAL_UARTEx_RxEventCallback               0x08009147   Thumb Code     2  stm32f1xx_hal_uart.o(i.HAL_UARTEx_RxEventCallback)
    HAL_UART_DMAStop                         0x08009149   Thumb Code   112  stm32f1xx_hal_uart.o(i.HAL_UART_DMAStop)
    HAL_UART_ErrorCallback                   0x080091b9   Thumb Code     2  stm32f1xx_hal_uart.o(i.HAL_UART_ErrorCallback)
    HAL_UART_IRQHandler                      0x080091bd   Thumb Code   616  stm32f1xx_hal_uart.o(i.HAL_UART_IRQHandler)
    HAL_UART_Init                            0x08009429   Thumb Code   100  stm32f1xx_hal_uart.o(i.HAL_UART_Init)
    HAL_UART_MspInit                         0x0800948d   Thumb Code   408  usart.o(i.HAL_UART_MspInit)
    HAL_UART_Receive_DMA                     0x08009649   Thumb Code    28  stm32f1xx_hal_uart.o(i.HAL_UART_Receive_DMA)
    HAL_UART_Receive_IT                      0x08009665   Thumb Code    28  stm32f1xx_hal_uart.o(i.HAL_UART_Receive_IT)
    HAL_UART_RxCpltCallback                  0x08009681   Thumb Code   182  main.o(i.HAL_UART_RxCpltCallback)
    HAL_UART_RxHalfCpltCallback              0x08009769   Thumb Code     2  stm32f1xx_hal_uart.o(i.HAL_UART_RxHalfCpltCallback)
    HAL_UART_Transmit                        0x0800976b   Thumb Code   160  stm32f1xx_hal_uart.o(i.HAL_UART_Transmit)
    HAL_UART_TxCpltCallback                  0x0800980b   Thumb Code     2  main.o(i.HAL_UART_TxCpltCallback)
    HG25Q256_Disable                         0x0800980d   Thumb Code    10  hg25q256.o(i.HG25Q256_Disable)
    HG25Q256_Enable                          0x0800981d   Thumb Code    12  hg25q256.o(i.HG25Q256_Enable)
    HG25Q256_Erase_Sector                    0x0800982d   Thumb Code    56  hg25q256.o(i.HG25Q256_Erase_Sector)
    HG25Q256_ReadSR                          0x08009865   Thumb Code    26  hg25q256.o(i.HG25Q256_ReadSR)
    HG25Q256_Read_Data                       0x0800987f   Thumb Code    66  hg25q256.o(i.HG25Q256_Read_Data)
    HG25Q256_Read_Data_DMA                   0x080098c1   Thumb Code   108  hg25q256.o(i.HG25Q256_Read_Data_DMA)
    HG25Q256_Send_Data_DMA                   0x08009939   Thumb Code   102  hg25q256.o(i.HG25Q256_Send_Data_DMA)
    HG25Q256_Wait_Busy                       0x080099ad   Thumb Code    14  hg25q256.o(i.HG25Q256_Wait_Busy)
    HG25Q256_Write_Enable                    0x080099bb   Thumb Code    20  hg25q256.o(i.HG25Q256_Write_Enable)
    HardFault_Handler                        0x080099d1   Thumb Code     8  stm32f1xx_it.o(i.HardFault_Handler)
    Log                                      0x08009e29   Thumb Code   110  main.o(i.Log)
    Log_StorageInit                          0x08009f19   Thumb Code    76  log.o(i.Log_StorageInit)
    Log_UpdateWriteAddr                      0x08009f69   Thumb Code    46  log.o(i.Log_UpdateWriteAddr)
    Log_WriteToFlash_DMA                     0x08009f9d   Thumb Code   180  log.o(i.Log_WriteToFlash_DMA)
    MX_ADC1_Init                             0x0800a059   Thumb Code    70  adc.o(i.MX_ADC1_Init)
    MX_BMI270_Init                           0x0800a0a9   Thumb Code   138  bmi270.o(i.MX_BMI270_Init)
    MX_CAN_Init                              0x0800a14d   Thumb Code   110  can.o(i.MX_CAN_Init)
    MX_DMA_Init                              0x0800a1c5   Thumb Code    72  dma.o(i.MX_DMA_Init)
    MX_GPIO_Init                             0x0800a211   Thumb Code   308  gpio.o(i.MX_GPIO_Init)
    MX_I2C2_Init                             0x0800a359   Thumb Code    50  i2c.o(i.MX_I2C2_Init)
    MX_SPI1_Init                             0x0800a399   Thumb Code    60  spi.o(i.MX_SPI1_Init)
    MX_SPI2_Init                             0x0800a3dd   Thumb Code    62  spi.o(i.MX_SPI2_Init)
    MX_TIM6_Init                             0x0800a425   Thumb Code    64  tim.o(i.MX_TIM6_Init)
    MX_TIM7_Init                             0x0800a46d   Thumb Code    62  tim.o(i.MX_TIM7_Init)
    MX_UART5_Init                            0x0800a4b5   Thumb Code    48  usart.o(i.MX_UART5_Init)
    MX_USART1_UART_Init                      0x0800a4ed   Thumb Code    48  usart.o(i.MX_USART1_UART_Init)
    MX_USART2_UART_Init                      0x0800a525   Thumb Code    48  usart.o(i.MX_USART2_UART_Init)
    MX_USART3_UART_Init                      0x0800a55d   Thumb Code    48  usart.o(i.MX_USART3_UART_Init)
    MemManage_Handler                        0x0800a595   Thumb Code     2  stm32f1xx_it.o(i.MemManage_Handler)
    NMI_Handler                              0x0800a597   Thumb Code     2  stm32f1xx_it.o(i.NMI_Handler)
    PendSV_Handler                           0x0800a599   Thumb Code     4  stm32f1xx_it.o(i.PendSV_Handler)
    Picture_Display                          0x0800a59d   Thumb Code    40  tft.o(i.Picture_Display)
    SPI_SendByte                             0x0800a7bd   Thumb Code    92  tft.o(i.SPI_SendByte)
    SVC_Handler                              0x0800a8d5   Thumb Code     4  stm32f1xx_it.o(i.SVC_Handler)
    SysTick_Handler                          0x0800a8d9   Thumb Code     4  stm32f1xx_it.o(i.SysTick_Handler)
    SystemClock_Config                       0x0800a8dd   Thumb Code   122  main.o(i.SystemClock_Config)
    SystemInit                               0x0800a959   Thumb Code     8  system_stm32f1xx.o(i.SystemInit)
    TFT_SEND_CMD                             0x0800a969   Thumb Code    26  tft.o(i.TFT_SEND_CMD)
    TFT_SEND_DATA                            0x0800a989   Thumb Code    24  tft.o(i.TFT_SEND_DATA)
    TFT_SET_ADD                              0x0800a9a5   Thumb Code    82  tft.o(i.TFT_SET_ADD)
    TFT_init                                 0x0800a9f9   Thumb Code  1190  tft.o(i.TFT_init)
    TIM6_IRQHandler                          0x0800aea1   Thumb Code     6  stm32f1xx_it.o(i.TIM6_IRQHandler)
    TIM7_IRQHandler                          0x0800aead   Thumb Code     6  stm32f1xx_it.o(i.TIM7_IRQHandler)
    TIM_Base_SetConfig                       0x0800aeb9   Thumb Code   134  stm32f1xx_hal_tim.o(i.TIM_Base_SetConfig)
    UART5_IRQHandler                         0x0800af55   Thumb Code    66  stm32f1xx_it.o(i.UART5_IRQHandler)
    UART_Start_Receive_DMA                   0x0800b28d   Thumb Code   130  stm32f1xx_hal_uart.o(i.UART_Start_Receive_DMA)
    UART_Start_Receive_IT                    0x0800b31d   Thumb Code    54  stm32f1xx_hal_uart.o(i.UART_Start_Receive_IT)
    USART1_IRQHandler                        0x0800b3c5   Thumb Code     6  stm32f1xx_it.o(i.USART1_IRQHandler)
    USART2_IRQHandler                        0x0800b3d1   Thumb Code     6  stm32f1xx_it.o(i.USART2_IRQHandler)
    USART3_IRQHandler                        0x0800b3dd   Thumb Code     6  stm32f1xx_it.o(i.USART3_IRQHandler)
    USB_LP_CAN1_RX0_IRQHandler               0x0800b3e9   Thumb Code     6  stm32f1xx_it.o(i.USB_LP_CAN1_RX0_IRQHandler)
    UsageFault_Handler                       0x0800b3f5   Thumb Code     2  stm32f1xx_it.o(i.UsageFault_Handler)
    __ARM_fpclassify                         0x0800b3f7   Thumb Code    40  fpclassify.o(i.__ARM_fpclassify)
    _is_digit                                0x0800b43f   Thumb Code    14  __printf_wp.o(i._is_digit)
    bmi270_init                              0x0800b44d   Thumb Code   102  bmi270.o(i.bmi270_init)
    bmi270_read_id                           0x0800b4c1   Thumb Code    36  bmi270.o(i.bmi270_read_id)
    bmi2_extract_input_feat_config           0x0800b4e5   Thumb Code    54  bmi2.o(i.bmi2_extract_input_feat_config)
    bmi2_get_feat_config                     0x0800b51b   Thumb Code   160  bmi2.o(i.bmi2_get_feat_config)
    bmi2_get_feature_data                    0x0800b5bb   Thumb Code   132  bmi2.o(i.bmi2_get_feature_data)
    bmi2_get_gyro_cross_sense                0x0800b63f   Thumb Code    64  bmi2.o(i.bmi2_get_gyro_cross_sense)
    bmi2_get_internal_status                 0x0800b67f   Thumb Code    48  bmi2.o(i.bmi2_get_internal_status)
    bmi2_get_regs                            0x0800b6af   Thumb Code   126  bmi2.o(i.bmi2_get_regs)
    bmi2_get_sensor_config                   0x0800b72d   Thumb Code   276  bmi2.o(i.bmi2_get_sensor_config)
    bmi2_get_status                          0x0800b841   Thumb Code    38  bmi2.o(i.bmi2_get_status)
    bmi2_map_data_int                        0x0800b867   Thumb Code   118  bmi2.o(i.bmi2_map_data_int)
    bmi2_sec_init                            0x0800b8dd   Thumb Code   114  bmi2.o(i.bmi2_sec_init)
    bmi2_sensor_enable                       0x0800b955   Thumb Code    56  bmi2.o(i.bmi2_sensor_enable)
    bmi2_set_adv_power_save                  0x0800b98d   Thumb Code    84  bmi2.o(i.bmi2_set_adv_power_save)
    bmi2_set_regs                            0x0800b9e1   Thumb Code   156  bmi2.o(i.bmi2_set_regs)
    bmi2_set_sensor_config                   0x0800ba7d   Thumb Code   166  bmi2.o(i.bmi2_set_sensor_config)
    bmi2_soft_reset                          0x0800bb23   Thumb Code    96  bmi2.o(i.bmi2_soft_reset)
    bmi2_write_config_file                   0x0800bb83   Thumb Code    96  bmi2.o(i.bmi2_write_config_file)
    bmi_delayUs                              0x0800bbe3   Thumb Code    16  bmi270.o(i.bmi_delayUs)
    calculate_checksum                       0x0800bbf5   Thumb Code    48  sq10.o(i.calculate_checksum)
    can_queue_pop                            0x0800bc29   Thumb Code    78  can.o(i.can_queue_pop)
    can_queue_push                           0x0800bc77   Thumb Code   120  can.o(i.can_queue_push)
    fputc                                    0x0800bfe5   Thumb Code    20  usart.o(i.fputc)
    getADC1                                  0x0800bffd   Thumb Code    18  adc.o(i.getADC1)
    hg25q256mw_read_id                       0x0800c281   Thumb Code    72  hg25q256.o(i.hg25q256mw_read_id)
    main                                     0x0800c2cd   Thumb Code   616  main.o(i.main)
    ota_flash_write                          0x0800c681   Thumb Code   144  flash.o(i.ota_flash_write)
    parse_servo_response                     0x0800c7d9   Thumb Code   388  sq10.o(i.parse_servo_response)
    process_can_queue                        0x0800cb7d   Thumb Code  1496  can.o(i.process_can_queue)
    read_start_mode                          0x0800d175   Thumb Code     6  flash.o(i.read_start_mode)
    spi2_Receive_one_byte                    0x0800d4f5   Thumb Code    22  hg25q256.o(i.spi2_Receive_one_byte)
    spi2_Transmit_one_byte                   0x0800d511   Thumb Code    18  hg25q256.o(i.spi2_Transmit_one_byte)
    string_to_hex                            0x0800d529   Thumb Code    74  main.o(i.string_to_hex)
    user_i2c_read                            0x0800d5b5   Thumb Code    34  bmi270.o(i.user_i2c_read)
    user_i2c_write                           0x0800d5dd   Thumb Code    34  bmi270.o(i.user_i2c_write)
    uxListRemove                             0x0800d605   Thumb Code    36  list.o(i.uxListRemove)
    vListInsertEnd                           0x0800d629   Thumb Code    24  list.o(i.vListInsertEnd)
    vTaskSwitchContext                       0x0800d641   Thumb Code    60  tasks.o(i.vTaskSwitchContext)
    write_start_mode                         0x0800d741   Thumb Code    38  flash.o(i.write_start_mode)
    xPortSysTickHandler                      0x0800d789   Thumb Code    38  port.o(i.xPortSysTickHandler)
    xTaskIncrementTick                       0x0800d7b5   Thumb Code   170  tasks.o(i.xTaskIncrementTick)
    xor_checksum                             0x0800d869   Thumb Code    18  can.o(i.xor_checksum)
    _get_lc_ctype                            0x0800d87d   Thumb Code    44  lc_ctype_c.o(locale$$code)
    _get_lc_numeric                          0x0800d8a9   Thumb Code    44  lc_numeric_c.o(locale$$code)
    __aeabi_d2f                              0x0800d8d5   Thumb Code     0  d2f.o(x$fpl$d2f)
    _d2f                                     0x0800d8d5   Thumb Code    98  d2f.o(x$fpl$d2f)
    __fpl_dcheck_NaN1                        0x0800d939   Thumb Code    10  dcheck1.o(x$fpl$dcheck1)
    __aeabi_ui2d                             0x0800d949   Thumb Code     0  dflt_clz.o(x$fpl$dfltu)
    _dfltu                                   0x0800d949   Thumb Code    38  dflt_clz.o(x$fpl$dfltu)
    __aeabi_dmul                             0x0800d971   Thumb Code     0  dmul.o(x$fpl$dmul)
    _dmul                                    0x0800d971   Thumb Code   332  dmul.o(x$fpl$dmul)
    __fpl_dnaninf                            0x0800dac5   Thumb Code   156  dnaninf.o(x$fpl$dnaninf)
    __fpl_dretinf                            0x0800db61   Thumb Code    12  dretinf.o(x$fpl$dretinf)
    __aeabi_f2d                              0x0800db6d   Thumb Code     0  f2d.o(x$fpl$f2d)
    _f2d                                     0x0800db6d   Thumb Code    86  f2d.o(x$fpl$f2d)
    __fpl_fnaninf                            0x0800dbc3   Thumb Code   140  fnaninf.o(x$fpl$fnaninf)
    __fpl_fretinf                            0x0800dc4f   Thumb Code    10  fretinf.o(x$fpl$fretinf)
    _printf_fp_dec                           0x0800dc59   Thumb Code     4  printf1.o(x$fpl$printf1)
    _printf_fp_hex                           0x0800dc5d   Thumb Code     4  printf2.o(x$fpl$printf2)
    __fpl_return_NaN                         0x0800dc61   Thumb Code   100  retnan.o(x$fpl$retnan)
    __ARM_scalbn                             0x0800dcc5   Thumb Code    92  scalbn.o(x$fpl$scalbn)
    __fpl_cmpreturn                          0x0800dd21   Thumb Code    48  trapv.o(x$fpl$trapveneer)
    __I$use$fp                               0x0800dd50   Number         0  usenofp.o(x$fpl$usenofp)
    bmi270_config_file                       0x0800dd58   Data        8192  bmi270.o(.constdata)
    bmi270_feat_in                           0x0800fd58   Data          51  bmi270.o(.constdata)
    bmi270_feat_out                          0x0800fd8b   Data          21  bmi270.o(.constdata)
    gImage_1                                 0x0800fdee   Data       51200  tft_data.o(.constdata)
    AHBPrescTable                            0x0801c61a   Data          16  system_stm32f1xx.o(.constdata)
    APBPrescTable                            0x0801c62a   Data           8  system_stm32f1xx.o(.constdata)
    Region$$Table$$Base                      0x0801c730   Number         0  anon$$obj.o(Region$$Table)
    Region$$Table$$Limit                     0x0801c750   Number         0  anon$$obj.o(Region$$Table)
    __ctype                                  0x0801c75d   Data           0  lc_ctype_c.o(locale$$data)
    uart1_rx_cnt                             0x20000000   Data           1  main.o(.data)
    uart1_rx_flag                            0x20000001   Data           1  main.o(.data)
    rx_frame_index                           0x20000002   Data           1  main.o(.data)
    key_state                                0x20000003   Data           1  main.o(.data)
    power_state                              0x20000004   Data           1  main.o(.data)
    uart1_ch                                 0x20000005   Data           1  main.o(.data)
    uart5_ch                                 0x20000006   Data           1  main.o(.data)
    bmi_id                                   0x20000007   Data           1  main.o(.data)
    hg25q256_id                              0x20000008   Data           2  main.o(.data)
    uwTick_Key_Set_Point                     0x2000000c   Data           4  main.o(.data)
    adc_value                                0x20000010   Data           4  main.o(.data)
    i                                        0x20000014   Data           4  main.o(.data)
    adc_len                                  0x20000018   Data           4  main.o(.data)
    recv_end_flag_huart5                     0x2000001c   Data           1  main.o(.data)
    __stdout                                 0x20000020   Data           4  usart.o(.data)
    bmi270_map_int                           0x20000024   Data          16  bmi270.o(.data)
    g_checksum                               0x20000035   Data           1  sq10.o(.data)
    posframe_checksum                        0x20000036   Data           1  sq10.o(.data)
    position                                 0x20000038   Data           2  sq10.o(.data)
    cur_current                              0x2000003a   Data           2  sq10.o(.data)
    servoIDs                                 0x20000040   Data           6  sq10.o(.data)
    emergency_flags                          0x20000046   Data           6  sq10.o(.data)
    servo_status                             0x2000004c   Data           6  sq10.o(.data)
    setID_array                              0x20000052   Data           7  sq10.o(.data)
    angle_speed                              0x20000059   Data          54  sq10.o(.data)
    servo_status_check_flag                  0x2000008f   Data           1  sq10.o(.data)
    update_servo                             0x20000090   Data           6  sq10.o(.data)
    error_frame_num                          0x20000098   Data           1  can.o(.data)
    recv_error_flag                          0x20000099   Data           1  can.o(.data)
    ota_status                               0x2000009a   Data           1  can.o(.data)
    ota_pending_request                      0x2000009b   Data           1  can.o(.data)
    RxLength                                 0x2000009c   Data           1  can.o(.data)
    TxID                                     0x200000a0   Data           4  can.o(.data)
    ota_total_len                            0x200000a4   Data           4  can.o(.data)
    ota_recv_len                             0x200000a8   Data           4  can.o(.data)
    RxID                                     0x200000b0   Data           4  can.o(.data)
    txdata                                   0x200000b4   Data           8  can.o(.data)
    rxdata                                   0x200000bc   Data           8  can.o(.data)
    dma_transfer_complete                    0x200000c4   Data           1  hg25q256.o(.data)
    dma_transfer_complete_spi1               0x200000c5   Data           1  hg25q256.o(.data)
    display_blocks                           0x200000c8   Data           4  hg25q256.o(.data)
    g_log_storage_full                       0x200000cc   Data           1  log.o(.data)
    g_log_current_addr                       0x200000d0   Data           4  log.o(.data)
    g_trigger_log_send                       0x200000d4   Data           1  log.o(.data)
    uwTickFreq                               0x200000d8   Data           1  stm32f1xx_hal.o(.data)
    uwTickPrio                               0x200000dc   Data           4  stm32f1xx_hal.o(.data)
    uwTick                                   0x200000e0   Data           4  stm32f1xx_hal.o(.data)
    SystemCoreClock                          0x200000e4   Data           4  system_stm32f1xx.o(.data)
    pxCurrentTCB                             0x200000e8   Data           4  tasks.o(.data)
    uart1_rxbuf                              0x20000124   Data          40  main.o(.bss)
    uart5_txbuf                              0x2000014c   Data          40  main.o(.bss)
    adc_buffer                               0x20000174   Data          50  main.o(.bss)
    rx_frame                                 0x200001a6   Data          64  main.o(.bss)
    huart5                                   0x200001e8   Data          72  usart.o(.bss)
    huart2                                   0x20000230   Data          72  usart.o(.bss)
    huart3                                   0x20000278   Data          72  usart.o(.bss)
    huart1                                   0x200002c0   Data          72  usart.o(.bss)
    hadc1                                    0x20000308   Data          48  adc.o(.bss)
    hi2c2                                    0x20000338   Data          84  i2c.o(.bss)
    bmi                                      0x20000390   Data         104  bmi270.o(.bss)
    htim6                                    0x200003f8   Data          72  tim.o(.bss)
    htim7                                    0x20000440   Data          72  tim.o(.bss)
    canQueue                                 0x20000488   Data        1212  can.o(.bss)
    hcan                                     0x20000944   Data          40  can.o(.bss)
    txHeader                                 0x2000096c   Data          24  can.o(.bss)
    rxHeader                                 0x20000984   Data          28  can.o(.bss)
    hspi1                                    0x200009a0   Data          88  spi.o(.bss)
    hspi2                                    0x200009f8   Data          88  spi.o(.bss)
    hdma_spi1_tx                             0x20000a50   Data          68  spi.o(.bss)
    hdma_spi2_rx                             0x20000a94   Data          68  spi.o(.bss)
    hdma_spi2_tx                             0x20000ad8   Data          68  spi.o(.bss)
    __libspace_start                         0x20000e00   Data          96  libspace.o(.bss)
    __temporary_stack_top$libspace           0x20000e60   Data           0  libspace.o(.bss)



==============================================================================

Memory Map of the image

  Image Entry point : 0x08004131

  Load Region LR_IROM1 (Base: 0x08004000, Size: 0x000189a0, Max: 0x00020000, ABSOLUTE)

    Execution Region ER_IROM1 (Exec base: 0x08004000, Load base: 0x08004000, Size: 0x0001887c, Max: 0x00020000, ABSOLUTE)

    Exec Addr    Load Addr    Size         Type   Attr      Idx    E Section Name        Object

    0x08004000   0x08004000   0x00000130   Data   RO            3    RESET               startup_stm32f103xe.o
    0x08004130   0x08004130   0x00000008   Code   RO         7475  * !!!main             c_w.l(__main.o)
    0x08004138   0x08004138   0x00000034   Code   RO         7788    !!!scatter          c_w.l(__scatter.o)
    0x0800416c   0x0800416c   0x0000001a   Code   RO         7790    !!handler_copy      c_w.l(__scatter_copy.o)
    0x08004186   0x08004186   0x00000002   PAD
    0x08004188   0x08004188   0x0000001c   Code   RO         7792    !!handler_zi        c_w.l(__scatter_zi.o)
    0x080041a4   0x080041a4   0x00000000   Code   RO         7458    .ARM.Collect$$_printf_percent$$00000000  c_w.l(_printf_percent.o)
    0x080041a4   0x080041a4   0x00000006   Code   RO         7531    .ARM.Collect$$_printf_percent$$00000001  c_w.l(_printf_n.o)
    0x080041aa   0x080041aa   0x00000006   Code   RO         7532    .ARM.Collect$$_printf_percent$$00000002  c_w.l(_printf_p.o)
    0x080041b0   0x080041b0   0x00000006   Code   RO         7457    .ARM.Collect$$_printf_percent$$00000003  c_w.l(_printf_f.o)
    0x080041b6   0x080041b6   0x00000006   Code   RO         7535    .ARM.Collect$$_printf_percent$$00000004  c_w.l(_printf_e.o)
    0x080041bc   0x080041bc   0x00000006   Code   RO         7536    .ARM.Collect$$_printf_percent$$00000005  c_w.l(_printf_g.o)
    0x080041c2   0x080041c2   0x00000006   Code   RO         7537    .ARM.Collect$$_printf_percent$$00000006  c_w.l(_printf_a.o)
    0x080041c8   0x080041c8   0x0000000a   Code   RO         7542    .ARM.Collect$$_printf_percent$$00000007  c_w.l(_printf_ll.o)
    0x080041d2   0x080041d2   0x00000006   Code   RO         7534    .ARM.Collect$$_printf_percent$$00000008  c_w.l(_printf_i.o)
    0x080041d8   0x080041d8   0x00000006   Code   RO         7455    .ARM.Collect$$_printf_percent$$00000009  c_w.l(_printf_d.o)
    0x080041de   0x080041de   0x00000006   Code   RO         7456    .ARM.Collect$$_printf_percent$$0000000A  c_w.l(_printf_u.o)
    0x080041e4   0x080041e4   0x00000006   Code   RO         7533    .ARM.Collect$$_printf_percent$$0000000B  c_w.l(_printf_o.o)
    0x080041ea   0x080041ea   0x00000006   Code   RO         7454    .ARM.Collect$$_printf_percent$$0000000C  c_w.l(_printf_x.o)
    0x080041f0   0x080041f0   0x00000006   Code   RO         7539    .ARM.Collect$$_printf_percent$$0000000D  c_w.l(_printf_lli.o)
    0x080041f6   0x080041f6   0x00000006   Code   RO         7540    .ARM.Collect$$_printf_percent$$0000000E  c_w.l(_printf_lld.o)
    0x080041fc   0x080041fc   0x00000006   Code   RO         7541    .ARM.Collect$$_printf_percent$$0000000F  c_w.l(_printf_llu.o)
    0x08004202   0x08004202   0x00000006   Code   RO         7546    .ARM.Collect$$_printf_percent$$00000010  c_w.l(_printf_llo.o)
    0x08004208   0x08004208   0x00000006   Code   RO         7547    .ARM.Collect$$_printf_percent$$00000011  c_w.l(_printf_llx.o)
    0x0800420e   0x0800420e   0x0000000a   Code   RO         7543    .ARM.Collect$$_printf_percent$$00000012  c_w.l(_printf_l.o)
    0x08004218   0x08004218   0x00000006   Code   RO         7530    .ARM.Collect$$_printf_percent$$00000013  c_w.l(_printf_c.o)
    0x0800421e   0x0800421e   0x00000006   Code   RO         7453    .ARM.Collect$$_printf_percent$$00000014  c_w.l(_printf_s.o)
    0x08004224   0x08004224   0x00000006   Code   RO         7544    .ARM.Collect$$_printf_percent$$00000015  c_w.l(_printf_lc.o)
    0x0800422a   0x0800422a   0x00000006   Code   RO         7545    .ARM.Collect$$_printf_percent$$00000016  c_w.l(_printf_ls.o)
    0x08004230   0x08004230   0x00000004   Code   RO         7538    .ARM.Collect$$_printf_percent$$00000017  c_w.l(_printf_percent_end.o)
    0x08004234   0x08004234   0x00000002   Code   RO         7657    .ARM.Collect$$libinit$$00000000  c_w.l(libinit.o)
    0x08004236   0x08004236   0x00000000   Code   RO         7659    .ARM.Collect$$libinit$$00000002  c_w.l(libinit2.o)
    0x08004236   0x08004236   0x00000000   Code   RO         7661    .ARM.Collect$$libinit$$00000004  c_w.l(libinit2.o)
    0x08004236   0x08004236   0x00000000   Code   RO         7664    .ARM.Collect$$libinit$$0000000A  c_w.l(libinit2.o)
    0x08004236   0x08004236   0x00000000   Code   RO         7666    .ARM.Collect$$libinit$$0000000C  c_w.l(libinit2.o)
    0x08004236   0x08004236   0x00000000   Code   RO         7668    .ARM.Collect$$libinit$$0000000E  c_w.l(libinit2.o)
    0x08004236   0x08004236   0x00000006   Code   RO         7669    .ARM.Collect$$libinit$$0000000F  c_w.l(libinit2.o)
    0x0800423c   0x0800423c   0x00000000   Code   RO         7671    .ARM.Collect$$libinit$$00000011  c_w.l(libinit2.o)
    0x0800423c   0x0800423c   0x0000000c   Code   RO         7672    .ARM.Collect$$libinit$$00000012  c_w.l(libinit2.o)
    0x08004248   0x08004248   0x00000000   Code   RO         7673    .ARM.Collect$$libinit$$00000013  c_w.l(libinit2.o)
    0x08004248   0x08004248   0x00000000   Code   RO         7675    .ARM.Collect$$libinit$$00000015  c_w.l(libinit2.o)
    0x08004248   0x08004248   0x0000000a   Code   RO         7676    .ARM.Collect$$libinit$$00000016  c_w.l(libinit2.o)
    0x08004252   0x08004252   0x00000000   Code   RO         7677    .ARM.Collect$$libinit$$00000017  c_w.l(libinit2.o)
    0x08004252   0x08004252   0x00000000   Code   RO         7679    .ARM.Collect$$libinit$$00000019  c_w.l(libinit2.o)
    0x08004252   0x08004252   0x00000000   Code   RO         7681    .ARM.Collect$$libinit$$0000001B  c_w.l(libinit2.o)
    0x08004252   0x08004252   0x00000000   Code   RO         7683    .ARM.Collect$$libinit$$0000001D  c_w.l(libinit2.o)
    0x08004252   0x08004252   0x00000000   Code   RO         7685    .ARM.Collect$$libinit$$0000001F  c_w.l(libinit2.o)
    0x08004252   0x08004252   0x00000000   Code   RO         7687    .ARM.Collect$$libinit$$00000021  c_w.l(libinit2.o)
    0x08004252   0x08004252   0x00000000   Code   RO         7689    .ARM.Collect$$libinit$$00000023  c_w.l(libinit2.o)
    0x08004252   0x08004252   0x00000000   Code   RO         7691    .ARM.Collect$$libinit$$00000025  c_w.l(libinit2.o)
    0x08004252   0x08004252   0x00000000   Code   RO         7695    .ARM.Collect$$libinit$$0000002C  c_w.l(libinit2.o)
    0x08004252   0x08004252   0x00000000   Code   RO         7697    .ARM.Collect$$libinit$$0000002E  c_w.l(libinit2.o)
    0x08004252   0x08004252   0x00000000   Code   RO         7699    .ARM.Collect$$libinit$$00000030  c_w.l(libinit2.o)
    0x08004252   0x08004252   0x00000000   Code   RO         7701    .ARM.Collect$$libinit$$00000032  c_w.l(libinit2.o)
    0x08004252   0x08004252   0x00000002   Code   RO         7702    .ARM.Collect$$libinit$$00000033  c_w.l(libinit2.o)
    0x08004254   0x08004254   0x00000002   Code   RO         7734    .ARM.Collect$$libshutdown$$00000000  c_w.l(libshutdown.o)
    0x08004256   0x08004256   0x00000000   Code   RO         7745    .ARM.Collect$$libshutdown$$00000002  c_w.l(libshutdown2.o)
    0x08004256   0x08004256   0x00000000   Code   RO         7747    .ARM.Collect$$libshutdown$$00000004  c_w.l(libshutdown2.o)
    0x08004256   0x08004256   0x00000000   Code   RO         7749    .ARM.Collect$$libshutdown$$00000006  c_w.l(libshutdown2.o)
    0x08004256   0x08004256   0x00000000   Code   RO         7752    .ARM.Collect$$libshutdown$$00000009  c_w.l(libshutdown2.o)
    0x08004256   0x08004256   0x00000000   Code   RO         7755    .ARM.Collect$$libshutdown$$0000000C  c_w.l(libshutdown2.o)
    0x08004256   0x08004256   0x00000000   Code   RO         7757    .ARM.Collect$$libshutdown$$0000000E  c_w.l(libshutdown2.o)
    0x08004256   0x08004256   0x00000000   Code   RO         7760    .ARM.Collect$$libshutdown$$00000011  c_w.l(libshutdown2.o)
    0x08004256   0x08004256   0x00000002   Code   RO         7761    .ARM.Collect$$libshutdown$$00000012  c_w.l(libshutdown2.o)
    0x08004258   0x08004258   0x00000000   Code   RO         7493    .ARM.Collect$$rtentry$$00000000  c_w.l(__rtentry.o)
    0x08004258   0x08004258   0x00000000   Code   RO         7571    .ARM.Collect$$rtentry$$00000002  c_w.l(__rtentry2.o)
    0x08004258   0x08004258   0x00000006   Code   RO         7583    .ARM.Collect$$rtentry$$00000004  c_w.l(__rtentry4.o)
    0x0800425e   0x0800425e   0x00000000   Code   RO         7573    .ARM.Collect$$rtentry$$00000009  c_w.l(__rtentry2.o)
    0x0800425e   0x0800425e   0x00000004   Code   RO         7574    .ARM.Collect$$rtentry$$0000000A  c_w.l(__rtentry2.o)
    0x08004262   0x08004262   0x00000000   Code   RO         7576    .ARM.Collect$$rtentry$$0000000C  c_w.l(__rtentry2.o)
    0x08004262   0x08004262   0x00000008   Code   RO         7577    .ARM.Collect$$rtentry$$0000000D  c_w.l(__rtentry2.o)
    0x0800426a   0x0800426a   0x00000002   Code   RO         7705    .ARM.Collect$$rtexit$$00000000  c_w.l(rtexit.o)
    0x0800426c   0x0800426c   0x00000000   Code   RO         7712    .ARM.Collect$$rtexit$$00000002  c_w.l(rtexit2.o)
    0x0800426c   0x0800426c   0x00000004   Code   RO         7713    .ARM.Collect$$rtexit$$00000003  c_w.l(rtexit2.o)
    0x08004270   0x08004270   0x00000006   Code   RO         7714    .ARM.Collect$$rtexit$$00000004  c_w.l(rtexit2.o)
    0x08004276   0x08004276   0x00000002   PAD
    0x08004278   0x08004278   0x00000096   Code   RO         7319    .emb_text           port.o
    0x0800430e   0x0800430e   0x00000002   PAD
    0x08004310   0x08004310   0x00000040   Code   RO            4    .text               startup_stm32f103xe.o
    0x08004350   0x08004350   0x00000034   Code   RO         7394    .text               c_w.l(vsnprintf.o)
    0x08004384   0x08004384   0x00000018   Code   RO         7396    .text               c_w.l(__2printf.o)
    0x0800439c   0x0800439c   0x0000002c   Code   RO         7398    .text               c_w.l(__2sprintf.o)
    0x080043c8   0x080043c8   0x0000004e   Code   RO         7406    .text               c_w.l(_printf_pad.o)
    0x08004416   0x08004416   0x00000052   Code   RO         7408    .text               c_w.l(_printf_str.o)
    0x08004468   0x08004468   0x00000078   Code   RO         7410    .text               c_w.l(_printf_dec.o)
    0x080044e0   0x080044e0   0x00000094   Code   RO         7430    .text               c_w.l(_printf_hex_int_ll_ptr.o)
    0x08004574   0x08004574   0x00000188   Code   RO         7450    .text               c_w.l(__printf_flags_ss_wp.o)
    0x080046fc   0x080046fc   0x00000070   Code   RO         7459    .text               c_w.l(strtol.o)
    0x0800476c   0x0800476c   0x00000058   Code   RO         7461    .text               c_w.l(memcmp.o)
    0x080047c4   0x080047c4   0x0000003e   Code   RO         7463    .text               c_w.l(strlen.o)
    0x08004802   0x08004802   0x0000008a   Code   RO         7465    .text               c_w.l(rt_memcpy_v6.o)
    0x0800488c   0x0800488c   0x00000064   Code   RO         7467    .text               c_w.l(rt_memcpy_w.o)
    0x080048f0   0x080048f0   0x00000044   Code   RO         7469    .text               c_w.l(rt_memclr.o)
    0x08004934   0x08004934   0x0000004e   Code   RO         7471    .text               c_w.l(rt_memclr_w.o)
    0x08004982   0x08004982   0x00000006   Code   RO         7473    .text               c_w.l(heapauxi.o)
    0x08004988   0x08004988   0x00000010   Code   RO         7494    .text               c_w.l(rt_ctype_table.o)
    0x08004998   0x08004998   0x00000008   Code   RO         7499    .text               c_w.l(rt_errno_addr_intlibspace.o)
    0x080049a0   0x080049a0   0x00000024   Code   RO         7501    .text               c_w.l(_printf_truncate.o)
    0x080049c4   0x080049c4   0x000000b2   Code   RO         7503    .text               c_w.l(_printf_intcommon.o)
    0x08004a76   0x08004a76   0x00000028   Code   RO         7505    .text               c_w.l(_printf_charcount.o)
    0x08004a9e   0x08004a9e   0x0000041e   Code   RO         7507    .text               c_w.l(_printf_fp_dec.o)
    0x08004ebc   0x08004ebc   0x00000030   Code   RO         7509    .text               c_w.l(_printf_char_common.o)
    0x08004eec   0x08004eec   0x0000000a   Code   RO         7511    .text               c_w.l(_sputc.o)
    0x08004ef6   0x08004ef6   0x00000010   Code   RO         7513    .text               c_w.l(_snputc.o)
    0x08004f06   0x08004f06   0x0000002c   Code   RO         7515    .text               c_w.l(_printf_char.o)
    0x08004f32   0x08004f32   0x00000002   PAD
    0x08004f34   0x08004f34   0x00000024   Code   RO         7517    .text               c_w.l(_printf_char_file.o)
    0x08004f58   0x08004f58   0x000000bc   Code   RO         7519    .text               c_w.l(_printf_wctomb.o)
    0x08005014   0x08005014   0x0000007c   Code   RO         7522    .text               c_w.l(_printf_longlong_dec.o)
    0x08005090   0x08005090   0x00000070   Code   RO         7528    .text               c_w.l(_printf_oct_int_ll.o)
    0x08005100   0x08005100   0x0000009e   Code   RO         7548    .text               c_w.l(_strtoul.o)
    0x0800519e   0x0800519e   0x00000002   PAD
    0x080051a0   0x080051a0   0x00000008   Code   RO         7567    .text               c_w.l(libspace.o)
    0x080051a8   0x080051a8   0x00000008   Code   RO         7588    .text               c_w.l(rt_locale_intlibspace.o)
    0x080051b0   0x080051b0   0x0000008a   Code   RO         7590    .text               c_w.l(lludiv10.o)
    0x0800523a   0x0800523a   0x00000002   PAD
    0x0800523c   0x0800523c   0x000002fc   Code   RO         7592    .text               c_w.l(_printf_fp_hex.o)
    0x08005538   0x08005538   0x00000080   Code   RO         7595    .text               c_w.l(_printf_fp_infnan.o)
    0x080055b8   0x080055b8   0x0000002c   Code   RO         7599    .text               c_w.l(_printf_wchar.o)
    0x080055e4   0x080055e4   0x0000001c   Code   RO         7601    .text               c_w.l(_chval.o)
    0x08005600   0x08005600   0x000000e4   Code   RO         7603    .text               c_w.l(bigflt0.o)
    0x080056e4   0x080056e4   0x00000008   Code   RO         7628    .text               c_w.l(ferror.o)
    0x080056ec   0x080056ec   0x00000040   Code   RO         7632    .text               c_w.l(_wcrtomb.o)
    0x0800572c   0x0800572c   0x0000004a   Code   RO         7646    .text               c_w.l(sys_stackheap_outer.o)
    0x08005776   0x08005776   0x00000012   Code   RO         7648    .text               c_w.l(exit.o)
    0x08005788   0x08005788   0x00000080   Code   RO         7650    .text               c_w.l(strcmpv7m.o)
    0x08005808   0x08005808   0x0000000c   Code   RO         7724    .text               c_w.l(sys_exit.o)
    0x08005814   0x08005814   0x00000002   Code   RO         7735    .text               c_w.l(use_no_semi.o)
    0x08005816   0x08005816   0x00000000   Code   RO         7737    .text               c_w.l(indicate_semi.o)
    0x08005816   0x08005816   0x0000003e   Code   RO         7606    CL$$btod_d2e        c_w.l(btod.o)
    0x08005854   0x08005854   0x00000046   Code   RO         7608    CL$$btod_d2e_denorm_low  c_w.l(btod.o)
    0x0800589a   0x0800589a   0x00000060   Code   RO         7607    CL$$btod_d2e_norm_op1  c_w.l(btod.o)
    0x080058fa   0x080058fa   0x00000338   Code   RO         7616    CL$$btod_div_common  c_w.l(btod.o)
    0x08005c32   0x08005c32   0x000000dc   Code   RO         7613    CL$$btod_e2e        c_w.l(btod.o)
    0x08005d0e   0x08005d0e   0x0000002a   Code   RO         7610    CL$$btod_ediv       c_w.l(btod.o)
    0x08005d38   0x08005d38   0x0000002a   Code   RO         7609    CL$$btod_emul       c_w.l(btod.o)
    0x08005d62   0x08005d62   0x00000244   Code   RO         7615    CL$$btod_mult_common  c_w.l(btod.o)
    0x08005fa6   0x08005fa6   0x00000002   PAD
    0x08005fa8   0x08005fa8   0x00000056   Code   RO         5254    i.ADC_ConversionStop_Disable  stm32f1xx_hal_adc.o
    0x08005ffe   0x08005ffe   0x00000002   PAD
    0x08006000   0x08006000   0x0000007c   Code   RO         5258    i.ADC_Enable        stm32f1xx_hal_adc.o
    0x0800607c   0x0800607c   0x00000002   Code   RO          479    i.BusFault_Handler  stm32f1xx_it.o
    0x0800607e   0x0800607e   0x00000002   PAD
    0x08006080   0x08006080   0x000000d8   Code   RO         2825    i.CAN_SendAllLogsFromFlash  log.o
    0x08006158   0x08006158   0x00000184   Code   RO         2826    i.CAN_SendLogFromFlash  log.o
    0x080062dc   0x080062dc   0x00000030   Code   RO         2827    i.CAN_SendLogStatus  log.o
    0x0800630c   0x0800630c   0x0000002c   Code   RO         2828    i.CAN_SendPacket    log.o
    0x08006338   0x08006338   0x00000068   Code   RO         2209    i.CAN_Send_Ack      can.o
    0x080063a0   0x080063a0   0x00000070   Code   RO         2210    i.CAN_Send_Current_Ack  can.o
    0x08006410   0x08006410   0x00000070   Code   RO         2211    i.CAN_Send_pos_Ack  can.o
    0x08006480   0x08006480   0x0000000c   Code   RO          480    i.DMA1_Channel3_IRQHandler  stm32f1xx_it.o
    0x0800648c   0x0800648c   0x0000000c   Code   RO          481    i.DMA1_Channel4_IRQHandler  stm32f1xx_it.o
    0x08006498   0x08006498   0x0000000c   Code   RO          482    i.DMA1_Channel5_IRQHandler  stm32f1xx_it.o
    0x080064a4   0x080064a4   0x0000002a   Code   RO         4657    i.DMA_SetConfig     stm32f1xx_hal_dma.o
    0x080064ce   0x080064ce   0x00000002   Code   RO          483    i.DebugMon_Handler  stm32f1xx_it.o
    0x080064d0   0x080064d0   0x00000006   Code   RO          484    i.EXTI2_IRQHandler  stm32f1xx_it.o
    0x080064d6   0x080064d6   0x00000004   Code   RO           13    i.Error_Handler     main.o
    0x080064da   0x080064da   0x00000002   PAD
    0x080064dc   0x080064dc   0x000000fc   Code   RO         5260    i.HAL_ADC_ConfigChannel  stm32f1xx_hal_adc.o
    0x080065d8   0x080065d8   0x00000006   Code   RO         5267    i.HAL_ADC_GetValue  stm32f1xx_hal_adc.o
    0x080065de   0x080065de   0x00000002   PAD
    0x080065e0   0x080065e0   0x00000120   Code   RO         5269    i.HAL_ADC_Init      stm32f1xx_hal_adc.o
    0x08006700   0x08006700   0x00000058   Code   RO          653    i.HAL_ADC_MspInit   adc.o
    0x08006758   0x08006758   0x000000c0   Code   RO         5275    i.HAL_ADC_Start     stm32f1xx_hal_adc.o
    0x08006818   0x08006818   0x00000024   Code   RO         5986    i.HAL_CAN_ActivateNotification  stm32f1xx_hal_can.o
    0x0800683c   0x0800683c   0x000000e8   Code   RO         5987    i.HAL_CAN_AddTxMessage  stm32f1xx_hal_can.o
    0x08006924   0x08006924   0x000000ee   Code   RO         5988    i.HAL_CAN_ConfigFilter  stm32f1xx_hal_can.o
    0x08006a12   0x08006a12   0x00000002   Code   RO         5991    i.HAL_CAN_ErrorCallback  stm32f1xx_hal_can.o
    0x08006a14   0x08006a14   0x000000f4   Code   RO         5994    i.HAL_CAN_GetRxMessage  stm32f1xx_hal_can.o
    0x08006b08   0x08006b08   0x0000002c   Code   RO         5996    i.HAL_CAN_GetTxMailboxesFreeLevel  stm32f1xx_hal_can.o
    0x08006b34   0x08006b34   0x000001fc   Code   RO         5998    i.HAL_CAN_IRQHandler  stm32f1xx_hal_can.o
    0x08006d30   0x08006d30   0x00000126   Code   RO         5999    i.HAL_CAN_Init      stm32f1xx_hal_can.o
    0x08006e56   0x08006e56   0x00000002   PAD
    0x08006e58   0x08006e58   0x0000007c   Code   RO         2213    i.HAL_CAN_MspInit   can.o
    0x08006ed4   0x08006ed4   0x00000002   Code   RO         6006    i.HAL_CAN_RxFifo0FullCallback  stm32f1xx_hal_can.o
    0x08006ed6   0x08006ed6   0x00000002   PAD
    0x08006ed8   0x08006ed8   0x00000090   Code   RO         2214    i.HAL_CAN_RxFifo0MsgPendingCallback  can.o
    0x08006f68   0x08006f68   0x00000002   Code   RO         6008    i.HAL_CAN_RxFifo1FullCallback  stm32f1xx_hal_can.o
    0x08006f6a   0x08006f6a   0x00000002   Code   RO         6009    i.HAL_CAN_RxFifo1MsgPendingCallback  stm32f1xx_hal_can.o
    0x08006f6c   0x08006f6c   0x00000002   Code   RO         6010    i.HAL_CAN_SleepCallback  stm32f1xx_hal_can.o
    0x08006f6e   0x08006f6e   0x00000002   PAD
    0x08006f70   0x08006f70   0x00000058   Code   RO         6011    i.HAL_CAN_Start     stm32f1xx_hal_can.o
    0x08006fc8   0x08006fc8   0x00000002   Code   RO         6013    i.HAL_CAN_TxMailbox0AbortCallback  stm32f1xx_hal_can.o
    0x08006fca   0x08006fca   0x00000002   Code   RO         6014    i.HAL_CAN_TxMailbox0CompleteCallback  stm32f1xx_hal_can.o
    0x08006fcc   0x08006fcc   0x00000002   Code   RO         6015    i.HAL_CAN_TxMailbox1AbortCallback  stm32f1xx_hal_can.o
    0x08006fce   0x08006fce   0x00000002   Code   RO         6016    i.HAL_CAN_TxMailbox1CompleteCallback  stm32f1xx_hal_can.o
    0x08006fd0   0x08006fd0   0x00000002   Code   RO         6017    i.HAL_CAN_TxMailbox2AbortCallback  stm32f1xx_hal_can.o
    0x08006fd2   0x08006fd2   0x00000002   Code   RO         6018    i.HAL_CAN_TxMailbox2CompleteCallback  stm32f1xx_hal_can.o
    0x08006fd4   0x08006fd4   0x00000002   Code   RO         6020    i.HAL_CAN_WakeUpFromRxMsgCallback  stm32f1xx_hal_can.o
    0x08006fd6   0x08006fd6   0x00000046   Code   RO         4658    i.HAL_DMA_Abort     stm32f1xx_hal_dma.o
    0x0800701c   0x0800701c   0x00000130   Code   RO         4659    i.HAL_DMA_Abort_IT  stm32f1xx_hal_dma.o
    0x0800714c   0x0800714c   0x00000248   Code   RO         4663    i.HAL_DMA_IRQHandler  stm32f1xx_hal_dma.o
    0x08007394   0x08007394   0x0000007c   Code   RO         4664    i.HAL_DMA_Init      stm32f1xx_hal_dma.o
    0x08007410   0x08007410   0x00000070   Code   RO         4668    i.HAL_DMA_Start_IT  stm32f1xx_hal_dma.o
    0x08007480   0x08007480   0x00000024   Code   RO         4284    i.HAL_Delay         stm32f1xx_hal.o
    0x080074a4   0x080074a4   0x0000005c   Code   RO           14    i.HAL_GPIO_EXTI_Callback  main.o
    0x08007500   0x08007500   0x00000018   Code   RO         4593    i.HAL_GPIO_EXTI_IRQHandler  stm32f1xx_hal_gpio.o
    0x08007518   0x08007518   0x000001f8   Code   RO         4594    i.HAL_GPIO_Init     stm32f1xx_hal_gpio.o
    0x08007710   0x08007710   0x0000000a   Code   RO         4596    i.HAL_GPIO_ReadPin  stm32f1xx_hal_gpio.o
    0x0800771a   0x0800771a   0x00000010   Code   RO         4597    i.HAL_GPIO_TogglePin  stm32f1xx_hal_gpio.o
    0x0800772a   0x0800772a   0x0000000a   Code   RO         4598    i.HAL_GPIO_WritePin  stm32f1xx_hal_gpio.o
    0x08007734   0x08007734   0x0000000c   Code   RO         4288    i.HAL_GetTick       stm32f1xx_hal.o
    0x08007740   0x08007740   0x00000188   Code   RO         5541    i.HAL_I2C_Init      stm32f1xx_hal_i2c.o
    0x080078c8   0x080078c8   0x0000025c   Code   RO         5559    i.HAL_I2C_Mem_Read  stm32f1xx_hal_i2c.o
    0x08007b24   0x08007b24   0x00000130   Code   RO         5562    i.HAL_I2C_Mem_Write  stm32f1xx_hal_i2c.o
    0x08007c54   0x08007c54   0x00000060   Code   RO          701    i.HAL_I2C_MspInit   i2c.o
    0x08007cb4   0x08007cb4   0x00000010   Code   RO         4294    i.HAL_IncTick       stm32f1xx_hal.o
    0x08007cc4   0x08007cc4   0x00000024   Code   RO         4295    i.HAL_Init          stm32f1xx_hal.o
    0x08007ce8   0x08007ce8   0x00000040   Code   RO         4296    i.HAL_InitTick      stm32f1xx_hal.o
    0x08007d28   0x08007d28   0x0000003c   Code   RO          628    i.HAL_MspInit       stm32f1xx_hal_msp.o
    0x08007d64   0x08007d64   0x0000001a   Code   RO         4754    i.HAL_NVIC_EnableIRQ  stm32f1xx_hal_cortex.o
    0x08007d7e   0x08007d7e   0x00000002   PAD
    0x08007d80   0x08007d80   0x00000040   Code   RO         4760    i.HAL_NVIC_SetPriority  stm32f1xx_hal_cortex.o
    0x08007dc0   0x08007dc0   0x00000024   Code   RO         4761    i.HAL_NVIC_SetPriorityGrouping  stm32f1xx_hal_cortex.o
    0x08007de4   0x08007de4   0x00000024   Code   RO         4762    i.HAL_NVIC_SystemReset  stm32f1xx_hal_cortex.o
    0x08007e08   0x08007e08   0x000000ec   Code   RO         4556    i.HAL_RCCEx_PeriphCLKConfig  stm32f1xx_hal_rcc_ex.o
    0x08007ef4   0x08007ef4   0x0000012c   Code   RO         4452    i.HAL_RCC_ClockConfig  stm32f1xx_hal_rcc.o
    0x08008020   0x08008020   0x00000020   Code   RO         4459    i.HAL_RCC_GetPCLK1Freq  stm32f1xx_hal_rcc.o
    0x08008040   0x08008040   0x00000020   Code   RO         4460    i.HAL_RCC_GetPCLK2Freq  stm32f1xx_hal_rcc.o
    0x08008060   0x08008060   0x0000004c   Code   RO         4461    i.HAL_RCC_GetSysClockFreq  stm32f1xx_hal_rcc.o
    0x080080ac   0x080080ac   0x00000320   Code   RO         4464    i.HAL_RCC_OscConfig  stm32f1xx_hal_rcc.o
    0x080083cc   0x080083cc   0x00000002   Code   RO         6226    i.HAL_SPI_ErrorCallback  stm32f1xx_hal_spi.o
    0x080083ce   0x080083ce   0x000000b2   Code   RO         6230    i.HAL_SPI_Init      stm32f1xx_hal_spi.o
    0x08008480   0x08008480   0x00000130   Code   RO         2324    i.HAL_SPI_MspInit   spi.o
    0x080085b0   0x080085b0   0x00000154   Code   RO         6233    i.HAL_SPI_Receive   stm32f1xx_hal_spi.o
    0x08008704   0x08008704   0x000000e4   Code   RO         6234    i.HAL_SPI_Receive_DMA  stm32f1xx_hal_spi.o
    0x080087e8   0x080087e8   0x0000001c   Code   RO           15    i.HAL_SPI_RxCpltCallback  main.o
    0x08008804   0x08008804   0x00000002   Code   RO         6237    i.HAL_SPI_RxHalfCpltCallback  stm32f1xx_hal_spi.o
    0x08008806   0x08008806   0x00000166   Code   RO         6238    i.HAL_SPI_Transmit  stm32f1xx_hal_spi.o
    0x0800896c   0x0800896c   0x000001f0   Code   RO         6239    i.HAL_SPI_TransmitReceive  stm32f1xx_hal_spi.o
    0x08008b5c   0x08008b5c   0x00000110   Code   RO         6240    i.HAL_SPI_TransmitReceive_DMA  stm32f1xx_hal_spi.o
    0x08008c6c   0x08008c6c   0x000000cc   Code   RO         6242    i.HAL_SPI_Transmit_DMA  stm32f1xx_hal_spi.o
    0x08008d38   0x08008d38   0x00000040   Code   RO           16    i.HAL_SPI_TxCpltCallback  main.o
    0x08008d78   0x08008d78   0x00000002   Code   RO         6245    i.HAL_SPI_TxHalfCpltCallback  stm32f1xx_hal_spi.o
    0x08008d7a   0x08008d7a   0x00000002   Code   RO         6246    i.HAL_SPI_TxRxCpltCallback  stm32f1xx_hal_spi.o
    0x08008d7c   0x08008d7c   0x00000002   Code   RO         6247    i.HAL_SPI_TxRxHalfCpltCallback  stm32f1xx_hal_spi.o
    0x08008d7e   0x08008d7e   0x00000028   Code   RO         4765    i.HAL_SYSTICK_Config  stm32f1xx_hal_cortex.o
    0x08008da6   0x08008da6   0x00000002   Code   RO         3647    i.HAL_TIMEx_BreakCallback  stm32f1xx_hal_tim_ex.o
    0x08008da8   0x08008da8   0x00000002   Code   RO         3648    i.HAL_TIMEx_CommutCallback  stm32f1xx_hal_tim_ex.o
    0x08008daa   0x08008daa   0x00000002   PAD
    0x08008dac   0x08008dac   0x0000007c   Code   RO         3666    i.HAL_TIMEx_MasterConfigSynchronization  stm32f1xx_hal_tim_ex.o
    0x08008e28   0x08008e28   0x0000005a   Code   RO         2943    i.HAL_TIM_Base_Init  stm32f1xx_hal_tim.o
    0x08008e82   0x08008e82   0x00000002   PAD
    0x08008e84   0x08008e84   0x00000068   Code   RO         1932    i.HAL_TIM_Base_MspInit  tim.o
    0x08008eec   0x08008eec   0x0000006c   Code   RO         2948    i.HAL_TIM_Base_Start_IT  stm32f1xx_hal_tim.o
    0x08008f58   0x08008f58   0x00000030   Code   RO         2951    i.HAL_TIM_Base_Stop_IT  stm32f1xx_hal_tim.o
    0x08008f88   0x08008f88   0x00000002   Code   RO         2977    i.HAL_TIM_IC_CaptureCallback  stm32f1xx_hal_tim.o
    0x08008f8a   0x08008f8a   0x00000130   Code   RO         2991    i.HAL_TIM_IRQHandler  stm32f1xx_hal_tim.o
    0x080090ba   0x080090ba   0x00000002   Code   RO         2994    i.HAL_TIM_OC_DelayElapsedCallback  stm32f1xx_hal_tim.o
    0x080090bc   0x080090bc   0x00000002   Code   RO         3021    i.HAL_TIM_PWM_PulseFinishedCallback  stm32f1xx_hal_tim.o
    0x080090be   0x080090be   0x00000002   PAD
    0x080090c0   0x080090c0   0x00000084   Code   RO           17    i.HAL_TIM_PeriodElapsedCallback  main.o
    0x08009144   0x08009144   0x00000002   Code   RO         3034    i.HAL_TIM_TriggerCallback  stm32f1xx_hal_tim.o
    0x08009146   0x08009146   0x00000002   Code   RO         3926    i.HAL_UARTEx_RxEventCallback  stm32f1xx_hal_uart.o
    0x08009148   0x08009148   0x00000070   Code   RO         3938    i.HAL_UART_DMAStop  stm32f1xx_hal_uart.o
    0x080091b8   0x080091b8   0x00000002   Code   RO         3940    i.HAL_UART_ErrorCallback  stm32f1xx_hal_uart.o
    0x080091ba   0x080091ba   0x00000002   PAD
    0x080091bc   0x080091bc   0x0000026c   Code   RO         3943    i.HAL_UART_IRQHandler  stm32f1xx_hal_uart.o
    0x08009428   0x08009428   0x00000064   Code   RO         3944    i.HAL_UART_Init     stm32f1xx_hal_uart.o
    0x0800948c   0x0800948c   0x000001bc   Code   RO          399    i.HAL_UART_MspInit  usart.o
    0x08009648   0x08009648   0x0000001c   Code   RO         3948    i.HAL_UART_Receive_DMA  stm32f1xx_hal_uart.o
    0x08009664   0x08009664   0x0000001c   Code   RO         3949    i.HAL_UART_Receive_IT  stm32f1xx_hal_uart.o
    0x08009680   0x08009680   0x000000e8   Code   RO           18    i.HAL_UART_RxCpltCallback  main.o
    0x08009768   0x08009768   0x00000002   Code   RO         3951    i.HAL_UART_RxHalfCpltCallback  stm32f1xx_hal_uart.o
    0x0800976a   0x0800976a   0x000000a0   Code   RO         3952    i.HAL_UART_Transmit  stm32f1xx_hal_uart.o
    0x0800980a   0x0800980a   0x00000002   Code   RO           19    i.HAL_UART_TxCpltCallback  main.o
    0x0800980c   0x0800980c   0x00000010   Code   RO         2375    i.HG25Q256_Disable  hg25q256.o
    0x0800981c   0x0800981c   0x00000010   Code   RO         2376    i.HG25Q256_Enable   hg25q256.o
    0x0800982c   0x0800982c   0x00000038   Code   RO         2377    i.HG25Q256_Erase_Sector  hg25q256.o
    0x08009864   0x08009864   0x0000001a   Code   RO         2378    i.HG25Q256_ReadSR   hg25q256.o
    0x0800987e   0x0800987e   0x00000042   Code   RO         2379    i.HG25Q256_Read_Data  hg25q256.o
    0x080098c0   0x080098c0   0x00000078   Code   RO         2380    i.HG25Q256_Read_Data_DMA  hg25q256.o
    0x08009938   0x08009938   0x00000074   Code   RO         2381    i.HG25Q256_Send_Data_DMA  hg25q256.o
    0x080099ac   0x080099ac   0x0000000e   Code   RO         2382    i.HG25Q256_Wait_Busy  hg25q256.o
    0x080099ba   0x080099ba   0x00000014   Code   RO         2383    i.HG25Q256_Write_Enable  hg25q256.o
    0x080099ce   0x080099ce   0x00000002   PAD
    0x080099d0   0x080099d0   0x00000018   Code   RO          485    i.HardFault_Handler  stm32f1xx_it.o
    0x080099e8   0x080099e8   0x0000002e   Code   RO         5584    i.I2C_IsAcknowledgeFailed  stm32f1xx_hal_i2c.o
    0x08009a16   0x08009a16   0x00000002   PAD
    0x08009a18   0x08009a18   0x000000fc   Code   RO         5594    i.I2C_RequestMemoryRead  stm32f1xx_hal_i2c.o
    0x08009b14   0x08009b14   0x000000a8   Code   RO         5595    i.I2C_RequestMemoryWrite  stm32f1xx_hal_i2c.o
    0x08009bbc   0x08009bbc   0x00000056   Code   RO         5599    i.I2C_WaitOnBTFFlagUntilTimeout  stm32f1xx_hal_i2c.o
    0x08009c12   0x08009c12   0x00000002   PAD
    0x08009c14   0x08009c14   0x00000090   Code   RO         5600    i.I2C_WaitOnFlagUntilTimeout  stm32f1xx_hal_i2c.o
    0x08009ca4   0x08009ca4   0x000000bc   Code   RO         5601    i.I2C_WaitOnMasterAddressFlagUntilTimeout  stm32f1xx_hal_i2c.o
    0x08009d60   0x08009d60   0x00000070   Code   RO         5602    i.I2C_WaitOnRXNEFlagUntilTimeout  stm32f1xx_hal_i2c.o
    0x08009dd0   0x08009dd0   0x00000056   Code   RO         5603    i.I2C_WaitOnTXEFlagUntilTimeout  stm32f1xx_hal_i2c.o
    0x08009e26   0x08009e26   0x00000002   PAD
    0x08009e28   0x08009e28   0x000000f0   Code   RO           20    i.Log               main.o
    0x08009f18   0x08009f18   0x00000050   Code   RO         2829    i.Log_StorageInit   log.o
    0x08009f68   0x08009f68   0x00000034   Code   RO         2830    i.Log_UpdateWriteAddr  log.o
    0x08009f9c   0x08009f9c   0x000000bc   Code   RO         2831    i.Log_WriteToFlash_DMA  log.o
    0x0800a058   0x0800a058   0x00000050   Code   RO          654    i.MX_ADC1_Init      adc.o
    0x0800a0a8   0x0800a0a8   0x000000a4   Code   RO         1643    i.MX_BMI270_Init    bmi270.o
    0x0800a14c   0x0800a14c   0x00000078   Code   RO         2215    i.MX_CAN_Init       can.o
    0x0800a1c4   0x0800a1c4   0x0000004c   Code   RO         2518    i.MX_DMA_Init       dma.o
    0x0800a210   0x0800a210   0x00000148   Code   RO          370    i.MX_GPIO_Init      gpio.o
    0x0800a358   0x0800a358   0x00000040   Code   RO          702    i.MX_I2C2_Init      i2c.o
    0x0800a398   0x0800a398   0x00000044   Code   RO         2325    i.MX_SPI1_Init      spi.o
    0x0800a3dc   0x0800a3dc   0x00000048   Code   RO         2326    i.MX_SPI2_Init      spi.o
    0x0800a424   0x0800a424   0x00000048   Code   RO         1933    i.MX_TIM6_Init      tim.o
    0x0800a46c   0x0800a46c   0x00000048   Code   RO         1934    i.MX_TIM7_Init      tim.o
    0x0800a4b4   0x0800a4b4   0x00000038   Code   RO          400    i.MX_UART5_Init     usart.o
    0x0800a4ec   0x0800a4ec   0x00000038   Code   RO          401    i.MX_USART1_UART_Init  usart.o
    0x0800a524   0x0800a524   0x00000038   Code   RO          402    i.MX_USART2_UART_Init  usart.o
    0x0800a55c   0x0800a55c   0x00000038   Code   RO          403    i.MX_USART3_UART_Init  usart.o
    0x0800a594   0x0800a594   0x00000002   Code   RO          486    i.MemManage_Handler  stm32f1xx_it.o
    0x0800a596   0x0800a596   0x00000002   Code   RO          487    i.NMI_Handler       stm32f1xx_it.o
    0x0800a598   0x0800a598   0x00000004   Code   RO          488    i.PendSV_Handler    stm32f1xx_it.o
    0x0800a59c   0x0800a59c   0x00000028   Code   RO         2561    i.Picture_Display   tft.o
    0x0800a5c4   0x0800a5c4   0x00000022   Code   RO         6258    i.SPI_DMAError      stm32f1xx_hal_spi.o
    0x0800a5e6   0x0800a5e6   0x0000000a   Code   RO         6259    i.SPI_DMAHalfReceiveCplt  stm32f1xx_hal_spi.o
    0x0800a5f0   0x0800a5f0   0x0000000a   Code   RO         6260    i.SPI_DMAHalfTransmitCplt  stm32f1xx_hal_spi.o
    0x0800a5fa   0x0800a5fa   0x0000000a   Code   RO         6261    i.SPI_DMAHalfTransmitReceiveCplt  stm32f1xx_hal_spi.o
    0x0800a604   0x0800a604   0x0000006a   Code   RO         6262    i.SPI_DMAReceiveCplt  stm32f1xx_hal_spi.o
    0x0800a66e   0x0800a66e   0x00000064   Code   RO         6264    i.SPI_DMATransmitCplt  stm32f1xx_hal_spi.o
    0x0800a6d2   0x0800a6d2   0x0000005a   Code   RO         6265    i.SPI_DMATransmitReceiveCplt  stm32f1xx_hal_spi.o
    0x0800a72c   0x0800a72c   0x0000005c   Code   RO         6267    i.SPI_EndRxTransaction  stm32f1xx_hal_spi.o
    0x0800a788   0x0800a788   0x00000034   Code   RO         6268    i.SPI_EndRxTxTransaction  stm32f1xx_hal_spi.o
    0x0800a7bc   0x0800a7bc   0x00000060   Code   RO         2563    i.SPI_SendByte      tft.o
    0x0800a81c   0x0800a81c   0x000000b8   Code   RO         6273    i.SPI_WaitFlagStateUntilTimeout  stm32f1xx_hal_spi.o
    0x0800a8d4   0x0800a8d4   0x00000004   Code   RO          489    i.SVC_Handler       stm32f1xx_it.o
    0x0800a8d8   0x0800a8d8   0x00000004   Code   RO          490    i.SysTick_Handler   stm32f1xx_it.o
    0x0800a8dc   0x0800a8dc   0x0000007a   Code   RO           21    i.SystemClock_Config  main.o
    0x0800a956   0x0800a956   0x00000002   PAD
    0x0800a958   0x0800a958   0x00000010   Code   RO         6542    i.SystemInit        system_stm32f1xx.o
    0x0800a968   0x0800a968   0x00000020   Code   RO         2565    i.TFT_SEND_CMD      tft.o
    0x0800a988   0x0800a988   0x0000001c   Code   RO         2566    i.TFT_SEND_DATA     tft.o
    0x0800a9a4   0x0800a9a4   0x00000052   Code   RO         2568    i.TFT_SET_ADD       tft.o
    0x0800a9f6   0x0800a9f6   0x00000002   PAD
    0x0800a9f8   0x0800a9f8   0x000004a6   Code   RO         2572    i.TFT_init          tft.o
    0x0800ae9e   0x0800ae9e   0x00000002   PAD
    0x0800aea0   0x0800aea0   0x0000000c   Code   RO          491    i.TIM6_IRQHandler   stm32f1xx_it.o
    0x0800aeac   0x0800aeac   0x0000000c   Code   RO          492    i.TIM7_IRQHandler   stm32f1xx_it.o
    0x0800aeb8   0x0800aeb8   0x0000009c   Code   RO         3036    i.TIM_Base_SetConfig  stm32f1xx_hal_tim.o
    0x0800af54   0x0800af54   0x00000054   Code   RO          493    i.UART5_IRQHandler  stm32f1xx_it.o
    0x0800afa8   0x0800afa8   0x00000010   Code   RO         3957    i.UART_DMAAbortOnError  stm32f1xx_hal_uart.o
    0x0800afb8   0x0800afb8   0x0000004a   Code   RO         3958    i.UART_DMAError     stm32f1xx_hal_uart.o
    0x0800b002   0x0800b002   0x00000086   Code   RO         3959    i.UART_DMAReceiveCplt  stm32f1xx_hal_uart.o
    0x0800b088   0x0800b088   0x0000001e   Code   RO         3961    i.UART_DMARxHalfCplt  stm32f1xx_hal_uart.o
    0x0800b0a6   0x0800b0a6   0x0000004e   Code   RO         3967    i.UART_EndRxTransfer  stm32f1xx_hal_uart.o
    0x0800b0f4   0x0800b0f4   0x0000001c   Code   RO         3968    i.UART_EndTxTransfer  stm32f1xx_hal_uart.o
    0x0800b110   0x0800b110   0x000000c2   Code   RO         3969    i.UART_Receive_IT   stm32f1xx_hal_uart.o
    0x0800b1d2   0x0800b1d2   0x00000002   PAD
    0x0800b1d4   0x0800b1d4   0x000000b8   Code   RO         3970    i.UART_SetConfig    stm32f1xx_hal_uart.o
    0x0800b28c   0x0800b28c   0x00000090   Code   RO         3971    i.UART_Start_Receive_DMA  stm32f1xx_hal_uart.o
    0x0800b31c   0x0800b31c   0x00000036   Code   RO         3972    i.UART_Start_Receive_IT  stm32f1xx_hal_uart.o
    0x0800b352   0x0800b352   0x00000072   Code   RO         3973    i.UART_WaitOnFlagUntilTimeout  stm32f1xx_hal_uart.o
    0x0800b3c4   0x0800b3c4   0x0000000c   Code   RO          494    i.USART1_IRQHandler  stm32f1xx_it.o
    0x0800b3d0   0x0800b3d0   0x0000000c   Code   RO          495    i.USART2_IRQHandler  stm32f1xx_it.o
    0x0800b3dc   0x0800b3dc   0x0000000c   Code   RO          496    i.USART3_IRQHandler  stm32f1xx_it.o
    0x0800b3e8   0x0800b3e8   0x0000000c   Code   RO          497    i.USB_LP_CAN1_RX0_IRQHandler  stm32f1xx_it.o
    0x0800b3f4   0x0800b3f4   0x00000002   Code   RO          498    i.UsageFault_Handler  stm32f1xx_it.o
    0x0800b3f6   0x0800b3f6   0x00000028   Code   RO         7644    i.__ARM_fpclassify  m_ws.l(fpclassify.o)
    0x0800b41e   0x0800b41e   0x00000020   Code   RO         4767    i.__NVIC_SetPriority  stm32f1xx_hal_cortex.o
    0x0800b43e   0x0800b43e   0x0000000e   Code   RO         7443    i._is_digit         c_w.l(__printf_wp.o)
    0x0800b44c   0x0800b44c   0x00000074   Code   RO         1646    i.bmi270_init       bmi270.o
    0x0800b4c0   0x0800b4c0   0x00000024   Code   RO         1649    i.bmi270_read_id    bmi270.o
    0x0800b4e4   0x0800b4e4   0x00000036   Code   RO          749    i.bmi2_extract_input_feat_config  bmi2.o
    0x0800b51a   0x0800b51a   0x000000a0   Code   RO          756    i.bmi2_get_feat_config  bmi2.o
    0x0800b5ba   0x0800b5ba   0x00000084   Code   RO          757    i.bmi2_get_feature_data  bmi2.o
    0x0800b63e   0x0800b63e   0x00000040   Code   RO          764    i.bmi2_get_gyro_cross_sense  bmi2.o
    0x0800b67e   0x0800b67e   0x00000030   Code   RO          772    i.bmi2_get_internal_status  bmi2.o
    0x0800b6ae   0x0800b6ae   0x0000007e   Code   RO          773    i.bmi2_get_regs     bmi2.o
    0x0800b72c   0x0800b72c   0x00000114   Code   RO          776    i.bmi2_get_sensor_config  bmi2.o
    0x0800b840   0x0800b840   0x00000026   Code   RO          781    i.bmi2_get_status   bmi2.o
    0x0800b866   0x0800b866   0x00000076   Code   RO          783    i.bmi2_map_data_int  bmi2.o
    0x0800b8dc   0x0800b8dc   0x00000078   Code   RO          793    i.bmi2_sec_init     bmi2.o
    0x0800b954   0x0800b954   0x00000038   Code   RO          795    i.bmi2_sensor_enable  bmi2.o
    0x0800b98c   0x0800b98c   0x00000054   Code   RO          797    i.bmi2_set_adv_power_save  bmi2.o
    0x0800b9e0   0x0800b9e0   0x0000009c   Code   RO          813    i.bmi2_set_regs     bmi2.o
    0x0800ba7c   0x0800ba7c   0x000000a6   Code   RO          815    i.bmi2_set_sensor_config  bmi2.o
    0x0800bb22   0x0800bb22   0x00000060   Code   RO          819    i.bmi2_soft_reset   bmi2.o
    0x0800bb82   0x0800bb82   0x00000060   Code   RO          821    i.bmi2_write_config_file  bmi2.o
    0x0800bbe2   0x0800bbe2   0x00000010   Code   RO         1654    i.bmi_delayUs       bmi270.o
    0x0800bbf2   0x0800bbf2   0x00000002   PAD
    0x0800bbf4   0x0800bbf4   0x00000034   Code   RO         1981    i.calculate_checksum  sq10.o
    0x0800bc28   0x0800bc28   0x0000004e   Code   RO         2216    i.can_queue_pop     can.o
    0x0800bc76   0x0800bc76   0x00000078   Code   RO         2217    i.can_queue_push    can.o
    0x0800bcee   0x0800bcee   0x0000003e   Code   RO          824    i.cfg_error_status  bmi2.o
    0x0800bd2c   0x0800bd2c   0x00000030   Code   RO          825    i.check_boundary_val  bmi2.o
    0x0800bd5c   0x0800bd5c   0x000000dc   Code   RO          829    i.config_aux_interface  bmi2.o
    0x0800be38   0x0800be38   0x00000036   Code   RO          839    i.extract_output_feat_config  bmi2.o
    0x0800be6e   0x0800be6e   0x00000002   PAD
    0x0800be70   0x0800be70   0x00000010   Code   RO         2739    i.fmc_lock          flash.o
    0x0800be80   0x0800be80   0x00000064   Code   RO         2740    i.fmc_page_erase    flash.o
    0x0800bee4   0x0800bee4   0x00000010   Code   RO         2741    i.fmc_set_ws        flash.o
    0x0800bef4   0x0800bef4   0x00000040   Code   RO         2742    i.fmc_unlock        flash.o
    0x0800bf34   0x0800bf34   0x00000020   Code   RO         2743    i.fmc_wait_ready    flash.o
    0x0800bf54   0x0800bf54   0x00000090   Code   RO         2744    i.fmc_word_program  flash.o
    0x0800bfe4   0x0800bfe4   0x00000018   Code   RO          405    i.fputc             usart.o
    0x0800bffc   0x0800bffc   0x00000018   Code   RO          655    i.getADC1           adc.o
    0x0800c014   0x0800c014   0x0000004e   Code   RO          841    i.get_accel_config  bmi2.o
    0x0800c062   0x0800c062   0x0000005a   Code   RO          842    i.get_aux_interface_config  bmi2.o
    0x0800c0bc   0x0800c0bc   0x0000005e   Code   RO          844    i.get_gyro_config   bmi2.o
    0x0800c11a   0x0800c11a   0x00000072   Code   RO          845    i.get_gyro_cross_sense  bmi2.o
    0x0800c18c   0x0800c18c   0x0000008a   Code   RO          846    i.get_gyro_gain_update_config  bmi2.o
    0x0800c216   0x0800c216   0x00000068   Code   RO          847    i.get_gyro_gain_update_status  bmi2.o
    0x0800c27e   0x0800c27e   0x00000002   PAD
    0x0800c280   0x0800c280   0x0000004c   Code   RO         2389    i.hg25q256mw_read_id  hg25q256.o
    0x0800c2cc   0x0800c2cc   0x00000384   Code   RO           23    i.main              main.o
    0x0800c650   0x0800c650   0x00000018   Code   RO          855    i.null_ptr_check    bmi2.o
    0x0800c668   0x0800c668   0x00000018   Code   RO         1670    i.null_ptr_check    bmi270.o
    0x0800c680   0x0800c680   0x00000158   Code   RO         2747    i.ota_flash_write   flash.o
    0x0800c7d8   0x0800c7d8   0x000003a4   Code   RO         1990    i.parse_servo_response  sq10.o
    0x0800cb7c   0x0800cb7c   0x000005d8   Code   RO         2218    i.process_can_queue  can.o
    0x0800d154   0x0800d154   0x00000020   Code   RO         6872    i.prvResetNextTaskUnblockTime  tasks.o
    0x0800d174   0x0800d174   0x0000000c   Code   RO         2748    i.read_start_mode   flash.o
    0x0800d180   0x0800d180   0x0000004c   Code   RO          869    i.select_sensor     bmi2.o
    0x0800d1cc   0x0800d1cc   0x0000007c   Code   RO          872    i.sensor_enable     bmi2.o
    0x0800d248   0x0800d248   0x00000098   Code   RO          873    i.set_accel_config  bmi2.o
    0x0800d2e0   0x0800d2e0   0x00000090   Code   RO          874    i.set_aux_config    bmi2.o
    0x0800d370   0x0800d370   0x00000036   Code   RO          875    i.set_config_load   bmi2.o
    0x0800d3a6   0x0800d3a6   0x000000ac   Code   RO          876    i.set_gyro_config   bmi2.o
    0x0800d452   0x0800d452   0x000000a2   Code   RO          877    i.set_gyro_user_gain_config  bmi2.o
    0x0800d4f4   0x0800d4f4   0x0000001c   Code   RO         2390    i.spi2_Receive_one_byte  hg25q256.o
    0x0800d510   0x0800d510   0x00000018   Code   RO         2391    i.spi2_Transmit_one_byte  hg25q256.o
    0x0800d528   0x0800d528   0x0000004a   Code   RO           24    i.string_to_hex     main.o
    0x0800d572   0x0800d572   0x00000040   Code   RO          894    i.upload_file       bmi2.o
    0x0800d5b2   0x0800d5b2   0x00000002   PAD
    0x0800d5b4   0x0800d5b4   0x00000028   Code   RO         1690    i.user_i2c_read     bmi270.o
    0x0800d5dc   0x0800d5dc   0x00000028   Code   RO         1691    i.user_i2c_write    bmi270.o
    0x0800d604   0x0800d604   0x00000024   Code   RO         6674    i.uxListRemove      list.o
    0x0800d628   0x0800d628   0x00000018   Code   RO         6678    i.vListInsertEnd    list.o
    0x0800d640   0x0800d640   0x00000044   Code   RO         6896    i.vTaskSwitchContext  tasks.o
    0x0800d684   0x0800d684   0x000000ba   Code   RO          899    i.write_config_file  bmi2.o
    0x0800d73e   0x0800d73e   0x00000002   PAD
    0x0800d740   0x0800d740   0x00000048   Code   RO         2749    i.write_start_mode  flash.o
    0x0800d788   0x0800d788   0x0000002c   Code   RO         7327    i.xPortSysTickHandler  port.o
    0x0800d7b4   0x0800d7b4   0x000000b4   Code   RO         6905    i.xTaskIncrementTick  tasks.o
    0x0800d868   0x0800d868   0x00000012   Code   RO         2219    i.xor_checksum      can.o
    0x0800d87a   0x0800d87a   0x00000002   PAD
    0x0800d87c   0x0800d87c   0x0000002c   Code   RO         7635    locale$$code        c_w.l(lc_ctype_c.o)
    0x0800d8a8   0x0800d8a8   0x0000002c   Code   RO         7638    locale$$code        c_w.l(lc_numeric_c.o)
    0x0800d8d4   0x0800d8d4   0x00000062   Code   RO         7477    x$fpl$d2f           fz_ws.l(d2f.o)
    0x0800d936   0x0800d936   0x00000002   PAD
    0x0800d938   0x0800d938   0x00000010   Code   RO         7550    x$fpl$dcheck1       fz_ws.l(dcheck1.o)
    0x0800d948   0x0800d948   0x00000026   Code   RO         7479    x$fpl$dfltu         fz_ws.l(dflt_clz.o)
    0x0800d96e   0x0800d96e   0x00000002   PAD
    0x0800d970   0x0800d970   0x00000154   Code   RO         7485    x$fpl$dmul          fz_ws.l(dmul.o)
    0x0800dac4   0x0800dac4   0x0000009c   Code   RO         7552    x$fpl$dnaninf       fz_ws.l(dnaninf.o)
    0x0800db60   0x0800db60   0x0000000c   Code   RO         7554    x$fpl$dretinf       fz_ws.l(dretinf.o)
    0x0800db6c   0x0800db6c   0x00000056   Code   RO         7487    x$fpl$f2d           fz_ws.l(f2d.o)
    0x0800dbc2   0x0800dbc2   0x0000008c   Code   RO         7556    x$fpl$fnaninf       fz_ws.l(fnaninf.o)
    0x0800dc4e   0x0800dc4e   0x0000000a   Code   RO         7558    x$fpl$fretinf       fz_ws.l(fretinf.o)
    0x0800dc58   0x0800dc58   0x00000004   Code   RO         7489    x$fpl$printf1       fz_ws.l(printf1.o)
    0x0800dc5c   0x0800dc5c   0x00000004   Code   RO         7560    x$fpl$printf2       fz_ws.l(printf2.o)
    0x0800dc60   0x0800dc60   0x00000064   Code   RO         7642    x$fpl$retnan        fz_ws.l(retnan.o)
    0x0800dcc4   0x0800dcc4   0x0000005c   Code   RO         7491    x$fpl$scalbn        fz_ws.l(scalbn.o)
    0x0800dd20   0x0800dd20   0x00000030   Code   RO         7703    x$fpl$trapveneer    fz_ws.l(trapv.o)
    0x0800dd50   0x0800dd50   0x00000000   Code   RO         7566    x$fpl$usenofp       fz_ws.l(usenofp.o)
    0x0800dd50   0x0800dd50   0x00000006   Data   RO          901    .constdata          bmi2.o
    0x0800dd56   0x0800dd56   0x00000002   PAD
    0x0800dd58   0x0800dd58   0x00002080   Data   RO         1694    .constdata          bmi270.o
    0x0800fdd8   0x0800fdd8   0x00000016   Data   RO         2221    .constdata          can.o
    0x0800fdee   0x0800fdee   0x0000c800   Data   RO         2698    .constdata          tft_data.o
    0x0801c5ee   0x0801c5ee   0x00000002   PAD
    0x0801c5f0   0x0801c5f0   0x00000018   Data   RO         2834    .constdata          log.o
    0x0801c608   0x0801c608   0x00000012   Data   RO         4465    .constdata          stm32f1xx_hal_rcc.o
    0x0801c61a   0x0801c61a   0x00000010   Data   RO         6543    .constdata          system_stm32f1xx.o
    0x0801c62a   0x0801c62a   0x00000008   Data   RO         6544    .constdata          system_stm32f1xx.o
    0x0801c632   0x0801c632   0x00000028   Data   RO         7431    .constdata          c_w.l(_printf_hex_int_ll_ptr.o)
    0x0801c65a   0x0801c65a   0x00000011   Data   RO         7451    .constdata          c_w.l(__printf_flags_ss_wp.o)
    0x0801c66b   0x0801c66b   0x00000001   PAD
    0x0801c66c   0x0801c66c   0x00000008   Data   RO         7520    .constdata          c_w.l(_printf_wctomb.o)
    0x0801c674   0x0801c674   0x00000026   Data   RO         7593    .constdata          c_w.l(_printf_fp_hex.o)
    0x0801c69a   0x0801c69a   0x00000002   PAD
    0x0801c69c   0x0801c69c   0x00000094   Data   RO         7604    .constdata          c_w.l(bigflt0.o)
    0x0801c730   0x0801c730   0x00000020   Data   RO         7786    Region$$Table       anon$$obj.o
    0x0801c750   0x0801c750   0x00000110   Data   RO         7634    locale$$data        c_w.l(lc_ctype_c.o)
    0x0801c860   0x0801c860   0x0000001c   Data   RO         7637    locale$$data        c_w.l(lc_numeric_c.o)


    Execution Region RW_IRAM1 (Exec base: 0x20000000, Load base: 0x0801c87c, Size: 0x00001460, Max: 0x0000c000, ABSOLUTE)

    Exec Addr    Load Addr    Size         Type   Attr      Idx    E Section Name        Object

    0x20000000   0x0801c87c   0x0000001c   Data   RW           35    .data               main.o
    0x2000001c   0x0801c898   0x00000001   Data   RW           36    .data               main.o
    0x2000001d   0x0801c899   0x00000003   PAD
    0x20000020   0x0801c89c   0x00000004   Data   RW          407    .data               usart.o
    0x20000024   0x0801c8a0   0x00000010   Data   RW         1695    .data               bmi270.o
    0x20000034   0x0801c8b0   0x0000005b   Data   RW         2017    .data               sq10.o
    0x2000008f   0x0801c90b   0x00000001   Data   RW         2020    .data               sq10.o
    0x20000090   0x0801c90c   0x00000006   Data   RW         2023    .data               sq10.o
    0x20000096   0x0801c912   0x00000002   PAD
    0x20000098   0x0801c914   0x0000002c   Data   RW         2222    .data               can.o
    0x200000c4   0x0801c940   0x00000008   Data   RW         2393    .data               hg25q256.o
    0x200000cc   0x0801c948   0x00000008   Data   RW         2835    .data               log.o
    0x200000d4   0x0801c950   0x00000001   Data   RW         2836    .data               log.o
    0x200000d5   0x0801c951   0x00000003   PAD
    0x200000d8   0x0801c954   0x0000000c   Data   RW         4302    .data               stm32f1xx_hal.o
    0x200000e4   0x0801c960   0x00000004   Data   RW         6545    .data               system_stm32f1xx.o
    0x200000e8   0x0801c964   0x0000003c   Data   RW         6914    .data               tasks.o
    0x20000124        -       0x000000c2   Zero   RW           25    .bss                main.o
    0x200001e6   0x0801c9a0   0x00000002   PAD
    0x200001e8        -       0x00000120   Zero   RW          406    .bss                usart.o
    0x20000308        -       0x00000030   Zero   RW          656    .bss                adc.o
    0x20000338        -       0x00000054   Zero   RW          703    .bss                i2c.o
    0x2000038c   0x0801c9a0   0x00000004   PAD
    0x20000390        -       0x00000068   Zero   RW         1693    .bss                bmi270.o
    0x200003f8        -       0x00000090   Zero   RW         1935    .bss                tim.o
    0x20000488        -       0x00000518   Zero   RW         2220    .bss                can.o
    0x200009a0        -       0x0000017c   Zero   RW         2327    .bss                spi.o
    0x20000b1c        -       0x000002e4   Zero   RW         6913    .bss                tasks.o
    0x20000e00        -       0x00000060   Zero   RW         7568    .bss                c_w.l(libspace.o)
    0x20000e60        -       0x00000200   Zero   RW            2    HEAP                startup_stm32f103xe.o
    0x20001060        -       0x00000400   Zero   RW            1    STACK               startup_stm32f103xe.o


==============================================================================

Image component sizes


      Code (inc. data)   RO Data    RW Data    ZI Data      Debug   Object Name

       192         28          0          0         48       1947   adc.o
      3950          6          6          0          0      35726   bmi2.o
       436         52       8320         16        104       9485   bmi270.o
      2428        534         22         44       1304      35226   can.o
        76          4          0          0          0        706   dma.o
       800        274          0          0          0       7135   flash.o
       328         20          0          0          0        959   gpio.o
       578         52          0          8          0       7126   hg25q256.o
       160         28          0          0         84       1501   i2c.o
        60          0          0          0          0       1376   list.o
      1016        260         24          9          0       6545   log.o
      1890        538          0         29        194     590092   main.o
       194         18          0          0          0       3598   port.o
       444         46          0          0        380       2385   spi.o
       984        548          0         98          0       5101   sq10.o
        64         26        304          0       1536        788   startup_stm32f103xe.o
       164         28          0         12          0       6317   stm32f1xx_hal.o
       948         46          0          0          0       5304   stm32f1xx_hal_adc.o
      1708          0          0          0          0      13953   stm32f1xx_hal_can.o
       234         24          0          0          0      29362   stm32f1xx_hal_cortex.o
      1236         52          0          0          0       4958   stm32f1xx_hal_dma.o
       564         48          0          0          0       4599   stm32f1xx_hal_gpio.o
      2382         56          0          0          0      12742   stm32f1xx_hal_i2c.o
        60          8          0          0          0        798   stm32f1xx_hal_msp.o
      1240         84         18          0          0       4972   stm32f1xx_hal_rcc.o
       236         12          0          0          0       1340   stm32f1xx_hal_rcc_ex.o
      2774         50          0          0          0      17241   stm32f1xx_hal_spi.o
       714         42          0          0          0       7040   stm32f1xx_hal_tim.o
       128         20          0          0          0       2309   stm32f1xx_hal_tim_ex.o
      2104         24          0          0          0      15215   stm32f1xx_hal_uart.o
       244         88          0          0          0       8667   stm32f1xx_it.o
        16          8         24          4          0       1131   system_stm32f1xx.o
       280         24          0         60        740      14044   tasks.o
      1468         18          0          0          0       4705   tft.o
         0          0      51200          0          0       1795   tft_data.o
       248         30          0          0        144       2073   tim.o
       692         72          0          4        288       5851   usart.o

    ----------------------------------------------------------------------
     31094       3168      59954        292       4828     874112   Object Totals
         0          0         32          0          0          0   (incl. Generated)
        54          0          4          8          6          0   (incl. Padding)

    ----------------------------------------------------------------------

      Code (inc. data)   RO Data    RW Data    ZI Data      Debug   Library Member Name

        24          4          0          0          0         84   __2printf.o
        44          6          0          0          0         84   __2sprintf.o
         8          0          0          0          0         68   __main.o
       392          4         17          0          0         92   __printf_flags_ss_wp.o
        14          0          0          0          0         68   __printf_wp.o
         0          0          0          0          0          0   __rtentry.o
        12          0          0          0          0          0   __rtentry2.o
         6          0          0          0          0          0   __rtentry4.o
        52          8          0          0          0          0   __scatter.o
        26          0          0          0          0          0   __scatter_copy.o
        28          0          0          0          0          0   __scatter_zi.o
        28          0          0          0          0         68   _chval.o
         6          0          0          0          0          0   _printf_a.o
         6          0          0          0          0          0   _printf_c.o
        44          0          0          0          0        108   _printf_char.o
        48          6          0          0          0         96   _printf_char_common.o
        36          4          0          0          0         80   _printf_char_file.o
        40          0          0          0          0         68   _printf_charcount.o
         6          0          0          0          0          0   _printf_d.o
       120         16          0          0          0         92   _printf_dec.o
         6          0          0          0          0          0   _printf_e.o
         6          0          0          0          0          0   _printf_f.o
      1054          0          0          0          0        216   _printf_fp_dec.o
       764          8         38          0          0        100   _printf_fp_hex.o
       128         16          0          0          0         84   _printf_fp_infnan.o
         6          0          0          0          0          0   _printf_g.o
       148          4         40          0          0        160   _printf_hex_int_ll_ptr.o
         6          0          0          0          0          0   _printf_i.o
       178          0          0          0          0         88   _printf_intcommon.o
        10          0          0          0          0          0   _printf_l.o
         6          0          0          0          0          0   _printf_lc.o
        10          0          0          0          0          0   _printf_ll.o
         6          0          0          0          0          0   _printf_lld.o
         6          0          0          0          0          0   _printf_lli.o
         6          0          0          0          0          0   _printf_llo.o
         6          0          0          0          0          0   _printf_llu.o
         6          0          0          0          0          0   _printf_llx.o
       124         16          0          0          0         92   _printf_longlong_dec.o
         6          0          0          0          0          0   _printf_ls.o
         6          0          0          0          0          0   _printf_n.o
         6          0          0          0          0          0   _printf_o.o
       112         10          0          0          0        124   _printf_oct_int_ll.o
         6          0          0          0          0          0   _printf_p.o
        78          0          0          0          0        108   _printf_pad.o
         0          0          0          0          0          0   _printf_percent.o
         4          0          0          0          0          0   _printf_percent_end.o
         6          0          0          0          0          0   _printf_s.o
        82          0          0          0          0         80   _printf_str.o
        36          0          0          0          0         84   _printf_truncate.o
         6          0          0          0          0          0   _printf_u.o
        44          0          0          0          0        108   _printf_wchar.o
       188          6          8          0          0         92   _printf_wctomb.o
         6          0          0          0          0          0   _printf_x.o
        16          0          0          0          0         68   _snputc.o
        10          0          0          0          0         68   _sputc.o
       158          0          0          0          0         92   _strtoul.o
        64          0          0          0          0         92   _wcrtomb.o
       228          4        148          0          0         96   bigflt0.o
      1936        128          0          0          0        672   btod.o
        18          0          0          0          0         80   exit.o
         8          0          0          0          0         68   ferror.o
         6          0          0          0          0        152   heapauxi.o
         0          0          0          0          0          0   indicate_semi.o
        44         10        272          0          0         76   lc_ctype_c.o
        44         10         28          0          0         76   lc_numeric_c.o
         2          0          0          0          0          0   libinit.o
        30          0          0          0          0          0   libinit2.o
         2          0          0          0          0          0   libshutdown.o
         2          0          0          0          0          0   libshutdown2.o
         8          4          0          0         96         68   libspace.o
       138          0          0          0          0         80   lludiv10.o
        88          0          0          0          0         76   memcmp.o
        16          4          0          0          0         76   rt_ctype_table.o
         8          4          0          0          0         68   rt_errno_addr_intlibspace.o
         8          4          0          0          0         68   rt_locale_intlibspace.o
        68          0          0          0          0         68   rt_memclr.o
        78          0          0          0          0         80   rt_memclr_w.o
       138          0          0          0          0         68   rt_memcpy_v6.o
       100          0          0          0          0         80   rt_memcpy_w.o
         2          0          0          0          0          0   rtexit.o
        10          0          0          0          0          0   rtexit2.o
       128          0          0          0          0         68   strcmpv7m.o
        62          0          0          0          0         76   strlen.o
       112          0          0          0          0         88   strtol.o
        12          4          0          0          0         68   sys_exit.o
        74          0          0          0          0         80   sys_stackheap_outer.o
         2          0          0          0          0         68   use_no_semi.o
        52          4          0          0          0         80   vsnprintf.o
        98          4          0          0          0         92   d2f.o
        16          4          0          0          0         68   dcheck1.o
        38          0          0          0          0         68   dflt_clz.o
       340         12          0          0          0        104   dmul.o
       156          4          0          0          0         92   dnaninf.o
        12          0          0          0          0         68   dretinf.o
        86          4          0          0          0         84   f2d.o
       140          4          0          0          0         84   fnaninf.o
        10          0          0          0          0         68   fretinf.o
         4          0          0          0          0         68   printf1.o
         4          0          0          0          0         68   printf2.o
       100          0          0          0          0         68   retnan.o
        92          0          0          0          0         68   scalbn.o
        48          0          0          0          0         68   trapv.o
         0          0          0          0          0          0   usenofp.o
        40          0          0          0          0         68   fpclassify.o

    ----------------------------------------------------------------------
      8874        316        554          0         96       6180   Library Totals
        16          0          3          0          0          0   (incl. Padding)

    ----------------------------------------------------------------------

      Code (inc. data)   RO Data    RW Data    ZI Data      Debug   Library Name

      7674        284        551          0         96       5044   c_w.l
      1144         32          0          0          0       1068   fz_ws.l
        40          0          0          0          0         68   m_ws.l

    ----------------------------------------------------------------------
      8874        316        554          0         96       6180   Library Totals

    ----------------------------------------------------------------------

==============================================================================


      Code (inc. data)   RO Data    RW Data    ZI Data      Debug   

     39968       3484      60508        292       4924     863076   Grand Totals
     39968       3484      60508        292       4924     863076   ELF Image Totals
     39968       3484      60508        292          0          0   ROM Totals

==============================================================================

    Total RO  Size (Code + RO Data)               100476 (  98.12kB)
    Total RW  Size (RW Data + ZI Data)              5216 (   5.09kB)
    Total ROM Size (Code + RO Data + RW Data)     100768 (  98.41kB)

==============================================================================

