Component: ARM Compiler 5.06 update 7 (build 960) Tool: armlink [4d3601]

==============================================================================

Section Cross References

    startup_stm32f103xe.o(STACK) refers (Special) to heapauxi.o(.text) for __use_two_region_memory
    startup_stm32f103xe.o(HEAP) refers (Special) to heapauxi.o(.text) for __use_two_region_memory
    startup_stm32f103xe.o(RESET) refers (Special) to heapauxi.o(.text) for __use_two_region_memory
    startup_stm32f103xe.o(RESET) refers to startup_stm32f103xe.o(STACK) for __initial_sp
    startup_stm32f103xe.o(RESET) refers to startup_stm32f103xe.o(.text) for Reset_Handler
    startup_stm32f103xe.o(RESET) refers to stm32f1xx_it.o(i.NMI_Handler) for NMI_Handler
    startup_stm32f103xe.o(RESET) refers to stm32f1xx_it.o(i.MemManage_Handler) for MemManage_Handler
    startup_stm32f103xe.o(RESET) refers to stm32f1xx_it.o(i.BusFault_Handler) for BusFault_Handler
    startup_stm32f103xe.o(RESET) refers to stm32f1xx_it.o(i.UsageFault_Handler) for UsageFault_Handler
    startup_stm32f103xe.o(RESET) refers to port.o(.emb_text) for SVC_Handler
    startup_stm32f103xe.o(RESET) refers to stm32f1xx_it.o(i.DebugMon_Handler) for DebugMon_Handler
    startup_stm32f103xe.o(RESET) refers to port.o(i.SysTick_Handler) for SysTick_Handler
    startup_stm32f103xe.o(RESET) refers to stm32f1xx_it.o(i.EXTI2_IRQHandler) for EXTI2_IRQHandler
    startup_stm32f103xe.o(RESET) refers to stm32f1xx_it.o(i.DMA1_Channel3_IRQHandler) for DMA1_Channel3_IRQHandler
    startup_stm32f103xe.o(RESET) refers to stm32f1xx_it.o(i.DMA1_Channel4_IRQHandler) for DMA1_Channel4_IRQHandler
    startup_stm32f103xe.o(RESET) refers to stm32f1xx_it.o(i.DMA1_Channel5_IRQHandler) for DMA1_Channel5_IRQHandler
    startup_stm32f103xe.o(RESET) refers to stm32f1xx_it.o(i.USB_LP_CAN1_RX0_IRQHandler) for USB_LP_CAN1_RX0_IRQHandler
    startup_stm32f103xe.o(RESET) refers to stm32f1xx_it.o(i.TIM4_IRQHandler) for TIM4_IRQHandler
    startup_stm32f103xe.o(RESET) refers to stm32f1xx_it.o(i.USART2_IRQHandler) for USART2_IRQHandler
    startup_stm32f103xe.o(RESET) refers to stm32f1xx_it.o(i.USART3_IRQHandler) for USART3_IRQHandler
    startup_stm32f103xe.o(RESET) refers to stm32f1xx_it.o(i.UART5_IRQHandler) for UART5_IRQHandler
    startup_stm32f103xe.o(.text) refers (Special) to heapauxi.o(.text) for __use_two_region_memory
    startup_stm32f103xe.o(.text) refers to stm32f1xx_it.o(i.hard_fault_handler_c) for hard_fault_handler_c
    startup_stm32f103xe.o(.text) refers to system_stm32f1xx_1.o(i.SystemInit) for SystemInit
    startup_stm32f103xe.o(.text) refers to __main.o(!!!main) for __main
    startup_stm32f103xe.o(.text) refers to startup_stm32f103xe.o(HEAP) for Heap_Mem
    startup_stm32f103xe.o(.text) refers to startup_stm32f103xe.o(STACK) for Stack_Mem
    main.o(i.HAL_SPI_RxCpltCallback) refers to hg25q256.o(i.HG25Q256_Disable) for HG25Q256_Disable
    main.o(i.HAL_SPI_RxCpltCallback) refers to hg25q256.o(.data) for dma_transfer_complete
    main.o(i.HAL_SPI_TxCpltCallback) refers to stm32f1xx_hal_gpio.o(i.HAL_GPIO_WritePin) for HAL_GPIO_WritePin
    main.o(i.HAL_SPI_TxCpltCallback) refers to hg25q256.o(.data) for dma_transfer_complete_spi1
    main.o(i.HAL_SPI_TxCpltCallback) refers to hg25q256.o(.data) for dma_transfer_complete
    main.o(i.HAL_TIM_PeriodElapsedCallback) refers to stm32f1xx_hal.o(i.HAL_IncTick) for HAL_IncTick
    main.o(i.HAL_UART_RxCpltCallback) refers to stm32f1xx_hal_uart.o(i.HAL_UART_Receive_IT) for HAL_UART_Receive_IT
    main.o(i.HAL_UART_RxCpltCallback) refers to sq10.o(i.calculate_checksum) for calculate_checksum
    main.o(i.HAL_UART_RxCpltCallback) refers to sq10.o(i.parse_servo_response) for parse_servo_response
    main.o(i.HAL_UART_RxCpltCallback) refers to __2printf.o(.text) for __2printf
    main.o(i.HAL_UART_RxCpltCallback) refers to main.o(.data) for .data
    main.o(i.HAL_UART_RxCpltCallback) refers to main.o(.bss) for .bss
    main.o(i.HAL_UART_RxCpltCallback) refers to usart.o(.bss) for huart1
    main.o(i.HAL_UART_RxCpltCallback) refers to sq10.o(.data) for update_servo
    main.o(i.HAL_UART_TxCpltCallback) refers to __2printf.o(.text) for __2printf
    main.o(i.LED_Blink) refers to stm32f1xx_hal_gpio.o(i.HAL_GPIO_WritePin) for HAL_GPIO_WritePin
    main.o(i.LED_Blink) refers to stm32f1xx_hal.o(i.HAL_Delay) for HAL_Delay
    main.o(i.Log) refers to _printf_percent.o(.ARM.Collect$$_printf_percent$$00000000) for _printf_percent
    main.o(i.Log) refers to _printf_x.o(.ARM.Collect$$_printf_percent$$0000000C) for _printf_x
    main.o(i.Log) refers to _printf_s.o(.ARM.Collect$$_printf_percent$$00000014) for _printf_s
    main.o(i.Log) refers to _printf_hex_int_ll_ptr.o(.text) for _printf_longlong_hex
    main.o(i.Log) refers to _printf_str.o(.text) for _printf_str
    main.o(i.Log) refers to vsnprintf.o(.text) for vsnprintf
    main.o(i.Log) refers to cmsis_os.o(i.osMutexWait) for osMutexWait
[...]
    HAL_TIM_PWM_PulseFinishedCallback        0x08008efd   Thumb Code     2  stm32f1xx_hal_tim.o(i.HAL_TIM_PWM_PulseFinishedCallback)
    HAL_TIM_PeriodElapsedCallback            0x08008f01   Thumb Code    14  main.o(i.HAL_TIM_PeriodElapsedCallback)
    HAL_TIM_TriggerCallback                  0x08008f15   Thumb Code     2  stm32f1xx_hal_tim.o(i.HAL_TIM_TriggerCallback)
    HAL_UARTEx_RxEventCallback               0x08008f17   Thumb Code     2  stm32f1xx_hal_uart.o(i.HAL_UARTEx_RxEventCallback)
    HAL_UART_ErrorCallback                   0x08008f19   Thumb Code     2  stm32f1xx_hal_uart.o(i.HAL_UART_ErrorCallback)
    HAL_UART_IRQHandler                      0x08008f1d   Thumb Code   616  stm32f1xx_hal_uart.o(i.HAL_UART_IRQHandler)
    HAL_UART_Init                            0x08009189   Thumb Code   100  stm32f1xx_hal_uart.o(i.HAL_UART_Init)
    HAL_UART_MspInit                         0x080091ed   Thumb Code   454  usart.o(i.HAL_UART_MspInit)
    HAL_UART_Receive_IT                      0x080093e1   Thumb Code    28  stm32f1xx_hal_uart.o(i.HAL_UART_Receive_IT)
    HAL_UART_RxCpltCallback                  0x080093fd   Thumb Code   182  main.o(i.HAL_UART_RxCpltCallback)
    HAL_UART_Transmit                        0x080094e5   Thumb Code   160  stm32f1xx_hal_uart.o(i.HAL_UART_Transmit)
    HAL_UART_TxCpltCallback                  0x08009585   Thumb Code    16  main.o(i.HAL_UART_TxCpltCallback)
    HG25Q256_Disable                         0x080095ad   Thumb Code    10  hg25q256.o(i.HG25Q256_Disable)
    HG25Q256_Enable                          0x080095bd   Thumb Code    12  hg25q256.o(i.HG25Q256_Enable)
    HG25Q256_Erase_Sector                    0x080095cd   Thumb Code    56  hg25q256.o(i.HG25Q256_Erase_Sector)
    HG25Q256_ReadSR                          0x08009605   Thumb Code    26  hg25q256.o(i.HG25Q256_ReadSR)
    HG25Q256_Read_Data                       0x0800961f   Thumb Code    66  hg25q256.o(i.HG25Q256_Read_Data)
    HG25Q256_Read_Data_DMA                   0x08009661   Thumb Code   108  hg25q256.o(i.HG25Q256_Read_Data_DMA)
    HG25Q256_Send_Data_DMA                   0x080096d9   Thumb Code   102  hg25q256.o(i.HG25Q256_Send_Data_DMA)
    HG25Q256_Wait_Busy                       0x0800974d   Thumb Code    14  hg25q256.o(i.HG25Q256_Wait_Busy)
    HG25Q256_Write_Enable                    0x0800975b   Thumb Code    20  hg25q256.o(i.HG25Q256_Write_Enable)
    Log                                      0x08009bad   Thumb Code   106  main.o(i.Log)
    Log_StorageInit                          0x08009c71   Thumb Code    76  log.o(i.Log_StorageInit)
    Log_UpdateWriteAddr                      0x08009cc1   Thumb Code    46  log.o(i.Log_UpdateWriteAddr)
    Log_WriteToFlash_DMA                     0x08009cf5   Thumb Code   176  log.o(i.Log_WriteToFlash_DMA)
    MX_ADC1_Init                             0x08009dad   Thumb Code    70  adc.o(i.MX_ADC1_Init)
    MX_BMI270_Init                           0x08009dfd   Thumb Code   138  bmi270.o(i.MX_BMI270_Init)
    MX_CAN_Init                              0x08009ea1   Thumb Code   110  can.o(i.MX_CAN_Init)
    MX_DMA_Init                              0x08009f19   Thumb Code    72  dma.o(i.MX_DMA_Init)
    MX_FREERTOS_Init                         0x08009f65   Thumb Code   110  freertos.o(i.MX_FREERTOS_Init)
    MX_GPIO_Init                             0x08009fed   Thumb Code   302  gpio.o(i.MX_GPIO_Init)
    MX_I2C2_Init                             0x0800a131   Thumb Code    50  i2c.o(i.MX_I2C2_Init)
    MX_SPI1_Init                             0x0800a171   Thumb Code    60  spi.o(i.MX_SPI1_Init)
    MX_SPI2_Init                             0x0800a1b5   Thumb Code    62  spi.o(i.MX_SPI2_Init)
    MX_TIM6_Init                             0x0800a1fd   Thumb Code    64  tim.o(i.MX_TIM6_Init)
    MX_TIM7_Init                             0x0800a245   Thumb Code    62  tim.o(i.MX_TIM7_Init)
    MX_UART5_Init                            0x0800a28d   Thumb Code    48  usart.o(i.MX_UART5_Init)
    MX_USART1_UART_Init                      0x0800a2c5   Thumb Code    48  usart.o(i.MX_USART1_UART_Init)
    MX_USART2_UART_Init                      0x0800a2fd   Thumb Code    48  usart.o(i.MX_USART2_UART_Init)
    MX_USART3_UART_Init                      0x0800a335   Thumb Code    48  usart.o(i.MX_USART3_UART_Init)
    MemManage_Handler                        0x0800a36d   Thumb Code     2  stm32f1xx_it.o(i.MemManage_Handler)
    My_UART_Transmit                         0x0800a371   Thumb Code    80  main.o(i.My_UART_Transmit)
    NMI_Handler                              0x0800a445   Thumb Code     2  stm32f1xx_it.o(i.NMI_Handler)
    SPI_SendByte                             0x0800a641   Thumb Code    36  tft.o(i.SPI_SendByte)
    Servo_QueryStatus                        0x0800a725   Thumb Code    60  sq10.o(i.Servo_QueryStatus)
    Servo_ReleaseTorque                      0x0800a77d   Thumb Code    70  sq10.o(i.Servo_ReleaseTorque)
    SysTick_Handler                          0x0800a7fd   Thumb Code    46  port.o(i.SysTick_Handler)
    SystemClock_Config                       0x0800a835   Thumb Code   122  main.o(i.SystemClock_Config)
    SystemInit                               0x0800a8b1   Thumb Code     8  system_stm32f1xx_1.o(i.SystemInit)
    TFT_SEND_CMD                             0x0800a8c1   Thumb Code    26  tft.o(i.TFT_SEND_CMD)
    TFT_SEND_DATA                            0x0800a8e1   Thumb Code    24  tft.o(i.TFT_SEND_DATA)
    TFT_SET_ADD                              0x0800a8fd   Thumb Code    94  tft.o(i.TFT_SET_ADD)
    TFT_full                                 0x0800a95b   Thumb Code    56  tft.o(i.TFT_full)
    TFT_init                                 0x0800a995   Thumb Code  1184  tft.o(i.TFT_init)
    TIM4_IRQHandler                          0x0800ae35   Thumb Code     6  stm32f1xx_it.o(i.TIM4_IRQHandler)
    TIM_Base_SetConfig                       0x0800ae41   Thumb Code   134  stm32f1xx_hal_tim.o(i.TIM_Base_SetConfig)
    UART5_IRQHandler                         0x0800aedd   Thumb Code     6  stm32f1xx_it.o(i.UART5_IRQHandler)
    UART_Start_Receive_IT                    0x0800b0c1   Thumb Code    54  stm32f1xx_hal_uart.o(i.UART_Start_Receive_IT)
    USART2_IRQHandler                        0x0800b169   Thumb Code     6  stm32f1xx_it.o(i.USART2_IRQHandler)
    USART3_IRQHandler                        0x0800b175   Thumb Code     6  stm32f1xx_it.o(i.USART3_IRQHandler)
    USB_LP_CAN1_RX0_IRQHandler               0x0800b181   Thumb Code     6  stm32f1xx_it.o(i.USB_LP_CAN1_RX0_IRQHandler)
    UsageFault_Handler                       0x0800b18d   Thumb Code     2  stm32f1xx_it.o(i.UsageFault_Handler)
    __ARM_fpclassify                         0x0800b18f   Thumb Code    40  fpclassify.o(i.__ARM_fpclassify)
    _is_digit                                0x0800b1d7   Thumb Code    14  __printf_wp.o(i._is_digit)
    bmi270_init                              0x0800b1e5   Thumb Code   102  bmi270.o(i.bmi270_init)
    bmi270_read_id                           0x0800b259   Thumb Code    36  bmi270.o(i.bmi270_read_id)
    bmi2_extract_input_feat_config           0x0800b27d   Thumb Code    54  bmi2.o(i.bmi2_extract_input_feat_config)
    bmi2_get_feat_config                     0x0800b2b3   Thumb Code   160  bmi2.o(i.bmi2_get_feat_config)
    bmi2_get_feature_data                    0x0800b353   Thumb Code   132  bmi2.o(i.bmi2_get_feature_data)
    bmi2_get_gyro_cross_sense                0x0800b3d7   Thumb Code    64  bmi2.o(i.bmi2_get_gyro_cross_sense)
    bmi2_get_internal_status                 0x0800b417   Thumb Code    48  bmi2.o(i.bmi2_get_internal_status)
    bmi2_get_regs                            0x0800b447   Thumb Code   126  bmi2.o(i.bmi2_get_regs)
    bmi2_get_sensor_config                   0x0800b4c5   Thumb Code   276  bmi2.o(i.bmi2_get_sensor_config)
    bmi2_get_status                          0x0800b5d9   Thumb Code    38  bmi2.o(i.bmi2_get_status)
    bmi2_map_data_int                        0x0800b5ff   Thumb Code   118  bmi2.o(i.bmi2_map_data_int)
    bmi2_sec_init                            0x0800b675   Thumb Code   114  bmi2.o(i.bmi2_sec_init)
    bmi2_sensor_enable                       0x0800b6ed   Thumb Code    56  bmi2.o(i.bmi2_sensor_enable)
    bmi2_set_adv_power_save                  0x0800b725   Thumb Code    84  bmi2.o(i.bmi2_set_adv_power_save)
    bmi2_set_regs                            0x0800b779   Thumb Code   156  bmi2.o(i.bmi2_set_regs)
    bmi2_set_sensor_config                   0x0800b815   Thumb Code   166  bmi2.o(i.bmi2_set_sensor_config)
    bmi2_soft_reset                          0x0800b8bb   Thumb Code    96  bmi2.o(i.bmi2_soft_reset)
    bmi2_write_config_file                   0x0800b91b   Thumb Code    96  bmi2.o(i.bmi2_write_config_file)
    bmi_delayUs                              0x0800b97b   Thumb Code    16  bmi270.o(i.bmi_delayUs)
    calculate_checksum                       0x0800b98d   Thumb Code    48  sq10.o(i.calculate_checksum)
    fputc                                    0x0800bcb5   Thumb Code    20  usart.o(i.fputc)
    hard_fault_handler_c                     0x0800bf39   Thumb Code    48  stm32f1xx_it.o(i.hard_fault_handler_c)
    hg25q256mw_read_id                       0x0800bf6d   Thumb Code    72  hg25q256.o(i.hg25q256mw_read_id)
    main                                     0x0800bfc5   Thumb Code   348  main.o(i.main)
    osDelay                                  0x0800c1e9   Thumb Code    14  cmsis_os.o(i.osDelay)
    osKernelStart                            0x0800c1f7   Thumb Code    10  cmsis_os.o(i.osKernelStart)
    osMessageCreate                          0x0800c201   Thumb Code    38  cmsis_os.o(i.osMessageCreate)
    osMutexCreate                            0x0800c227   Thumb Code    16  cmsis_os.o(i.osMutexCreate)
    osMutexRelease                           0x0800c239   Thumb Code    74  cmsis_os.o(i.osMutexRelease)
    osMutexWait                              0x0800c289   Thumb Code    96  cmsis_os.o(i.osMutexWait)
    osThreadCreate                           0x0800c2ed   Thumb Code    84  cmsis_os.o(i.osThreadCreate)
    ota_flash_write                          0x0800c341   Thumb Code   144  flash.o(i.ota_flash_write)
    parse_servo_response                     0x0800c499   Thumb Code   398  sq10.o(i.parse_servo_response)
    pvPortMalloc                             0x0800cffd   Thumb Code   216  heap_4.o(i.pvPortMalloc)
    pvTaskIncrementMutexHeldCount            0x0800d0d9   Thumb Code    18  tasks.o(i.pvTaskIncrementMutexHeldCount)
    pxPortInitialiseStack                    0x0800d0f1   Thumb Code    32  port.o(i.pxPortInitialiseStack)
    read_start_mode                          0x0800d115   Thumb Code     6  flash.o(i.read_start_mode)
    spi2_Receive_one_byte                    0x0800d495   Thumb Code    22  hg25q256.o(i.spi2_Receive_one_byte)
    spi2_Transmit_one_byte                   0x0800d4b1   Thumb Code    18  hg25q256.o(i.spi2_Transmit_one_byte)
    uart1_print                              0x0800d4c9   Thumb Code    62  main.o(i.uart1_print)
    user_i2c_read                            0x0800d551   Thumb Code    34  bmi270.o(i.user_i2c_read)
    user_i2c_write                           0x0800d579   Thumb Code    34  bmi270.o(i.user_i2c_write)
    uxListRemove                             0x0800d5a1   Thumb Code    38  list.o(i.uxListRemove)
    vApplicationGetIdleTaskMemory            0x0800d5c9   Thumb Code    18  freertos.o(i.vApplicationGetIdleTaskMemory)
    vApplicationGetTimerTaskMemory           0x0800d5e1   Thumb Code    18  cmsis_os.o(i.vApplicationGetTimerTaskMemory)
    vApplicationStackOverflowHook            0x0800d5f9   Thumb Code    32  freertos.o(i.vApplicationStackOverflowHook)
    vListInitialise                          0x0800d661   Thumb Code    22  list.o(i.vListInitialise)
    vListInitialiseItem                      0x0800d677   Thumb Code     6  list.o(i.vListInitialiseItem)
    vListInsert                              0x0800d67d   Thumb Code    48  list.o(i.vListInsert)
    vListInsertEnd                           0x0800d6ad   Thumb Code    24  list.o(i.vListInsertEnd)
    vPortEnterCritical                       0x0800d6c5   Thumb Code    54  port.o(i.vPortEnterCritical)
    vPortExitCritical                        0x0800d705   Thumb Code    34  port.o(i.vPortExitCritical)
    vPortFree                                0x0800d72d   Thumb Code    94  heap_4.o(i.vPortFree)
    vPortSetupTimerInterrupt                 0x0800d791   Thumb Code    32  port.o(i.vPortSetupTimerInterrupt)
    vPortValidateInterruptPriority           0x0800d7b5   Thumb Code    74  port.o(i.vPortValidateInterruptPriority)
    vQueueAddToRegistry                      0x0800d809   Thumb Code    34  queue.o(i.vQueueAddToRegistry)
    vQueueWaitForMessageRestricted           0x0800d831   Thumb Code    68  queue.o(i.vQueueWaitForMessageRestricted)
    vTaskDelay                               0x0800d875   Thumb Code    66  tasks.o(i.vTaskDelay)
    vTaskDelayUntil                          0x0800d8c1   Thumb Code   132  tasks.o(i.vTaskDelayUntil)
    vTaskInternalSetTimeOutState             0x0800d94d   Thumb Code    12  tasks.o(i.vTaskInternalSetTimeOutState)
    vTaskMissedYield                         0x0800d95d   Thumb Code     8  tasks.o(i.vTaskMissedYield)
    vTaskPlaceOnEventList                    0x0800d969   Thumb Code    44  tasks.o(i.vTaskPlaceOnEventList)
    vTaskPlaceOnEventListRestricted          0x0800d999   Thumb Code    52  tasks.o(i.vTaskPlaceOnEventListRestricted)
    vTaskPriorityDisinheritAfterTimeout      0x0800d9d1   Thumb Code   152  tasks.o(i.vTaskPriorityDisinheritAfterTimeout)
    vTaskStartScheduler                      0x0800da71   Thumb Code   118  tasks.o(i.vTaskStartScheduler)
    vTaskSuspendAll                          0x0800daf9   Thumb Code    10  tasks.o(i.vTaskSuspendAll)
    vTaskSwitchContext                       0x0800db09   Thumb Code   126  tasks.o(i.vTaskSwitchContext)
    write_start_mode                         0x0800dc4d   Thumb Code    38  flash.o(i.write_start_mode)
    xPortStartScheduler                      0x0800dc95   Thumb Code   154  port.o(i.xPortStartScheduler)
    xQueueCreateMutex                        0x0800dd3d   Thumb Code    22  queue.o(i.xQueueCreateMutex)
    xQueueCreateMutexStatic                  0x0800dd53   Thumb Code    26  queue.o(i.xQueueCreateMutexStatic)
    xQueueGenericCreate                      0x0800dd6d   Thumb Code    66  queue.o(i.xQueueGenericCreate)
    xQueueGenericCreateStatic                0x0800ddaf   Thumb Code   102  queue.o(i.xQueueGenericCreateStatic)
    xQueueGenericReset                       0x0800de15   Thumb Code   132  queue.o(i.xQueueGenericReset)
    xQueueGenericSend                        0x0800de9d   Thumb Code   346  queue.o(i.xQueueGenericSend)
    xQueueGenericSendFromISR                 0x0800dffd   Thumb Code   190  queue.o(i.xQueueGenericSendFromISR)
    xQueueGiveFromISR                        0x0800e0bb   Thumb Code   156  queue.o(i.xQueueGiveFromISR)
    xQueueReceive                            0x0800e159   Thumb Code   308  queue.o(i.xQueueReceive)
    xQueueReceiveFromISR                     0x0800e291   Thumb Code   154  queue.o(i.xQueueReceiveFromISR)
    xQueueSemaphoreTake                      0x0800e32d   Thumb Code   372  queue.o(i.xQueueSemaphoreTake)
    xTaskCheckForTimeOut                     0x0800e4a5   Thumb Code   112  tasks.o(i.xTaskCheckForTimeOut)
    xTaskCreate                              0x0800e519   Thumb Code    90  tasks.o(i.xTaskCreate)
    xTaskCreateStatic                        0x0800e573   Thumb Code    86  tasks.o(i.xTaskCreateStatic)
    xTaskGetSchedulerState                   0x0800e5c9   Thumb Code    22  tasks.o(i.xTaskGetSchedulerState)
    xTaskGetTickCount                        0x0800e5e5   Thumb Code     6  tasks.o(i.xTaskGetTickCount)
    xTaskIncrementTick                       0x0800e5f1   Thumb Code   194  tasks.o(i.xTaskIncrementTick)
    xTaskPriorityDisinherit                  0x0800e6bd   Thumb Code   144  tasks.o(i.xTaskPriorityDisinherit)
    xTaskPriorityInherit                     0x0800e755   Thumb Code   130  tasks.o(i.xTaskPriorityInherit)
    xTaskRemoveFromEventList                 0x0800e7e1   Thumb Code   108  tasks.o(i.xTaskRemoveFromEventList)
    xTaskResumeAll                           0x0800e855   Thumb Code   182  tasks.o(i.xTaskResumeAll)
    xTimerCreateTimerTask                    0x0800e919   Thumb Code    78  timers.o(i.xTimerCreateTimerTask)
    xTimerGenericCommand                     0x0800e979   Thumb Code    98  timers.o(i.xTimerGenericCommand)
    xor_checksum                             0x0800e9e1   Thumb Code    18  can.o(i.xor_checksum)
    _get_lc_ctype                            0x0800e9f5   Thumb Code    44  lc_ctype_c.o(locale$$code)
    _get_lc_numeric                          0x0800ea21   Thumb Code    44  lc_numeric_c.o(locale$$code)
    _printf_fp_dec                           0x0800ea4d   Thumb Code     4  printf1.o(x$fpl$printf1)
    _printf_fp_hex                           0x0800ea51   Thumb Code     4  printf2.o(x$fpl$printf2)
    __I$use$fp                               0x0800ea54   Number         0  usenofp.o(x$fpl$usenofp)
    bmi270_config_file                       0x0800eaa4   Data        8192  bmi270.o(.constdata)
    bmi270_feat_in                           0x08010aa4   Data          51  bmi270.o(.constdata)
    bmi270_feat_out                          0x08010ad7   Data          21  bmi270.o(.constdata)
    AHBPrescTable                            0x08010b36   Data          16  system_stm32f1xx_1.o(.constdata)
    APBPrescTable                            0x08010b46   Data           8  system_stm32f1xx_1.o(.constdata)
    Region$$Table$$Base                      0x08010c54   Number         0  anon$$obj.o(Region$$Table)
    Region$$Table$$Limit                     0x08010c74   Number         0  anon$$obj.o(Region$$Table)
    __ctype                                  0x08010c81   Data           0  lc_ctype_c.o(locale$$data)
    uart1_rx_cnt                             0x20000000   Data           1  main.o(.data)
    uart1_rx_flag                            0x20000001   Data           1  main.o(.data)
    rx_frame_index                           0x20000002   Data           1  main.o(.data)
    uart1_ch                                 0x20000003   Data           1  main.o(.data)
    uart5_ch                                 0x20000004   Data           1  main.o(.data)
    bmi_id                                   0x20000005   Data           1  main.o(.data)
    hg25q256_id                              0x20000006   Data           2  main.o(.data)
    uart5MutexHandle                         0x20000008   Data           4  main.o(.data)
    g_mutex_printf                           0x2000000c   Data           4  main.o(.data)
    logMutexHandle                           0x20000010   Data           4  main.o(.data)
    tick                                     0x20000014   Data           4  main.o(.data)
    canRxQueueHandle                         0x20000018   Data           4  main.o(.data)
    power_on                                 0x2000001c   Data           1  freertos.o(.data)
    ota_status                               0x2000001d   Data           1  freertos.o(.data)
    ota_total_len                            0x20000020   Data           4  freertos.o(.data)
    ota_recv_len                             0x20000024   Data           4  freertos.o(.data)
    CanTaskHandle                            0x20000028   Data           4  freertos.o(.data)
    ServeTestTaskHandle                      0x2000002c   Data           4  freertos.o(.data)
    servoQueueHandle                         0x20000030   Data           4  freertos.o(.data)
    __stdout                                 0x20000038   Data           4  usart.o(.data)
    bmi270_map_int                           0x2000003c   Data          16  bmi270.o(.data)
    dma_transfer_complete                    0x2000004c   Data           1  hg25q256.o(.data)
    dma_transfer_complete_spi1               0x2000004d   Data           1  hg25q256.o(.data)
    g_checksum                               0x20000050   Data           1  sq10.o(.data)
    posframe_checksum                        0x20000051   Data           1  sq10.o(.data)
    position                                 0x20000052   Data           2  sq10.o(.data)
    cur_current                              0x20000054   Data           2  sq10.o(.data)
    emergency_flags                          0x20000056   Data           6  sq10.o(.data)
    servo_status                             0x2000005c   Data           6  sq10.o(.data)
    setID_array                              0x20000062   Data           7  sq10.o(.data)
    angle_speed                              0x20000069   Data          54  sq10.o(.data)
    more_servos                              0x200000a0   Data         120  sq10.o(.data)
    update_servo                             0x20000118   Data           6  sq10.o(.data)
    g_log_storage_full                       0x20000120   Data           1  log.o(.data)
    g_log_current_addr                       0x20000124   Data           4  log.o(.data)
    g_trigger_log_send                       0x20000128   Data           1  log.o(.data)
    uwTickFreq                               0x2000012c   Data           1  stm32f1xx_hal.o(.data)
    uwTickPrio                               0x20000130   Data           4  stm32f1xx_hal.o(.data)
    uwTick                                   0x20000134   Data           4  stm32f1xx_hal.o(.data)
    SystemCoreClock                          0x20000138   Data           4  system_stm32f1xx_1.o(.data)
    pxCurrentTCB                             0x2000013c   Data           4  tasks.o(.data)
    uart1_rxbuf                              0x200001b8   Data          40  main.o(.bss)
    rx_frame                                 0x200001e0   Data          32  main.o(.bss)
    huart5                                   0x20000658   Data          72  usart.o(.bss)
    huart2                                   0x200006a0   Data          72  usart.o(.bss)
    huart3                                   0x200006e8   Data          72  usart.o(.bss)
    huart1                                   0x20000730   Data          72  usart.o(.bss)
    hdma_uart5_tx                            0x20000778   Data          68  usart.o(.bss)
    htim4                                    0x200007bc   Data          72  stm32f1xx_hal_timebase_tim.o(.bss)
    hadc1                                    0x20000804   Data          48  adc.o(.bss)
    bmi                                      0x20000838   Data         104  bmi270.o(.bss)
    hcan                                     0x200008a0   Data          40  can.o(.bss)
    txHeader                                 0x200008c8   Data          24  can.o(.bss)
    rxHeader                                 0x200008e0   Data          28  can.o(.bss)
    hi2c2                                    0x200008fc   Data          84  i2c.o(.bss)
    hspi1                                    0x20000950   Data          88  spi.o(.bss)
    hspi2                                    0x200009a8   Data          88  spi.o(.bss)
    hdma_spi1_tx                             0x20000a00   Data          68  spi.o(.bss)
    hdma_spi2_rx                             0x20000a44   Data          68  spi.o(.bss)
    hdma_spi2_tx                             0x20000a88   Data          68  spi.o(.bss)
    htim6                                    0x20000acc   Data          72  tim.o(.bss)
    htim7                                    0x20000b14   Data          72  tim.o(.bss)
    xQueueRegistry                           0x20000b5c   Data          64  queue.o(.bss)
    __libspace_start                         0x200031f4   Data          96  libspace.o(.bss)
    __temporary_stack_top$libspace           0x20003254   Data           0  libspace.o(.bss)



==============================================================================

Memory Map of the image

  Image Entry point : 0x08004131

  Load Region LR_IROM1 (Base: 0x08004000, Size: 0x0000cf58, Max: 0x00020000, ABSOLUTE, COMPRESSED[0x0000cdec])

    Execution Region ER_IROM1 (Exec base: 0x08004000, Load base: 0x08004000, Size: 0x0000cda0, Max: 0x00020000, ABSOLUTE)

    Exec Addr    Load Addr    Size         Type   Attr      Idx    E Section Name        Object

    0x08004000   0x08004000   0x00000130   Data   RO            3    RESET               startup_stm32f103xe.o
    0x08004130   0x08004130   0x00000008   Code   RO         8753  * !!!main             c_w.l(__main.o)
    0x08004138   0x08004138   0x00000034   Code   RO         9075    !!!scatter          c_w.l(__scatter.o)
    0x0800416c   0x0800416c   0x0000005a   Code   RO         9073    !!dczerorl2         c_w.l(__dczerorl2.o)
    0x080041c6   0x080041c6   0x00000002   PAD
    0x080041c8   0x080041c8   0x0000001c   Code   RO         9077    !!handler_zi        c_w.l(__scatter_zi.o)
    0x080041e4   0x080041e4   0x00000000   Code   RO         8732    .ARM.Collect$$_printf_percent$$00000000  c_w.l(_printf_percent.o)
    0x080041e4   0x080041e4   0x00000006   Code   RO         8815    .ARM.Collect$$_printf_percent$$00000001  c_w.l(_printf_n.o)
    0x080041ea   0x080041ea   0x00000006   Code   RO         8816    .ARM.Collect$$_printf_percent$$00000002  c_w.l(_printf_p.o)
    0x080041f0   0x080041f0   0x00000006   Code   RO         8819    .ARM.Collect$$_printf_percent$$00000003  c_w.l(_printf_f.o)
    0x080041f6   0x080041f6   0x00000006   Code   RO         8820    .ARM.Collect$$_printf_percent$$00000004  c_w.l(_printf_e.o)
    0x080041fc   0x080041fc   0x00000006   Code   RO         8821    .ARM.Collect$$_printf_percent$$00000005  c_w.l(_printf_g.o)
    0x08004202   0x08004202   0x00000006   Code   RO         8822    .ARM.Collect$$_printf_percent$$00000006  c_w.l(_printf_a.o)
    0x08004208   0x08004208   0x0000000a   Code   RO         8827    .ARM.Collect$$_printf_percent$$00000007  c_w.l(_printf_ll.o)
    0x08004212   0x08004212   0x00000006   Code   RO         8818    .ARM.Collect$$_printf_percent$$00000008  c_w.l(_printf_i.o)
    0x08004218   0x08004218   0x00000006   Code   RO         8730    .ARM.Collect$$_printf_percent$$00000009  c_w.l(_printf_d.o)
    0x0800421e   0x0800421e   0x00000006   Code   RO         8731    .ARM.Collect$$_printf_percent$$0000000A  c_w.l(_printf_u.o)
    0x08004224   0x08004224   0x00000006   Code   RO         8817    .ARM.Collect$$_printf_percent$$0000000B  c_w.l(_printf_o.o)
    0x0800422a   0x0800422a   0x00000006   Code   RO         8729    .ARM.Collect$$_printf_percent$$0000000C  c_w.l(_printf_x.o)
    0x08004230   0x08004230   0x00000006   Code   RO         8824    .ARM.Collect$$_printf_percent$$0000000D  c_w.l(_printf_lli.o)
    0x08004236   0x08004236   0x00000006   Code   RO         8825    .ARM.Collect$$_printf_percent$$0000000E  c_w.l(_printf_lld.o)
    0x0800423c   0x0800423c   0x00000006   Code   RO         8826    .ARM.Collect$$_printf_percent$$0000000F  c_w.l(_printf_llu.o)
    0x08004242   0x08004242   0x00000006   Code   RO         8831    .ARM.Collect$$_printf_percent$$00000010  c_w.l(_printf_llo.o)
    0x08004248   0x08004248   0x00000006   Code   RO         8832    .ARM.Collect$$_printf_percent$$00000011  c_w.l(_printf_llx.o)
    0x0800424e   0x0800424e   0x0000000a   Code   RO         8828    .ARM.Collect$$_printf_percent$$00000012  c_w.l(_printf_l.o)
    0x08004258   0x08004258   0x00000006   Code   RO         8814    .ARM.Collect$$_printf_percent$$00000013  c_w.l(_printf_c.o)
    0x0800425e   0x0800425e   0x00000006   Code   RO         8728    .ARM.Collect$$_printf_percent$$00000014  c_w.l(_printf_s.o)
    0x08004264   0x08004264   0x00000006   Code   RO         8829    .ARM.Collect$$_printf_percent$$00000015  c_w.l(_printf_lc.o)
    0x0800426a   0x0800426a   0x00000006   Code   RO         8830    .ARM.Collect$$_printf_percent$$00000016  c_w.l(_printf_ls.o)
    0x08004270   0x08004270   0x00000004   Code   RO         8823    .ARM.Collect$$_printf_percent$$00000017  c_w.l(_printf_percent_end.o)
    0x08004274   0x08004274   0x00000002   Code   RO         8938    .ARM.Collect$$libinit$$00000000  c_w.l(libinit.o)
    0x08004276   0x08004276   0x00000000   Code   RO         8940    .ARM.Collect$$libinit$$00000002  c_w.l(libinit2.o)
    0x08004276   0x08004276   0x00000000   Code   RO         8942    .ARM.Collect$$libinit$$00000004  c_w.l(libinit2.o)
    0x08004276   0x08004276   0x00000000   Code   RO         8945    .ARM.Collect$$libinit$$0000000A  c_w.l(libinit2.o)
    0x08004276   0x08004276   0x00000000   Code   RO         8947    .ARM.Collect$$libinit$$0000000C  c_w.l(libinit2.o)
    0x08004276   0x08004276   0x00000000   Code   RO         8949    .ARM.Collect$$libinit$$0000000E  c_w.l(libinit2.o)
    0x08004276   0x08004276   0x00000006   Code   RO         8950    .ARM.Collect$$libinit$$0000000F  c_w.l(libinit2.o)
    0x0800427c   0x0800427c   0x00000000   Code   RO         8952    .ARM.Collect$$libinit$$00000011  c_w.l(libinit2.o)
    0x0800427c   0x0800427c   0x0000000c   Code   RO         8953    .ARM.Collect$$libinit$$00000012  c_w.l(libinit2.o)
    0x08004288   0x08004288   0x00000000   Code   RO         8954    .ARM.Collect$$libinit$$00000013  c_w.l(libinit2.o)
    0x08004288   0x08004288   0x00000000   Code   RO         8956    .ARM.Collect$$libinit$$00000015  c_w.l(libinit2.o)
    0x08004288   0x08004288   0x0000000a   Code   RO         8957    .ARM.Collect$$libinit$$00000016  c_w.l(libinit2.o)
    0x08004292   0x08004292   0x00000000   Code   RO         8958    .ARM.Collect$$libinit$$00000017  c_w.l(libinit2.o)
    0x08004292   0x08004292   0x00000000   Code   RO         8960    .ARM.Collect$$libinit$$00000019  c_w.l(libinit2.o)
    0x08004292   0x08004292   0x00000000   Code   RO         8962    .ARM.Collect$$libinit$$0000001B  c_w.l(libinit2.o)
    0x08004292   0x08004292   0x00000000   Code   RO         8964    .ARM.Collect$$libinit$$0000001D  c_w.l(libinit2.o)
    0x08004292   0x08004292   0x00000000   Code   RO         8966    .ARM.Collect$$libinit$$0000001F  c_w.l(libinit2.o)
    0x08004292   0x08004292   0x00000000   Code   RO         8968    .ARM.Collect$$libinit$$00000021  c_w.l(libinit2.o)
    0x08004292   0x08004292   0x00000000   Code   RO         8970    .ARM.Collect$$libinit$$00000023  c_w.l(libinit2.o)
    0x08004292   0x08004292   0x00000000   Code   RO         8972    .ARM.Collect$$libinit$$00000025  c_w.l(libinit2.o)
    0x08004292   0x08004292   0x00000000   Code   RO         8976    .ARM.Collect$$libinit$$0000002C  c_w.l(libinit2.o)
    0x08004292   0x08004292   0x00000000   Code   RO         8978    .ARM.Collect$$libinit$$0000002E  c_w.l(libinit2.o)
    0x08004292   0x08004292   0x00000000   Code   RO         8980    .ARM.Collect$$libinit$$00000030  c_w.l(libinit2.o)
    0x08004292   0x08004292   0x00000000   Code   RO         8982    .ARM.Collect$$libinit$$00000032  c_w.l(libinit2.o)
    0x08004292   0x08004292   0x00000002   Code   RO         8983    .ARM.Collect$$libinit$$00000033  c_w.l(libinit2.o)
    0x08004294   0x08004294   0x00000002   Code   RO         9019    .ARM.Collect$$libshutdown$$00000000  c_w.l(libshutdown.o)
    0x08004296   0x08004296   0x00000000   Code   RO         9030    .ARM.Collect$$libshutdown$$00000002  c_w.l(libshutdown2.o)
    0x08004296   0x08004296   0x00000000   Code   RO         9032    .ARM.Collect$$libshutdown$$00000004  c_w.l(libshutdown2.o)
    0x08004296   0x08004296   0x00000000   Code   RO         9034    .ARM.Collect$$libshutdown$$00000006  c_w.l(libshutdown2.o)
    0x08004296   0x08004296   0x00000000   Code   RO         9037    .ARM.Collect$$libshutdown$$00000009  c_w.l(libshutdown2.o)
    0x08004296   0x08004296   0x00000000   Code   RO         9040    .ARM.Collect$$libshutdown$$0000000C  c_w.l(libshutdown2.o)
    0x08004296   0x08004296   0x00000000   Code   RO         9042    .ARM.Collect$$libshutdown$$0000000E  c_w.l(libshutdown2.o)
    0x08004296   0x08004296   0x00000000   Code   RO         9045    .ARM.Collect$$libshutdown$$00000011  c_w.l(libshutdown2.o)
    0x08004296   0x08004296   0x00000002   Code   RO         9046    .ARM.Collect$$libshutdown$$00000012  c_w.l(libshutdown2.o)
    0x08004298   0x08004298   0x00000000   Code   RO         8779    .ARM.Collect$$rtentry$$00000000  c_w.l(__rtentry.o)
    0x08004298   0x08004298   0x00000000   Code   RO         8854    .ARM.Collect$$rtentry$$00000002  c_w.l(__rtentry2.o)
    0x08004298   0x08004298   0x00000006   Code   RO         8866    .ARM.Collect$$rtentry$$00000004  c_w.l(__rtentry4.o)
    0x0800429e   0x0800429e   0x00000000   Code   RO         8856    .ARM.Collect$$rtentry$$00000009  c_w.l(__rtentry2.o)
    0x0800429e   0x0800429e   0x00000004   Code   RO         8857    .ARM.Collect$$rtentry$$0000000A  c_w.l(__rtentry2.o)
    0x080042a2   0x080042a2   0x00000000   Code   RO         8859    .ARM.Collect$$rtentry$$0000000C  c_w.l(__rtentry2.o)
    0x080042a2   0x080042a2   0x00000008   Code   RO         8860    .ARM.Collect$$rtentry$$0000000D  c_w.l(__rtentry2.o)
    0x080042aa   0x080042aa   0x00000002   Code   RO         8990    .ARM.Collect$$rtexit$$00000000  c_w.l(rtexit.o)
    0x080042ac   0x080042ac   0x00000000   Code   RO         8997    .ARM.Collect$$rtexit$$00000002  c_w.l(rtexit2.o)
    0x080042ac   0x080042ac   0x00000004   Code   RO         8998    .ARM.Collect$$rtexit$$00000003  c_w.l(rtexit2.o)
    0x080042b0   0x080042b0   0x00000006   Code   RO         8999    .ARM.Collect$$rtexit$$00000004  c_w.l(rtexit2.o)
    0x080042b6   0x080042b6   0x00000002   PAD
    0x080042b8   0x080042b8   0x00000096   Code   RO         8561    .emb_text           port.o
    0x0800434e   0x0800434e   0x00000002   PAD
    0x08004350   0x08004350   0x00000050   Code   RO            4    .text               startup_stm32f103xe.o
    0x080043a0   0x080043a0   0x00000034   Code   RO         8665    .text               c_w.l(vsnprintf.o)
    0x080043d4   0x080043d4   0x00000018   Code   RO         8667    .text               c_w.l(__2printf.o)
    0x080043ec   0x080043ec   0x0000004e   Code   RO         8681    .text               c_w.l(_printf_pad.o)
    0x0800443a   0x0800443a   0x00000052   Code   RO         8683    .text               c_w.l(_printf_str.o)
    0x0800448c   0x0800448c   0x00000078   Code   RO         8685    .text               c_w.l(_printf_dec.o)
    0x08004504   0x08004504   0x00000094   Code   RO         8705    .text               c_w.l(_printf_hex_int_ll_ptr.o)
    0x08004598   0x08004598   0x00000188   Code   RO         8725    .text               c_w.l(__printf_flags_ss_wp.o)
    0x08004720   0x08004720   0x00000058   Code   RO         8735    .text               c_w.l(memcmp.o)
    0x08004778   0x08004778   0x0000003e   Code   RO         8737    .text               c_w.l(strlen.o)
    0x080047b6   0x080047b6   0x0000008a   Code   RO         8739    .text               c_w.l(rt_memcpy_v6.o)
    0x08004840   0x08004840   0x00000064   Code   RO         8741    .text               c_w.l(rt_memcpy_w.o)
    0x080048a4   0x080048a4   0x00000010   Code   RO         8745    .text               c_w.l(aeabi_memset.o)
    0x080048b4   0x080048b4   0x00000044   Code   RO         8747    .text               c_w.l(rt_memclr.o)
    0x080048f8   0x080048f8   0x0000004e   Code   RO         8749    .text               c_w.l(rt_memclr_w.o)
    0x08004946   0x08004946   0x00000006   Code   RO         8751    .text               c_w.l(heapauxi.o)
    0x0800494c   0x0800494c   0x00000010   Code   RO         8780    .text               c_w.l(rt_ctype_table.o)
    0x0800495c   0x0800495c   0x00000024   Code   RO         8787    .text               c_w.l(_printf_truncate.o)
    0x08004980   0x08004980   0x000000b2   Code   RO         8789    .text               c_w.l(_printf_intcommon.o)
    0x08004a32   0x08004a32   0x00000028   Code   RO         8791    .text               c_w.l(_printf_charcount.o)
    0x08004a5a   0x08004a5a   0x00000002   PAD
    0x08004a5c   0x08004a5c   0x00000030   Code   RO         8793    .text               c_w.l(_printf_char_common.o)
    0x08004a8c   0x08004a8c   0x0000000a   Code   RO         8795    .text               c_w.l(_sputc.o)
    0x08004a96   0x08004a96   0x00000010   Code   RO         8797    .text               c_w.l(_snputc.o)
    0x08004aa6   0x08004aa6   0x0000002c   Code   RO         8799    .text               c_w.l(_printf_char.o)
    0x08004ad2   0x08004ad2   0x00000002   PAD
    0x08004ad4   0x08004ad4   0x00000024   Code   RO         8801    .text               c_w.l(_printf_char_file.o)
    0x08004af8   0x08004af8   0x000000bc   Code   RO         8803    .text               c_w.l(_printf_wctomb.o)
    0x08004bb4   0x08004bb4   0x0000007c   Code   RO         8806    .text               c_w.l(_printf_longlong_dec.o)
    0x08004c30   0x08004c30   0x00000070   Code   RO         8812    .text               c_w.l(_printf_oct_int_ll.o)
    0x08004ca0   0x08004ca0   0x00000008   Code   RO         8850    .text               c_w.l(libspace.o)
    0x08004ca8   0x08004ca8   0x00000008   Code   RO         8871    .text               c_w.l(rt_locale_intlibspace.o)
    0x08004cb0   0x08004cb0   0x0000008a   Code   RO         8873    .text               c_w.l(lludiv10.o)
    0x08004d3a   0x08004d3a   0x0000041e   Code   RO         8875    .text               c_w.l(_printf_fp_dec.o)
    0x08005158   0x08005158   0x000002fc   Code   RO         8877    .text               c_w.l(_printf_fp_hex.o)
    0x08005454   0x08005454   0x0000002c   Code   RO         8882    .text               c_w.l(_printf_wchar.o)
    0x08005480   0x08005480   0x00000008   Code   RO         8886    .text               c_w.l(ferror.o)
    0x08005488   0x08005488   0x00000040   Code   RO         8890    .text               c_w.l(_wcrtomb.o)
    0x080054c8   0x080054c8   0x0000004a   Code   RO         8897    .text               c_w.l(sys_stackheap_outer.o)
    0x08005512   0x08005512   0x00000002   PAD
    0x08005514   0x08005514   0x00000080   Code   RO         8899    .text               c_w.l(_printf_fp_infnan.o)
    0x08005594   0x08005594   0x000000e4   Code   RO         8901    .text               c_w.l(bigflt0.o)
    0x08005678   0x08005678   0x00000012   Code   RO         8929    .text               c_w.l(exit.o)
    0x0800568a   0x0800568a   0x00000002   PAD
    0x0800568c   0x0800568c   0x00000080   Code   RO         8931    .text               c_w.l(strcmpv7m.o)
    0x0800570c   0x0800570c   0x0000000c   Code   RO         9009    .text               c_w.l(sys_exit.o)
    0x08005718   0x08005718   0x00000002   Code   RO         9020    .text               c_w.l(use_no_semi.o)
    0x0800571a   0x0800571a   0x00000000   Code   RO         9022    .text               c_w.l(indicate_semi.o)
    0x0800571a   0x0800571a   0x0000003e   Code   RO         8904    CL$$btod_d2e        c_w.l(btod.o)
    0x08005758   0x08005758   0x00000046   Code   RO         8906    CL$$btod_d2e_denorm_low  c_w.l(btod.o)
    0x0800579e   0x0800579e   0x00000060   Code   RO         8905    CL$$btod_d2e_norm_op1  c_w.l(btod.o)
    0x080057fe   0x080057fe   0x00000338   Code   RO         8914    CL$$btod_div_common  c_w.l(btod.o)
    0x08005b36   0x08005b36   0x000000dc   Code   RO         8911    CL$$btod_e2e        c_w.l(btod.o)
    0x08005c12   0x08005c12   0x0000002a   Code   RO         8908    CL$$btod_ediv       c_w.l(btod.o)
    0x08005c3c   0x08005c3c   0x0000002a   Code   RO         8907    CL$$btod_emul       c_w.l(btod.o)
    0x08005c66   0x08005c66   0x00000244   Code   RO         8913    CL$$btod_mult_common  c_w.l(btod.o)
    0x08005eaa   0x08005eaa   0x00000002   PAD
    0x08005eac   0x08005eac   0x00000056   Code   RO         5691    i.ADC_ConversionStop_Disable  stm32f1xx_hal_adc.o
    0x08005f02   0x08005f02   0x00000002   Code   RO          635    i.BusFault_Handler  stm32f1xx_it.o
    0x08005f04   0x08005f04   0x00000068   Code   RO         2073    i.CAN_Send_Ack      can.o
    0x08005f6c   0x08005f6c   0x00000070   Code   RO         2075    i.CAN_Send_pos_Ack  can.o
    0x08005fdc   0x08005fdc   0x00000398   Code   RO          434    i.CanTaskFunc       freertos.o
    0x08006374   0x08006374   0x0000000c   Code   RO          636    i.DMA1_Channel3_IRQHandler  stm32f1xx_it.o
    0x08006380   0x08006380   0x0000000c   Code   RO          637    i.DMA1_Channel4_IRQHandler  stm32f1xx_it.o
    0x0800638c   0x0800638c   0x0000000c   Code   RO          638    i.DMA1_Channel5_IRQHandler  stm32f1xx_it.o
    0x08006398   0x08006398   0x0000002a   Code   RO         3524    i.DMA_SetConfig     stm32f1xx_hal_dma.o
    0x080063c2   0x080063c2   0x00000002   Code   RO          639    i.DebugMon_Handler  stm32f1xx_it.o
    0x080063c4   0x080063c4   0x00000006   Code   RO          640    i.EXTI2_IRQHandler  stm32f1xx_it.o
    0x080063ca   0x080063ca   0x00000004   Code   RO           13    i.Error_Handler     main.o
    0x080063ce   0x080063ce   0x00000002   PAD
    0x080063d0   0x080063d0   0x000000fc   Code   RO         5697    i.HAL_ADC_ConfigChannel  stm32f1xx_hal_adc.o
    0x080064cc   0x080064cc   0x00000120   Code   RO         5706    i.HAL_ADC_Init      stm32f1xx_hal_adc.o
    0x080065ec   0x080065ec   0x00000058   Code   RO          816    i.HAL_ADC_MspInit   adc.o
    0x08006644   0x08006644   0x00000024   Code   RO         5458    i.HAL_CAN_ActivateNotification  stm32f1xx_hal_can.o
    0x08006668   0x08006668   0x000000e8   Code   RO         5459    i.HAL_CAN_AddTxMessage  stm32f1xx_hal_can.o
    0x08006750   0x08006750   0x000000ee   Code   RO         5460    i.HAL_CAN_ConfigFilter  stm32f1xx_hal_can.o
    0x0800683e   0x0800683e   0x00000002   Code   RO         5463    i.HAL_CAN_ErrorCallback  stm32f1xx_hal_can.o
    0x08006840   0x08006840   0x00000022   Code   RO         5465    i.HAL_CAN_GetRxFifoFillLevel  stm32f1xx_hal_can.o
    0x08006862   0x08006862   0x000000f4   Code   RO         5466    i.HAL_CAN_GetRxMessage  stm32f1xx_hal_can.o
    0x08006956   0x08006956   0x0000002c   Code   RO         5468    i.HAL_CAN_GetTxMailboxesFreeLevel  stm32f1xx_hal_can.o
    0x08006982   0x08006982   0x000001fc   Code   RO         5470    i.HAL_CAN_IRQHandler  stm32f1xx_hal_can.o
    0x08006b7e   0x08006b7e   0x00000002   PAD
    0x08006b80   0x08006b80   0x00000126   Code   RO         5471    i.HAL_CAN_Init      stm32f1xx_hal_can.o
    0x08006ca6   0x08006ca6   0x00000002   PAD
    0x08006ca8   0x08006ca8   0x0000007c   Code   RO         2077    i.HAL_CAN_MspInit   can.o
    0x08006d24   0x08006d24   0x00000002   Code   RO         5478    i.HAL_CAN_RxFifo0FullCallback  stm32f1xx_hal_can.o
    0x08006d26   0x08006d26   0x00000002   PAD
    0x08006d28   0x08006d28   0x0000009c   Code   RO         2078    i.HAL_CAN_RxFifo0MsgPendingCallback  can.o
    0x08006dc4   0x08006dc4   0x00000002   Code   RO         5480    i.HAL_CAN_RxFifo1FullCallback  stm32f1xx_hal_can.o
    0x08006dc6   0x08006dc6   0x00000002   Code   RO         5481    i.HAL_CAN_RxFifo1MsgPendingCallback  stm32f1xx_hal_can.o
    0x08006dc8   0x08006dc8   0x00000002   Code   RO         5482    i.HAL_CAN_SleepCallback  stm32f1xx_hal_can.o
    0x08006dca   0x08006dca   0x00000002   PAD
    0x08006dcc   0x08006dcc   0x00000058   Code   RO         5483    i.HAL_CAN_Start     stm32f1xx_hal_can.o
    0x08006e24   0x08006e24   0x00000002   Code   RO         5485    i.HAL_CAN_TxMailbox0AbortCallback  stm32f1xx_hal_can.o
    0x08006e26   0x08006e26   0x00000002   Code   RO         5486    i.HAL_CAN_TxMailbox0CompleteCallback  stm32f1xx_hal_can.o
    0x08006e28   0x08006e28   0x00000002   Code   RO         5487    i.HAL_CAN_TxMailbox1AbortCallback  stm32f1xx_hal_can.o
    0x08006e2a   0x08006e2a   0x00000002   Code   RO         5488    i.HAL_CAN_TxMailbox1CompleteCallback  stm32f1xx_hal_can.o
    0x08006e2c   0x08006e2c   0x00000002   Code   RO         5489    i.HAL_CAN_TxMailbox2AbortCallback  stm32f1xx_hal_can.o
    0x08006e2e   0x08006e2e   0x00000002   Code   RO         5490    i.HAL_CAN_TxMailbox2CompleteCallback  stm32f1xx_hal_can.o
    0x08006e30   0x08006e30   0x00000002   Code   RO         5492    i.HAL_CAN_WakeUpFromRxMsgCallback  stm32f1xx_hal_can.o
    0x08006e32   0x08006e32   0x00000046   Code   RO         3525    i.HAL_DMA_Abort     stm32f1xx_hal_dma.o
    0x08006e78   0x08006e78   0x00000130   Code   RO         3526    i.HAL_DMA_Abort_IT  stm32f1xx_hal_dma.o
    0x08006fa8   0x08006fa8   0x00000248   Code   RO         3530    i.HAL_DMA_IRQHandler  stm32f1xx_hal_dma.o
    0x080071f0   0x080071f0   0x0000007c   Code   RO         3531    i.HAL_DMA_Init      stm32f1xx_hal_dma.o
    0x0800726c   0x0800726c   0x00000070   Code   RO         3535    i.HAL_DMA_Start_IT  stm32f1xx_hal_dma.o
    0x080072dc   0x080072dc   0x00000024   Code   RO         3151    i.HAL_Delay         stm32f1xx_hal.o
    0x08007300   0x08007300   0x00000002   Code   RO         3459    i.HAL_GPIO_EXTI_Callback  stm32f1xx_hal_gpio.o
    0x08007302   0x08007302   0x00000002   PAD
    0x08007304   0x08007304   0x00000018   Code   RO         3460    i.HAL_GPIO_EXTI_IRQHandler  stm32f1xx_hal_gpio.o
    0x0800731c   0x0800731c   0x000001f8   Code   RO         3461    i.HAL_GPIO_Init     stm32f1xx_hal_gpio.o
    0x08007514   0x08007514   0x0000000a   Code   RO         3465    i.HAL_GPIO_WritePin  stm32f1xx_hal_gpio.o
    0x0800751e   0x0800751e   0x00000002   PAD
    0x08007520   0x08007520   0x0000000c   Code   RO         3155    i.HAL_GetTick       stm32f1xx_hal.o
    0x0800752c   0x0800752c   0x00000188   Code   RO         5882    i.HAL_I2C_Init      stm32f1xx_hal_i2c.o
    0x080076b4   0x080076b4   0x0000025c   Code   RO         5900    i.HAL_I2C_Mem_Read  stm32f1xx_hal_i2c.o
    0x08007910   0x08007910   0x00000130   Code   RO         5903    i.HAL_I2C_Mem_Write  stm32f1xx_hal_i2c.o
    0x08007a40   0x08007a40   0x00000060   Code   RO         2413    i.HAL_I2C_MspInit   i2c.o
    0x08007aa0   0x08007aa0   0x00000010   Code   RO         3161    i.HAL_IncTick       stm32f1xx_hal.o
    0x08007ab0   0x08007ab0   0x00000024   Code   RO         3162    i.HAL_Init          stm32f1xx_hal.o
    0x08007ad4   0x08007ad4   0x00000098   Code   RO          772    i.HAL_InitTick      stm32f1xx_hal_timebase_tim.o
    0x08007b6c   0x08007b6c   0x0000003c   Code   RO          748    i.HAL_MspInit       stm32f1xx_hal_msp.o
    0x08007ba8   0x08007ba8   0x0000001a   Code   RO         3621    i.HAL_NVIC_EnableIRQ  stm32f1xx_hal_cortex.o
    0x08007bc2   0x08007bc2   0x00000002   PAD
    0x08007bc4   0x08007bc4   0x00000040   Code   RO         3627    i.HAL_NVIC_SetPriority  stm32f1xx_hal_cortex.o
    0x08007c04   0x08007c04   0x00000024   Code   RO         3628    i.HAL_NVIC_SetPriorityGrouping  stm32f1xx_hal_cortex.o
    0x08007c28   0x08007c28   0x00000024   Code   RO         3629    i.HAL_NVIC_SystemReset  stm32f1xx_hal_cortex.o
    0x08007c4c   0x08007c4c   0x000000ec   Code   RO         3423    i.HAL_RCCEx_PeriphCLKConfig  stm32f1xx_hal_rcc_ex.o
    0x08007d38   0x08007d38   0x0000012c   Code   RO         3319    i.HAL_RCC_ClockConfig  stm32f1xx_hal_rcc.o
    0x08007e64   0x08007e64   0x00000040   Code   RO         3323    i.HAL_RCC_GetClockConfig  stm32f1xx_hal_rcc.o
    0x08007ea4   0x08007ea4   0x00000020   Code   RO         3326    i.HAL_RCC_GetPCLK1Freq  stm32f1xx_hal_rcc.o
    0x08007ec4   0x08007ec4   0x00000020   Code   RO         3327    i.HAL_RCC_GetPCLK2Freq  stm32f1xx_hal_rcc.o
    0x08007ee4   0x08007ee4   0x0000004c   Code   RO         3328    i.HAL_RCC_GetSysClockFreq  stm32f1xx_hal_rcc.o
    0x08007f30   0x08007f30   0x00000320   Code   RO         3331    i.HAL_RCC_OscConfig  stm32f1xx_hal_rcc.o
    0x08008250   0x08008250   0x00000002   Code   RO         6685    i.HAL_SPI_ErrorCallback  stm32f1xx_hal_spi.o
    0x08008252   0x08008252   0x000000b2   Code   RO         6689    i.HAL_SPI_Init      stm32f1xx_hal_spi.o
    0x08008304   0x08008304   0x00000144   Code   RO         2469    i.HAL_SPI_MspInit   spi.o
    0x08008448   0x08008448   0x00000154   Code   RO         6692    i.HAL_SPI_Receive   stm32f1xx_hal_spi.o
    0x0800859c   0x0800859c   0x000000e4   Code   RO         6693    i.HAL_SPI_Receive_DMA  stm32f1xx_hal_spi.o
    0x08008680   0x08008680   0x0000001c   Code   RO           14    i.HAL_SPI_RxCpltCallback  main.o
    0x0800869c   0x0800869c   0x00000002   Code   RO         6696    i.HAL_SPI_RxHalfCpltCallback  stm32f1xx_hal_spi.o
    0x0800869e   0x0800869e   0x00000166   Code   RO         6697    i.HAL_SPI_Transmit  stm32f1xx_hal_spi.o
    0x08008804   0x08008804   0x000001f0   Code   RO         6698    i.HAL_SPI_TransmitReceive  stm32f1xx_hal_spi.o
    0x080089f4   0x080089f4   0x00000110   Code   RO         6699    i.HAL_SPI_TransmitReceive_DMA  stm32f1xx_hal_spi.o
    0x08008b04   0x08008b04   0x000000cc   Code   RO         6701    i.HAL_SPI_Transmit_DMA  stm32f1xx_hal_spi.o
    0x08008bd0   0x08008bd0   0x00000040   Code   RO           15    i.HAL_SPI_TxCpltCallback  main.o
    0x08008c10   0x08008c10   0x00000002   Code   RO         6704    i.HAL_SPI_TxHalfCpltCallback  stm32f1xx_hal_spi.o
    0x08008c12   0x08008c12   0x00000002   Code   RO         6705    i.HAL_SPI_TxRxCpltCallback  stm32f1xx_hal_spi.o
    0x08008c14   0x08008c14   0x00000002   Code   RO         6706    i.HAL_SPI_TxRxHalfCpltCallback  stm32f1xx_hal_spi.o
    0x08008c16   0x08008c16   0x00000002   Code   RO         4827    i.HAL_TIMEx_BreakCallback  stm32f1xx_hal_tim_ex.o
    0x08008c18   0x08008c18   0x00000002   Code   RO         4828    i.HAL_TIMEx_CommutCallback  stm32f1xx_hal_tim_ex.o
    0x08008c1a   0x08008c1a   0x00000002   PAD
    0x08008c1c   0x08008c1c   0x0000007c   Code   RO         4846    i.HAL_TIMEx_MasterConfigSynchronization  stm32f1xx_hal_tim_ex.o
    0x08008c98   0x08008c98   0x0000005a   Code   RO         4123    i.HAL_TIM_Base_Init  stm32f1xx_hal_tim.o
    0x08008cf2   0x08008cf2   0x00000002   PAD
    0x08008cf4   0x08008cf4   0x00000068   Code   RO         2930    i.HAL_TIM_Base_MspInit  tim.o
    0x08008d5c   0x08008d5c   0x0000006c   Code   RO         4128    i.HAL_TIM_Base_Start_IT  stm32f1xx_hal_tim.o
    0x08008dc8   0x08008dc8   0x00000002   Code   RO         4157    i.HAL_TIM_IC_CaptureCallback  stm32f1xx_hal_tim.o
    0x08008dca   0x08008dca   0x00000130   Code   RO         4171    i.HAL_TIM_IRQHandler  stm32f1xx_hal_tim.o
    0x08008efa   0x08008efa   0x00000002   Code   RO         4174    i.HAL_TIM_OC_DelayElapsedCallback  stm32f1xx_hal_tim.o
    0x08008efc   0x08008efc   0x00000002   Code   RO         4201    i.HAL_TIM_PWM_PulseFinishedCallback  stm32f1xx_hal_tim.o
    0x08008efe   0x08008efe   0x00000002   PAD
    0x08008f00   0x08008f00   0x00000014   Code   RO           16    i.HAL_TIM_PeriodElapsedCallback  main.o
    0x08008f14   0x08008f14   0x00000002   Code   RO         4214    i.HAL_TIM_TriggerCallback  stm32f1xx_hal_tim.o
    0x08008f16   0x08008f16   0x00000002   Code   RO         5106    i.HAL_UARTEx_RxEventCallback  stm32f1xx_hal_uart.o
    0x08008f18   0x08008f18   0x00000002   Code   RO         5120    i.HAL_UART_ErrorCallback  stm32f1xx_hal_uart.o
    0x08008f1a   0x08008f1a   0x00000002   PAD
    0x08008f1c   0x08008f1c   0x0000026c   Code   RO         5123    i.HAL_UART_IRQHandler  stm32f1xx_hal_uart.o
    0x08009188   0x08009188   0x00000064   Code   RO         5124    i.HAL_UART_Init     stm32f1xx_hal_uart.o
    0x080091ec   0x080091ec   0x000001f4   Code   RO          564    i.HAL_UART_MspInit  usart.o
    0x080093e0   0x080093e0   0x0000001c   Code   RO         5129    i.HAL_UART_Receive_IT  stm32f1xx_hal_uart.o
    0x080093fc   0x080093fc   0x000000e8   Code   RO           17    i.HAL_UART_RxCpltCallback  main.o
    0x080094e4   0x080094e4   0x000000a0   Code   RO         5132    i.HAL_UART_Transmit  stm32f1xx_hal_uart.o
    0x08009584   0x08009584   0x00000028   Code   RO           18    i.HAL_UART_TxCpltCallback  main.o
    0x080095ac   0x080095ac   0x00000010   Code   RO         2278    i.HG25Q256_Disable  hg25q256.o
    0x080095bc   0x080095bc   0x00000010   Code   RO         2279    i.HG25Q256_Enable   hg25q256.o
    0x080095cc   0x080095cc   0x00000038   Code   RO         2280    i.HG25Q256_Erase_Sector  hg25q256.o
    0x08009604   0x08009604   0x0000001a   Code   RO         2281    i.HG25Q256_ReadSR   hg25q256.o
    0x0800961e   0x0800961e   0x00000042   Code   RO         2282    i.HG25Q256_Read_Data  hg25q256.o
    0x08009660   0x08009660   0x00000078   Code   RO         2283    i.HG25Q256_Read_Data_DMA  hg25q256.o
    0x080096d8   0x080096d8   0x00000074   Code   RO         2284    i.HG25Q256_Send_Data_DMA  hg25q256.o
    0x0800974c   0x0800974c   0x0000000e   Code   RO         2285    i.HG25Q256_Wait_Busy  hg25q256.o
    0x0800975a   0x0800975a   0x00000014   Code   RO         2286    i.HG25Q256_Write_Enable  hg25q256.o
    0x0800976e   0x0800976e   0x0000002e   Code   RO         5925    i.I2C_IsAcknowledgeFailed  stm32f1xx_hal_i2c.o
    0x0800979c   0x0800979c   0x000000fc   Code   RO         5935    i.I2C_RequestMemoryRead  stm32f1xx_hal_i2c.o
    0x08009898   0x08009898   0x000000a8   Code   RO         5936    i.I2C_RequestMemoryWrite  stm32f1xx_hal_i2c.o
    0x08009940   0x08009940   0x00000056   Code   RO         5940    i.I2C_WaitOnBTFFlagUntilTimeout  stm32f1xx_hal_i2c.o
    0x08009996   0x08009996   0x00000002   PAD
    0x08009998   0x08009998   0x00000090   Code   RO         5941    i.I2C_WaitOnFlagUntilTimeout  stm32f1xx_hal_i2c.o
    0x08009a28   0x08009a28   0x000000bc   Code   RO         5942    i.I2C_WaitOnMasterAddressFlagUntilTimeout  stm32f1xx_hal_i2c.o
    0x08009ae4   0x08009ae4   0x00000070   Code   RO         5943    i.I2C_WaitOnRXNEFlagUntilTimeout  stm32f1xx_hal_i2c.o
    0x08009b54   0x08009b54   0x00000056   Code   RO         5944    i.I2C_WaitOnTXEFlagUntilTimeout  stm32f1xx_hal_i2c.o
    0x08009baa   0x08009baa   0x00000002   PAD
    0x08009bac   0x08009bac   0x000000c4   Code   RO           20    i.Log               main.o
    0x08009c70   0x08009c70   0x00000050   Code   RO         2978    i.Log_StorageInit   log.o
    0x08009cc0   0x08009cc0   0x00000034   Code   RO         2979    i.Log_UpdateWriteAddr  log.o
    0x08009cf4   0x08009cf4   0x000000b8   Code   RO         2980    i.Log_WriteToFlash_DMA  log.o
    0x08009dac   0x08009dac   0x00000050   Code   RO          817    i.MX_ADC1_Init      adc.o
    0x08009dfc   0x08009dfc   0x000000a4   Code   RO         1783    i.MX_BMI270_Init    bmi270.o
    0x08009ea0   0x08009ea0   0x00000078   Code   RO         2079    i.MX_CAN_Init       can.o
    0x08009f18   0x08009f18   0x0000004c   Code   RO         2163    i.MX_DMA_Init       dma.o
    0x08009f64   0x08009f64   0x00000088   Code   RO          436    i.MX_FREERTOS_Init  freertos.o
    0x08009fec   0x08009fec   0x00000144   Code   RO          392    i.MX_GPIO_Init      gpio.o
    0x0800a130   0x0800a130   0x00000040   Code   RO         2414    i.MX_I2C2_Init      i2c.o
    0x0800a170   0x0800a170   0x00000044   Code   RO         2470    i.MX_SPI1_Init      spi.o
    0x0800a1b4   0x0800a1b4   0x00000048   Code   RO         2471    i.MX_SPI2_Init      spi.o
    0x0800a1fc   0x0800a1fc   0x00000048   Code   RO         2931    i.MX_TIM6_Init      tim.o
    0x0800a244   0x0800a244   0x00000048   Code   RO         2932    i.MX_TIM7_Init      tim.o
    0x0800a28c   0x0800a28c   0x00000038   Code   RO          565    i.MX_UART5_Init     usart.o
    0x0800a2c4   0x0800a2c4   0x00000038   Code   RO          566    i.MX_USART1_UART_Init  usart.o
    0x0800a2fc   0x0800a2fc   0x00000038   Code   RO          567    i.MX_USART2_UART_Init  usart.o
    0x0800a334   0x0800a334   0x00000038   Code   RO          568    i.MX_USART3_UART_Init  usart.o
    0x0800a36c   0x0800a36c   0x00000002   Code   RO          641    i.MemManage_Handler  stm32f1xx_it.o
    0x0800a36e   0x0800a36e   0x00000002   PAD
    0x0800a370   0x0800a370   0x000000d4   Code   RO           21    i.My_UART_Transmit  main.o
    0x0800a444   0x0800a444   0x00000002   Code   RO          642    i.NMI_Handler       stm32f1xx_it.o
    0x0800a446   0x0800a446   0x00000022   Code   RO         6717    i.SPI_DMAError      stm32f1xx_hal_spi.o
    0x0800a468   0x0800a468   0x0000000a   Code   RO         6718    i.SPI_DMAHalfReceiveCplt  stm32f1xx_hal_spi.o
    0x0800a472   0x0800a472   0x0000000a   Code   RO         6719    i.SPI_DMAHalfTransmitCplt  stm32f1xx_hal_spi.o
    0x0800a47c   0x0800a47c   0x0000000a   Code   RO         6720    i.SPI_DMAHalfTransmitReceiveCplt  stm32f1xx_hal_spi.o
    0x0800a486   0x0800a486   0x0000006a   Code   RO         6721    i.SPI_DMAReceiveCplt  stm32f1xx_hal_spi.o
    0x0800a4f0   0x0800a4f0   0x00000064   Code   RO         6723    i.SPI_DMATransmitCplt  stm32f1xx_hal_spi.o
    0x0800a554   0x0800a554   0x0000005a   Code   RO         6724    i.SPI_DMATransmitReceiveCplt  stm32f1xx_hal_spi.o
    0x0800a5ae   0x0800a5ae   0x0000005c   Code   RO         6726    i.SPI_EndRxTransaction  stm32f1xx_hal_spi.o
    0x0800a60a   0x0800a60a   0x00000034   Code   RO         6727    i.SPI_EndRxTxTransaction  stm32f1xx_hal_spi.o
    0x0800a63e   0x0800a63e   0x00000002   PAD
    0x0800a640   0x0800a640   0x0000002c   Code   RO         2749    i.SPI_SendByte      tft.o
    0x0800a66c   0x0800a66c   0x000000b8   Code   RO         6732    i.SPI_WaitFlagStateUntilTimeout  stm32f1xx_hal_spi.o
    0x0800a724   0x0800a724   0x00000058   Code   RO         2518    i.Servo_QueryStatus  sq10.o
    0x0800a77c   0x0800a77c   0x00000080   Code   RO         2519    i.Servo_ReleaseTorque  sq10.o
    0x0800a7fc   0x0800a7fc   0x00000038   Code   RO         8562    i.SysTick_Handler   port.o
    0x0800a834   0x0800a834   0x0000007a   Code   RO           22    i.SystemClock_Config  main.o
    0x0800a8ae   0x0800a8ae   0x00000002   PAD
    0x0800a8b0   0x0800a8b0   0x00000010   Code   RO         7049    i.SystemInit        system_stm32f1xx_1.o
    0x0800a8c0   0x0800a8c0   0x00000020   Code   RO         2754    i.TFT_SEND_CMD      tft.o
    0x0800a8e0   0x0800a8e0   0x0000001c   Code   RO         2755    i.TFT_SEND_DATA     tft.o
    0x0800a8fc   0x0800a8fc   0x0000005e   Code   RO         2757    i.TFT_SET_ADD       tft.o
    0x0800a95a   0x0800a95a   0x00000038   Code   RO         2761    i.TFT_full          tft.o
    0x0800a992   0x0800a992   0x00000002   PAD
    0x0800a994   0x0800a994   0x000004a0   Code   RO         2762    i.TFT_init          tft.o
    0x0800ae34   0x0800ae34   0x0000000c   Code   RO          643    i.TIM4_IRQHandler   stm32f1xx_it.o
    0x0800ae40   0x0800ae40   0x0000009c   Code   RO         4216    i.TIM_Base_SetConfig  stm32f1xx_hal_tim.o
    0x0800aedc   0x0800aedc   0x0000000c   Code   RO          644    i.UART5_IRQHandler  stm32f1xx_it.o
    0x0800aee8   0x0800aee8   0x00000010   Code   RO         5137    i.UART_DMAAbortOnError  stm32f1xx_hal_uart.o
    0x0800aef8   0x0800aef8   0x0000004e   Code   RO         5147    i.UART_EndRxTransfer  stm32f1xx_hal_uart.o
    0x0800af46   0x0800af46   0x000000c2   Code   RO         5149    i.UART_Receive_IT   stm32f1xx_hal_uart.o
    0x0800b008   0x0800b008   0x000000b8   Code   RO         5150    i.UART_SetConfig    stm32f1xx_hal_uart.o
    0x0800b0c0   0x0800b0c0   0x00000036   Code   RO         5152    i.UART_Start_Receive_IT  stm32f1xx_hal_uart.o
    0x0800b0f6   0x0800b0f6   0x00000072   Code   RO         5153    i.UART_WaitOnFlagUntilTimeout  stm32f1xx_hal_uart.o
    0x0800b168   0x0800b168   0x0000000c   Code   RO          645    i.USART2_IRQHandler  stm32f1xx_it.o
    0x0800b174   0x0800b174   0x0000000c   Code   RO          646    i.USART3_IRQHandler  stm32f1xx_it.o
    0x0800b180   0x0800b180   0x0000000c   Code   RO          647    i.USB_LP_CAN1_RX0_IRQHandler  stm32f1xx_it.o
    0x0800b18c   0x0800b18c   0x00000002   Code   RO          648    i.UsageFault_Handler  stm32f1xx_it.o
    0x0800b18e   0x0800b18e   0x00000028   Code   RO         8988    i.__ARM_fpclassify  m_ws.l(fpclassify.o)
    0x0800b1b6   0x0800b1b6   0x00000020   Code   RO         3634    i.__NVIC_SetPriority  stm32f1xx_hal_cortex.o
    0x0800b1d6   0x0800b1d6   0x0000000e   Code   RO         8718    i._is_digit         c_w.l(__printf_wp.o)
    0x0800b1e4   0x0800b1e4   0x00000074   Code   RO         1786    i.bmi270_init       bmi270.o
    0x0800b258   0x0800b258   0x00000024   Code   RO         1789    i.bmi270_read_id    bmi270.o
    0x0800b27c   0x0800b27c   0x00000036   Code   RO          870    i.bmi2_extract_input_feat_config  bmi2.o
    0x0800b2b2   0x0800b2b2   0x000000a0   Code   RO          877    i.bmi2_get_feat_config  bmi2.o
    0x0800b352   0x0800b352   0x00000084   Code   RO          878    i.bmi2_get_feature_data  bmi2.o
    0x0800b3d6   0x0800b3d6   0x00000040   Code   RO          885    i.bmi2_get_gyro_cross_sense  bmi2.o
    0x0800b416   0x0800b416   0x00000030   Code   RO          893    i.bmi2_get_internal_status  bmi2.o
    0x0800b446   0x0800b446   0x0000007e   Code   RO          894    i.bmi2_get_regs     bmi2.o
    0x0800b4c4   0x0800b4c4   0x00000114   Code   RO          897    i.bmi2_get_sensor_config  bmi2.o
    0x0800b5d8   0x0800b5d8   0x00000026   Code   RO          902    i.bmi2_get_status   bmi2.o
    0x0800b5fe   0x0800b5fe   0x00000076   Code   RO          904    i.bmi2_map_data_int  bmi2.o
    0x0800b674   0x0800b674   0x00000078   Code   RO          914    i.bmi2_sec_init     bmi2.o
    0x0800b6ec   0x0800b6ec   0x00000038   Code   RO          916    i.bmi2_sensor_enable  bmi2.o
    0x0800b724   0x0800b724   0x00000054   Code   RO          918    i.bmi2_set_adv_power_save  bmi2.o
    0x0800b778   0x0800b778   0x0000009c   Code   RO          934    i.bmi2_set_regs     bmi2.o
    0x0800b814   0x0800b814   0x000000a6   Code   RO          936    i.bmi2_set_sensor_config  bmi2.o
    0x0800b8ba   0x0800b8ba   0x00000060   Code   RO          940    i.bmi2_soft_reset   bmi2.o
    0x0800b91a   0x0800b91a   0x00000060   Code   RO          942    i.bmi2_write_config_file  bmi2.o
    0x0800b97a   0x0800b97a   0x00000010   Code   RO         1794    i.bmi_delayUs       bmi270.o
    0x0800b98a   0x0800b98a   0x00000002   PAD
    0x0800b98c   0x0800b98c   0x00000034   Code   RO         2520    i.calculate_checksum  sq10.o
    0x0800b9c0   0x0800b9c0   0x0000003e   Code   RO          945    i.cfg_error_status  bmi2.o
    0x0800b9fe   0x0800b9fe   0x00000030   Code   RO          946    i.check_boundary_val  bmi2.o
    0x0800ba2e   0x0800ba2e   0x000000dc   Code   RO          950    i.config_aux_interface  bmi2.o
    0x0800bb0a   0x0800bb0a   0x00000036   Code   RO          960    i.extract_output_feat_config  bmi2.o
    0x0800bb40   0x0800bb40   0x00000010   Code   RO         2188    i.fmc_lock          flash.o
    0x0800bb50   0x0800bb50   0x00000064   Code   RO         2189    i.fmc_page_erase    flash.o
    0x0800bbb4   0x0800bbb4   0x00000010   Code   RO         2190    i.fmc_set_ws        flash.o
    0x0800bbc4   0x0800bbc4   0x00000040   Code   RO         2191    i.fmc_unlock        flash.o
    0x0800bc04   0x0800bc04   0x00000020   Code   RO         2192    i.fmc_wait_ready    flash.o
    0x0800bc24   0x0800bc24   0x00000090   Code   RO         2193    i.fmc_word_program  flash.o
    0x0800bcb4   0x0800bcb4   0x00000018   Code   RO          569    i.fputc             usart.o
    0x0800bccc   0x0800bccc   0x0000004e   Code   RO          962    i.get_accel_config  bmi2.o
    0x0800bd1a   0x0800bd1a   0x0000005a   Code   RO          963    i.get_aux_interface_config  bmi2.o
    0x0800bd74   0x0800bd74   0x0000005e   Code   RO          965    i.get_gyro_config   bmi2.o
    0x0800bdd2   0x0800bdd2   0x00000072   Code   RO          966    i.get_gyro_cross_sense  bmi2.o
    0x0800be44   0x0800be44   0x0000008a   Code   RO          967    i.get_gyro_gain_update_config  bmi2.o
    0x0800bece   0x0800bece   0x00000068   Code   RO          968    i.get_gyro_gain_update_status  bmi2.o
    0x0800bf36   0x0800bf36   0x00000002   PAD
    0x0800bf38   0x0800bf38   0x00000034   Code   RO          649    i.hard_fault_handler_c  stm32f1xx_it.o
    0x0800bf6c   0x0800bf6c   0x0000004c   Code   RO         2290    i.hg25q256mw_read_id  hg25q256.o
    0x0800bfb8   0x0800bfb8   0x0000000c   Code   RO         8115    i.inHandlerMode     cmsis_os.o
    0x0800bfc4   0x0800bfc4   0x000001e8   Code   RO           23    i.main              main.o
    0x0800c1ac   0x0800c1ac   0x0000000c   Code   RO         8117    i.makeFreeRtosPriority  cmsis_os.o
    0x0800c1b8   0x0800c1b8   0x00000018   Code   RO          976    i.null_ptr_check    bmi2.o
    0x0800c1d0   0x0800c1d0   0x00000018   Code   RO         1810    i.null_ptr_check    bmi270.o
    0x0800c1e8   0x0800c1e8   0x0000000e   Code   RO         8119    i.osDelay           cmsis_os.o
    0x0800c1f6   0x0800c1f6   0x0000000a   Code   RO         8122    i.osKernelStart     cmsis_os.o
    0x0800c200   0x0800c200   0x00000026   Code   RO         8131    i.osMessageCreate   cmsis_os.o
    0x0800c226   0x0800c226   0x00000010   Code   RO         8137    i.osMutexCreate     cmsis_os.o
    0x0800c236   0x0800c236   0x00000002   PAD
    0x0800c238   0x0800c238   0x00000050   Code   RO         8139    i.osMutexRelease    cmsis_os.o
    0x0800c288   0x0800c288   0x00000064   Code   RO         8140    i.osMutexWait       cmsis_os.o
    0x0800c2ec   0x0800c2ec   0x00000054   Code   RO         8156    i.osThreadCreate    cmsis_os.o
    0x0800c340   0x0800c340   0x00000158   Code   RO         2196    i.ota_flash_write   flash.o
    0x0800c498   0x0800c498   0x000003b0   Code   RO         2527    i.parse_servo_response  sq10.o
    0x0800c848   0x0800c848   0x00000070   Code   RO         7598    i.prvAddCurrentTaskToDelayedList  tasks.o
    0x0800c8b8   0x0800c8b8   0x000000d0   Code   RO         7599    i.prvAddNewTaskToReadyList  tasks.o
    0x0800c988   0x0800c988   0x00000058   Code   RO         7959    i.prvCheckForValidListAndQueue  timers.o
    0x0800c9e0   0x0800c9e0   0x00000026   Code   RO         7231    i.prvCopyDataFromQueue  queue.o
    0x0800ca06   0x0800ca06   0x0000006c   Code   RO         7232    i.prvCopyDataToQueue  queue.o
    0x0800ca72   0x0800ca72   0x00000034   Code   RO         7600    i.prvDeleteTCB      tasks.o
    0x0800caa6   0x0800caa6   0x00000002   PAD
    0x0800caa8   0x0800caa8   0x0000004c   Code   RO         8503    i.prvHeapInit       heap_4.o
    0x0800caf4   0x0800caf4   0x00000060   Code   RO         7601    i.prvIdleTask       tasks.o
    0x0800cb54   0x0800cb54   0x00000016   Code   RO         7233    i.prvInitialiseMutex  queue.o
    0x0800cb6a   0x0800cb6a   0x00000016   Code   RO         7234    i.prvInitialiseNewQueue  queue.o
    0x0800cb80   0x0800cb80   0x000000b2   Code   RO         7602    i.prvInitialiseNewTask  tasks.o
    0x0800cc32   0x0800cc32   0x00000002   PAD
    0x0800cc34   0x0800cc34   0x0000004c   Code   RO         8504    i.prvInsertBlockIntoFreeList  heap_4.o
    0x0800cc80   0x0800cc80   0x00000038   Code   RO         7961    i.prvInsertTimerInActiveList  timers.o
    0x0800ccb8   0x0800ccb8   0x0000001c   Code   RO         7235    i.prvIsQueueEmpty   queue.o
    0x0800ccd4   0x0800ccd4   0x000000fc   Code   RO         7962    i.prvProcessReceivedCommands  timers.o
    0x0800cdd0   0x0800cdd0   0x000000c0   Code   RO         7963    i.prvProcessTimerOrBlockTask  timers.o
    0x0800ce90   0x0800ce90   0x00000020   Code   RO         7603    i.prvResetNextTaskUnblockTime  tasks.o
    0x0800ceb0   0x0800ceb0   0x00000028   Code   RO         7964    i.prvSampleTimeNow  timers.o
    0x0800ced8   0x0800ced8   0x0000006c   Code   RO         7965    i.prvSwitchTimerLists  timers.o
    0x0800cf44   0x0800cf44   0x00000028   Code   RO         8563    i.prvTaskExitError  port.o
    0x0800cf6c   0x0800cf6c   0x00000024   Code   RO         7966    i.prvTimerTask      timers.o
    0x0800cf90   0x0800cf90   0x0000006a   Code   RO         7236    i.prvUnlockQueue    queue.o
    0x0800cffa   0x0800cffa   0x00000002   PAD
    0x0800cffc   0x0800cffc   0x000000dc   Code   RO         8505    i.pvPortMalloc      heap_4.o
    0x0800d0d8   0x0800d0d8   0x00000018   Code   RO         7605    i.pvTaskIncrementMutexHeldCount  tasks.o
    0x0800d0f0   0x0800d0f0   0x00000024   Code   RO         8564    i.pxPortInitialiseStack  port.o
    0x0800d114   0x0800d114   0x0000000c   Code   RO         2197    i.read_start_mode   flash.o
    0x0800d120   0x0800d120   0x0000004c   Code   RO          990    i.select_sensor     bmi2.o
    0x0800d16c   0x0800d16c   0x0000007c   Code   RO          993    i.sensor_enable     bmi2.o
    0x0800d1e8   0x0800d1e8   0x00000098   Code   RO          994    i.set_accel_config  bmi2.o
    0x0800d280   0x0800d280   0x00000090   Code   RO          995    i.set_aux_config    bmi2.o
    0x0800d310   0x0800d310   0x00000036   Code   RO          996    i.set_config_load   bmi2.o
    0x0800d346   0x0800d346   0x000000ac   Code   RO          997    i.set_gyro_config   bmi2.o
    0x0800d3f2   0x0800d3f2   0x000000a2   Code   RO          998    i.set_gyro_user_gain_config  bmi2.o
    0x0800d494   0x0800d494   0x0000001c   Code   RO         2291    i.spi2_Receive_one_byte  hg25q256.o
    0x0800d4b0   0x0800d4b0   0x00000018   Code   RO         2292    i.spi2_Transmit_one_byte  hg25q256.o
    0x0800d4c8   0x0800d4c8   0x00000048   Code   RO           27    i.uart1_print       main.o
    0x0800d510   0x0800d510   0x00000040   Code   RO         1015    i.upload_file       bmi2.o
    0x0800d550   0x0800d550   0x00000028   Code   RO         1830    i.user_i2c_read     bmi270.o
    0x0800d578   0x0800d578   0x00000028   Code   RO         1831    i.user_i2c_write    bmi270.o
    0x0800d5a0   0x0800d5a0   0x00000026   Code   RO         7191    i.uxListRemove      list.o
    0x0800d5c6   0x0800d5c6   0x00000002   PAD
    0x0800d5c8   0x0800d5c8   0x00000018   Code   RO          446    i.vApplicationGetIdleTaskMemory  freertos.o
    0x0800d5e0   0x0800d5e0   0x00000018   Code   RO         8173    i.vApplicationGetTimerTaskMemory  cmsis_os.o
    0x0800d5f8   0x0800d5f8   0x00000068   Code   RO          447    i.vApplicationStackOverflowHook  freertos.o
    0x0800d660   0x0800d660   0x00000016   Code   RO         7192    i.vListInitialise   list.o
    0x0800d676   0x0800d676   0x00000006   Code   RO         7193    i.vListInitialiseItem  list.o
    0x0800d67c   0x0800d67c   0x00000030   Code   RO         7194    i.vListInsert       list.o
    0x0800d6ac   0x0800d6ac   0x00000018   Code   RO         7195    i.vListInsertEnd    list.o
    0x0800d6c4   0x0800d6c4   0x00000040   Code   RO         8566    i.vPortEnterCritical  port.o
    0x0800d704   0x0800d704   0x00000028   Code   RO         8567    i.vPortExitCritical  port.o
    0x0800d72c   0x0800d72c   0x00000064   Code   RO         8506    i.vPortFree         heap_4.o
    0x0800d790   0x0800d790   0x00000024   Code   RO         8568    i.vPortSetupTimerInterrupt  port.o
    0x0800d7b4   0x0800d7b4   0x00000054   Code   RO         8569    i.vPortValidateInterruptPriority  port.o
    0x0800d808   0x0800d808   0x00000028   Code   RO         7240    i.vQueueAddToRegistry  queue.o
    0x0800d830   0x0800d830   0x00000044   Code   RO         7243    i.vQueueWaitForMessageRestricted  queue.o
    0x0800d874   0x0800d874   0x0000004c   Code   RO         7613    i.vTaskDelay        tasks.o
    0x0800d8c0   0x0800d8c0   0x0000008c   Code   RO         7614    i.vTaskDelayUntil   tasks.o
    0x0800d94c   0x0800d94c   0x00000010   Code   RO         7617    i.vTaskInternalSetTimeOutState  tasks.o
    0x0800d95c   0x0800d95c   0x0000000c   Code   RO         7618    i.vTaskMissedYield  tasks.o
    0x0800d968   0x0800d968   0x00000030   Code   RO         7620    i.vTaskPlaceOnEventList  tasks.o
    0x0800d998   0x0800d998   0x00000038   Code   RO         7621    i.vTaskPlaceOnEventListRestricted  tasks.o
    0x0800d9d0   0x0800d9d0   0x000000a0   Code   RO         7623    i.vTaskPriorityDisinheritAfterTimeout  tasks.o
    0x0800da70   0x0800da70   0x00000088   Code   RO         7629    i.vTaskStartScheduler  tasks.o
    0x0800daf8   0x0800daf8   0x00000010   Code   RO         7631    i.vTaskSuspendAll   tasks.o
    0x0800db08   0x0800db08   0x00000088   Code   RO         7632    i.vTaskSwitchContext  tasks.o
    0x0800db90   0x0800db90   0x000000ba   Code   RO         1020    i.write_config_file  bmi2.o
    0x0800dc4a   0x0800dc4a   0x00000002   PAD
    0x0800dc4c   0x0800dc4c   0x00000048   Code   RO         2198    i.write_start_mode  flash.o
    0x0800dc94   0x0800dc94   0x000000a8   Code   RO         8570    i.xPortStartScheduler  port.o
    0x0800dd3c   0x0800dd3c   0x00000016   Code   RO         7246    i.xQueueCreateMutex  queue.o
    0x0800dd52   0x0800dd52   0x0000001a   Code   RO         7247    i.xQueueCreateMutexStatic  queue.o
    0x0800dd6c   0x0800dd6c   0x00000042   Code   RO         7248    i.xQueueGenericCreate  queue.o
    0x0800ddae   0x0800ddae   0x00000066   Code   RO         7249    i.xQueueGenericCreateStatic  queue.o
    0x0800de14   0x0800de14   0x00000088   Code   RO         7250    i.xQueueGenericReset  queue.o
    0x0800de9c   0x0800de9c   0x00000160   Code   RO         7251    i.xQueueGenericSend  queue.o
    0x0800dffc   0x0800dffc   0x000000be   Code   RO         7252    i.xQueueGenericSendFromISR  queue.o
    0x0800e0ba   0x0800e0ba   0x0000009c   Code   RO         7255    i.xQueueGiveFromISR  queue.o
    0x0800e156   0x0800e156   0x00000002   PAD
    0x0800e158   0x0800e158   0x00000138   Code   RO         7261    i.xQueueReceive     queue.o
    0x0800e290   0x0800e290   0x0000009a   Code   RO         7262    i.xQueueReceiveFromISR  queue.o
    0x0800e32a   0x0800e32a   0x00000002   PAD
    0x0800e32c   0x0800e32c   0x00000178   Code   RO         7263    i.xQueueSemaphoreTake  queue.o
    0x0800e4a4   0x0800e4a4   0x00000074   Code   RO         7635    i.xTaskCheckForTimeOut  tasks.o
    0x0800e518   0x0800e518   0x0000005a   Code   RO         7636    i.xTaskCreate       tasks.o
    0x0800e572   0x0800e572   0x00000056   Code   RO         7637    i.xTaskCreateStatic  tasks.o
    0x0800e5c8   0x0800e5c8   0x0000001c   Code   RO         7644    i.xTaskGetSchedulerState  tasks.o
    0x0800e5e4   0x0800e5e4   0x0000000c   Code   RO         7645    i.xTaskGetTickCount  tasks.o
    0x0800e5f0   0x0800e5f0   0x000000cc   Code   RO         7647    i.xTaskIncrementTick  tasks.o
    0x0800e6bc   0x0800e6bc   0x00000098   Code   RO         7650    i.xTaskPriorityDisinherit  tasks.o
    0x0800e754   0x0800e754   0x0000008c   Code   RO         7651    i.xTaskPriorityInherit  tasks.o
    0x0800e7e0   0x0800e7e0   0x00000074   Code   RO         7652    i.xTaskRemoveFromEventList  tasks.o
    0x0800e854   0x0800e854   0x000000c4   Code   RO         7653    i.xTaskResumeAll    tasks.o
    0x0800e918   0x0800e918   0x00000060   Code   RO         7973    i.xTimerCreateTimerTask  timers.o
    0x0800e978   0x0800e978   0x00000068   Code   RO         7974    i.xTimerGenericCommand  timers.o
    0x0800e9e0   0x0800e9e0   0x00000012   Code   RO         2080    i.xor_checksum      can.o
    0x0800e9f2   0x0800e9f2   0x00000002   PAD
    0x0800e9f4   0x0800e9f4   0x0000002c   Code   RO         8893    locale$$code        c_w.l(lc_ctype_c.o)
    0x0800ea20   0x0800ea20   0x0000002c   Code   RO         8927    locale$$code        c_w.l(lc_numeric_c.o)
    0x0800ea4c   0x0800ea4c   0x00000004   Code   RO         8841    x$fpl$printf1       fz_ws.l(printf1.o)
    0x0800ea50   0x0800ea50   0x00000004   Code   RO         8843    x$fpl$printf2       fz_ws.l(printf2.o)
    0x0800ea54   0x0800ea54   0x00000000   Code   RO         8849    x$fpl$usenofp       fz_ws.l(usenofp.o)
    0x0800ea54   0x0800ea54   0x00000046   Data   RO          450    .constdata          freertos.o
    0x0800ea9a   0x0800ea9a   0x00000002   PAD
    0x0800ea9c   0x0800ea9c   0x00000006   Data   RO         1022    .constdata          bmi2.o
    0x0800eaa2   0x0800eaa2   0x00000002   PAD
    0x0800eaa4   0x0800eaa4   0x00002080   Data   RO         1834    .constdata          bmi270.o
    0x08010b24   0x08010b24   0x00000012   Data   RO         3332    .constdata          stm32f1xx_hal_rcc.o
    0x08010b36   0x08010b36   0x00000010   Data   RO         7050    .constdata          system_stm32f1xx_1.o
    0x08010b46   0x08010b46   0x00000008   Data   RO         7051    .constdata          system_stm32f1xx_1.o
    0x08010b4e   0x08010b4e   0x00000028   Data   RO         8706    .constdata          c_w.l(_printf_hex_int_ll_ptr.o)
    0x08010b76   0x08010b76   0x00000011   Data   RO         8726    .constdata          c_w.l(__printf_flags_ss_wp.o)
    0x08010b87   0x08010b87   0x00000001   PAD
    0x08010b88   0x08010b88   0x00000008   Data   RO         8804    .constdata          c_w.l(_printf_wctomb.o)
    0x08010b90   0x08010b90   0x00000026   Data   RO         8878    .constdata          c_w.l(_printf_fp_hex.o)
    0x08010bb6   0x08010bb6   0x00000002   PAD
    0x08010bb8   0x08010bb8   0x00000094   Data   RO         8902    .constdata          c_w.l(bigflt0.o)
    0x08010c4c   0x08010c4c   0x00000008   Data   RO          452    .conststring        freertos.o
    0x08010c54   0x08010c54   0x00000020   Data   RO         9071    Region$$Table       anon$$obj.o
    0x08010c74   0x08010c74   0x00000110   Data   RO         8892    locale$$data        c_w.l(lc_ctype_c.o)
    0x08010d84   0x08010d84   0x0000001c   Data   RO         8926    locale$$data        c_w.l(lc_numeric_c.o)


    Execution Region RW_IRAM1 (Exec base: 0x20000000, Load base: 0x08010da0, Size: 0x00003858, Max: 0x0000c000, ABSOLUTE, COMPRESSED[0x0000004c])

    Exec Addr    Load Addr    Size         Type   Attr      Idx    E Section Name        Object

    0x20000000   COMPRESSED   0x00000014   Data   RW           31    .data               main.o
    0x20000014   COMPRESSED   0x00000004   Data   RW           41    .data               main.o
    0x20000018   COMPRESSED   0x00000004   Data   RW           43    .data               main.o
    0x2000001c   COMPRESSED   0x0000001c   Data   RW          453    .data               freertos.o
    0x20000038   COMPRESSED   0x00000004   Data   RW          571    .data               usart.o
    0x2000003c   COMPRESSED   0x00000010   Data   RW         1835    .data               bmi270.o
    0x2000004c   COMPRESSED   0x00000001   Data   RW         2296    .data               hg25q256.o
    0x2000004d   COMPRESSED   0x00000001   Data   RW         2297    .data               hg25q256.o
    0x2000004e   COMPRESSED   0x00000002   PAD
    0x20000050   COMPRESSED   0x000000c8   Data   RW         2553    .data               sq10.o
    0x20000118   COMPRESSED   0x00000006   Data   RW         2557    .data               sq10.o
    0x2000011e   COMPRESSED   0x00000002   PAD
    0x20000120   COMPRESSED   0x00000008   Data   RW         2984    .data               log.o
    0x20000128   COMPRESSED   0x00000001   Data   RW         2985    .data               log.o
    0x20000129   COMPRESSED   0x00000003   PAD
    0x2000012c   COMPRESSED   0x0000000c   Data   RW         3169    .data               stm32f1xx_hal.o
    0x20000138   COMPRESSED   0x00000004   Data   RW         7052    .data               system_stm32f1xx_1.o
    0x2000013c   COMPRESSED   0x0000003c   Data   RW         7656    .data               tasks.o
    0x20000178   COMPRESSED   0x00000014   Data   RW         7982    .data               timers.o
    0x2000018c   COMPRESSED   0x00000020   Data   RW         8512    .data               heap_4.o
    0x200001ac   COMPRESSED   0x0000000c   Data   RW         8571    .data               port.o
    0x200001b8        -       0x00000048   Zero   RW           28    .bss                main.o
    0x20000200        -       0x00000458   Zero   RW          449    .bss                freertos.o
    0x20000658        -       0x00000164   Zero   RW          570    .bss                usart.o
    0x200007bc        -       0x00000048   Zero   RW          775    .bss                stm32f1xx_hal_timebase_tim.o
    0x20000804        -       0x00000030   Zero   RW          819    .bss                adc.o
    0x20000834   COMPRESSED   0x00000004   PAD
    0x20000838        -       0x00000068   Zero   RW         1833    .bss                bmi270.o
    0x200008a0        -       0x0000005c   Zero   RW         2082    .bss                can.o
    0x200008fc        -       0x00000054   Zero   RW         2415    .bss                i2c.o
    0x20000950        -       0x0000017c   Zero   RW         2472    .bss                spi.o
    0x20000acc        -       0x00000090   Zero   RW         2933    .bss                tim.o
    0x20000b5c        -       0x00000040   Zero   RW         7265    .bss                queue.o
    0x20000b9c        -       0x000000f0   Zero   RW         7655    .bss                tasks.o
    0x20000c8c        -       0x00000110   Zero   RW         7981    .bss                timers.o
    0x20000d9c        -       0x00000458   Zero   RW         8174    .bss                cmsis_os.o
    0x200011f4        -       0x00002000   Zero   RW         8511    .bss                heap_4.o
    0x200031f4        -       0x00000060   Zero   RW         8851    .bss                c_w.l(libspace.o)
    0x20003254   COMPRESSED   0x00000004   PAD
    0x20003258        -       0x00000200   Zero   RW            2    HEAP                startup_stm32f103xe.o
    0x20003458        -       0x00000400   Zero   RW            1    STACK               startup_stm32f103xe.o


==============================================================================

Image component sizes


      Code (inc. data)   RO Data    RW Data    ZI Data      Debug   Object Name

       168         22          0          0         48       1485   adc.o
      3950          6          6          0          0      35394   bmi2.o
       436         52       8320         16        104       9373   bmi270.o
       634         92          0          0         92       5301   can.o
       390         16          0          0       1112      31879   cmsis_os.o
        76          4          0          0          0        690   dma.o
         0          0          0          0          0      19632   event_groups.o
       800        274          0          0          0       7047   flash.o
      1184        270         78         28       1112       5654   freertos.o
       324         22          0          0          0       1491   gpio.o
       472         24          0         32       8192       4579   heap_4.o
       578         52          0          2          0       7014   hg25q256.o
       160         28          0          0         84       1469   i2c.o
       138          0          0          0          0       3210   list.o
       316         18          0          9          0       3490   log.o
      1478        482          0         28         72     614007   main.o
       674         74          0         12          0      10725   port.o
      2324         24          0          0         64      23617   queue.o
       464         48          0          0        380       2361   spi.o
      1212        636          0        206          0       5427   sq10.o
        80         26        304          0       1536        784   startup_stm32f103xe.o
       100         18          0         12          0       5626   stm32f1xx_hal.o
       626         28          0          0          0       3228   stm32f1xx_hal_adc.o
      1742          0          0          0          0      14518   stm32f1xx_hal_can.o
       194         24          0          0          0      28581   stm32f1xx_hal_cortex.o
      1236         52          0          0          0       4902   stm32f1xx_hal_dma.o
       540         48          0          0          0       3860   stm32f1xx_hal_gpio.o
      2382         56          0          0          0      12646   stm32f1xx_hal_i2c.o
        60          8          0          0          0        782   stm32f1xx_hal_msp.o
      1304         94         18          0          0       5517   stm32f1xx_hal_rcc.o
       236         12          0          0          0       1324   stm32f1xx_hal_rcc_ex.o
      2774         50          0          0          0      17057   stm32f1xx_hal_spi.o
       666         42          0          0          0       6409   stm32f1xx_hal_tim.o
       128         20          0          0          0       2277   stm32f1xx_hal_tim_ex.o
       152         20          0          0         72       1379   stm32f1xx_hal_timebase_tim.o
      1552         10          0          0          0      10042   stm32f1xx_hal_uart.o
       164         52          0          0          0       6350   stm32f1xx_it.o
         0          0          0          0          0        392   stream_buffer.o
        16          8         24          4          0       1107   system_stm32f1xx_1.o
      2638        192          0         60        240      28931   tasks.o
      1438         22          0          0          0       4602   tft.o
       248         30          0          0        144       2003   tim.o
       972         80          0         20        272      29175   timers.o
       748         82          0          4        356       5373   usart.o

    ----------------------------------------------------------------------
     35834       3118       8786        440      13884     990710   Object Totals
         0          0         32          0          0          0   (incl. Generated)
        60          0          4          7          4          0   (incl. Padding)

    ----------------------------------------------------------------------

      Code (inc. data)   RO Data    RW Data    ZI Data      Debug   Library Member Name

        24          4          0          0          0         84   __2printf.o
        90          0          0          0          0          0   __dczerorl2.o
         8          0          0          0          0         68   __main.o
       392          4         17          0          0         92   __printf_flags_ss_wp.o
        14          0          0          0          0         68   __printf_wp.o
         0          0          0          0          0          0   __rtentry.o
        12          0          0          0          0          0   __rtentry2.o
         6          0          0          0          0          0   __rtentry4.o
        52          8          0          0          0          0   __scatter.o
        28          0          0          0          0          0   __scatter_zi.o
         6          0          0          0          0          0   _printf_a.o
         6          0          0          0          0          0   _printf_c.o
        44          0          0          0          0        108   _printf_char.o
        48          6          0          0          0         96   _printf_char_common.o
        36          4          0          0          0         80   _printf_char_file.o
        40          0          0          0          0         68   _printf_charcount.o
         6          0          0          0          0          0   _printf_d.o
       120         16          0          0          0         92   _printf_dec.o
         6          0          0          0          0          0   _printf_e.o
         6          0          0          0          0          0   _printf_f.o
      1054          0          0          0          0        216   _printf_fp_dec.o
       764          8         38          0          0        100   _printf_fp_hex.o
       128         16          0          0          0         84   _printf_fp_infnan.o
         6          0          0          0          0          0   _printf_g.o
       148          4         40          0          0        160   _printf_hex_int_ll_ptr.o
         6          0          0          0          0          0   _printf_i.o
       178          0          0          0          0         88   _printf_intcommon.o
        10          0          0          0          0          0   _printf_l.o
         6          0          0          0          0          0   _printf_lc.o
        10          0          0          0          0          0   _printf_ll.o
         6          0          0          0          0          0   _printf_lld.o
         6          0          0          0          0          0   _printf_lli.o
         6          0          0          0          0          0   _printf_llo.o
         6          0          0          0          0          0   _printf_llu.o
         6          0          0          0          0          0   _printf_llx.o
       124         16          0          0          0         92   _printf_longlong_dec.o
         6          0          0          0          0          0   _printf_ls.o
         6          0          0          0          0          0   _printf_n.o
         6          0          0          0          0          0   _printf_o.o
       112         10          0          0          0        124   _printf_oct_int_ll.o
         6          0          0          0          0          0   _printf_p.o
        78          0          0          0          0        108   _printf_pad.o
         0          0          0          0          0          0   _printf_percent.o
         4          0          0          0          0          0   _printf_percent_end.o
         6          0          0          0          0          0   _printf_s.o
        82          0          0          0          0         80   _printf_str.o
        36          0          0          0          0         84   _printf_truncate.o
         6          0          0          0          0          0   _printf_u.o
        44          0          0          0          0        108   _printf_wchar.o
       188          6          8          0          0         92   _printf_wctomb.o
         6          0          0          0          0          0   _printf_x.o
        16          0          0          0          0         68   _snputc.o
        10          0          0          0          0         68   _sputc.o
        64          0          0          0          0         92   _wcrtomb.o
        16          0          0          0          0         68   aeabi_memset.o
       228          4        148          0          0         96   bigflt0.o
      1936        128          0          0          0        672   btod.o
        18          0          0          0          0         80   exit.o
         8          0          0          0          0         68   ferror.o
         6          0          0          0          0        152   heapauxi.o
         0          0          0          0          0          0   indicate_semi.o
        44         10        272          0          0         76   lc_ctype_c.o
        44         10         28          0          0         76   lc_numeric_c.o
         2          0          0          0          0          0   libinit.o
        30          0          0          0          0          0   libinit2.o
         2          0          0          0          0          0   libshutdown.o
         2          0          0          0          0          0   libshutdown2.o
         8          4          0          0         96         68   libspace.o
       138          0          0          0          0         80   lludiv10.o
        88          0          0          0          0         76   memcmp.o
        16          4          0          0          0         76   rt_ctype_table.o
         8          4          0          0          0         68   rt_locale_intlibspace.o
        68          0          0          0          0         68   rt_memclr.o
        78          0          0          0          0         80   rt_memclr_w.o
       138          0          0          0          0         68   rt_memcpy_v6.o
       100          0          0          0          0         80   rt_memcpy_w.o
         2          0          0          0          0          0   rtexit.o
        10          0          0          0          0          0   rtexit2.o
       128          0          0          0          0         68   strcmpv7m.o
        62          0          0          0          0         76   strlen.o
        12          4          0          0          0         68   sys_exit.o
        74          0          0          0          0         80   sys_stackheap_outer.o
         2          0          0          0          0         68   use_no_semi.o
        52          4          0          0          0         80   vsnprintf.o
         4          0          0          0          0         68   printf1.o
         4          0          0          0          0         68   printf2.o
         0          0          0          0          0          0   usenofp.o
        40          0          0          0          0         68   fpclassify.o

    ----------------------------------------------------------------------
      7466        274        554          0        100       4916   Library Totals
        14          0          3          0          4          0   (incl. Padding)

    ----------------------------------------------------------------------

      Code (inc. data)   RO Data    RW Data    ZI Data      Debug   Library Name

      7404        274        551          0         96       4712   c_w.l
         8          0          0          0          0        136   fz_ws.l
        40          0          0          0          0         68   m_ws.l

    ----------------------------------------------------------------------
      7466        274        554          0        100       4916   Library Totals

    ----------------------------------------------------------------------

==============================================================================


      Code (inc. data)   RO Data    RW Data    ZI Data      Debug   

     43300       3392       9340        440      13984     976330   Grand Totals
     43300       3392       9340         76      13984     976330   ELF Image Totals (compressed)
     43300       3392       9340         76          0          0   ROM Totals

==============================================================================

    Total RO  Size (Code + RO Data)                52640 (  51.41kB)
    Total RW  Size (RW Data + ZI Data)             14424 (  14.09kB)
    Total ROM Size (Code + RO Data + RW Data)      52716 (  51.48kB)

==============================================================================

